ili9488.c:289:6:SendByte	16	static
ili9488.c:295:6:ILI9488_SendCommand	24	static
ili9488.c:315:6:ILI9488_SendData	24	static
ili9488.c:335:6:ILI9488_SendData_Multi	24	static
ili9488.c:356:6:WaitLastData	4	static
ili9488.c:381:6:ILI9488_Init	8	static
ili9488.c:493:6:setAddrWindow	32	static
ili9488.c:519:6:setScrollArea	16	static
ili9488.c:530:6:scroll	16	static
ili9488.c:536:6:pushColor	16	static
ili9488.c:545:6:pushColors	40	dynamic
ili9488.c:570:6:drawImage	56	dynamic
ili9488.c:610:6:drawPixel	16	static
ili9488.c:624:6:drawPixelSize	24	static
ili9488.c:638:6:drawFastVLine	24	static
ili9488.c:658:6:drawFastHLine	24	static
ili9488.c:675:6:drawLine	40	static
ili9488.c:693:6:writeLine	48	static
ili9488.c:734:6:fillScreen	24	static
ili9488.c:739:6:fillRect	56	dynamic
ili9488.c:795:6:setRotation	24	static
ili9488.c:825:6:invertDisplay	16	static
ili9488.c:831:10:color565	16	static
ili9488.c:837:6:drawChar	40	static
ili9488.c:886:6:drawCharTest	40	static
ili9488.c:936:6:ILI9488_printText	48	static
ili9488.c:946:6:testLines	56	static
ili9488.c:998:6:write16BitColor	24	static
