../Core/Src/main.c:80:5:main	32	static
../Core/Src/main.c:170:6:SystemClock_Config	96	static
../Core/Src/main.c:221:13:MX_I2C1_Init	8	static
../Core/Src/main.c:269:13:MX_I2C2_Init	8	static
../Core/Src/main.c:317:13:MX_SPI1_Init	8	static
../Core/Src/main.c:357:13:MX_SPI2_Init	8	static
../Core/Src/main.c:397:13:MX_SPI3_Init	8	static
../Core/Src/main.c:437:13:MX_USART2_UART_Init	8	static
../Core/Src/main.c:485:13:MX_USART3_UART_Init	8	static
../Core/Src/main.c:533:13:MX_GPIO_Init	56	static
../Core/Src/main.c:622:6:Error_Handler	4	static,ignoring_inline_asm
