../Core/Src/Pills.c:8:6:addNewEntry	56	static
../Core/Src/Pills.c:17:6:sortEntries	112	static
../Core/Src/Pills.c:39:9:compPillEntry	8	static
../Core/Src/Pills.c:56:9:update_next_pill_idx	24	static
../Core/Src/Pills.c:82:9:get_next_pill_idx	4	static
../Core/Src/Pills.c:89:9:updatelastTakenPill	8	static
../Core/Src/Pills.c:101:11:getPillInfo	24	static
../Core/Src/Pills.c:105:9:getNumPills	4	static
../Core/Src/Pills.c:109:6:clearPillList	16	static
../Core/Src/Pills.c:118:6:loadNewPillEntry	56	static
