../Core/Src/xbee.c:33:6:xbee_init	16	static
../Core/Src/xbee.c:38:6:systemInit	8	static
../Core/Src/xbee.c:49:7:xbeeGetHour	16	static
../Core/Src/xbee.c:61:7:xbeeGetMin	16	static
../Core/Src/xbee.c:69:7:xbeeGetYear	16	static
../Core/Src/xbee.c:77:7:xbeeGetDayOfWeek	16	static
../Core/Src/xbee.c:85:7:xbeeGetMonth	16	static
../Core/Src/xbee.c:94:7:xbeeGetSec	16	static
../Core/Src/xbee.c:103:7:xbeeGetDate	16	static
../Core/Src/xbee.c:112:6:xbeeUploadPills	4	static
../Core/Src/xbee.c:115:6:xbeeDownloadPills	4	static
