Archive member included to satisfy reference by file (symbol)

/Applications/STM32CubeIDE.app/Contents/Eclipse/plugins/com.st.stm32cube.ide.mcu.externaltools.gnu-tools-for-stm32.12.3.rel1.macos64_1.0.100.202403111906/tools/bin/../lib/gcc/arm-none-eabi/12.3.1/../../../../arm-none-eabi/lib/thumb/v7e-m+fp/hard/libc_nano.a(libc_a-exit.o)
                              /Applications/STM32CubeIDE.app/Contents/Eclipse/plugins/com.st.stm32cube.ide.mcu.externaltools.gnu-tools-for-stm32.12.3.rel1.macos64_1.0.100.202403111906/tools/bin/../lib/gcc/arm-none-eabi/12.3.1/../../../../arm-none-eabi/lib/thumb/v7e-m+fp/hard/crt0.o (exit)
/Applications/STM32CubeIDE.app/Contents/Eclipse/plugins/com.st.stm32cube.ide.mcu.externaltools.gnu-tools-for-stm32.12.3.rel1.macos64_1.0.100.202403111906/tools/bin/../lib/gcc/arm-none-eabi/12.3.1/../../../../arm-none-eabi/lib/thumb/v7e-m+fp/hard/libc_nano.a(libc_a-sprintf.o)
                              ./Core/Src/Screens.o (sprintf)
/Applications/STM32CubeIDE.app/Contents/Eclipse/plugins/com.st.stm32cube.ide.mcu.externaltools.gnu-tools-for-stm32.12.3.rel1.macos64_1.0.100.202403111906/tools/bin/../lib/gcc/arm-none-eabi/12.3.1/../../../../arm-none-eabi/lib/thumb/v7e-m+fp/hard/libc_nano.a(libc_a-findfp.o)
                              /Applications/STM32CubeIDE.app/Contents/Eclipse/plugins/com.st.stm32cube.ide.mcu.externaltools.gnu-tools-for-stm32.12.3.rel1.macos64_1.0.100.202403111906/tools/bin/../lib/gcc/arm-none-eabi/12.3.1/../../../../arm-none-eabi/lib/thumb/v7e-m+fp/hard/libc_nano.a(libc_a-exit.o) (__stdio_exit_handler)
/Applications/STM32CubeIDE.app/Contents/Eclipse/plugins/com.st.stm32cube.ide.mcu.externaltools.gnu-tools-for-stm32.12.3.rel1.macos64_1.0.100.202403111906/tools/bin/../lib/gcc/arm-none-eabi/12.3.1/../../../../arm-none-eabi/lib/thumb/v7e-m+fp/hard/libc_nano.a(libc_a-fwalk.o)
                              /Applications/STM32CubeIDE.app/Contents/Eclipse/plugins/com.st.stm32cube.ide.mcu.externaltools.gnu-tools-for-stm32.12.3.rel1.macos64_1.0.100.202403111906/tools/bin/../lib/gcc/arm-none-eabi/12.3.1/../../../../arm-none-eabi/lib/thumb/v7e-m+fp/hard/libc_nano.a(libc_a-findfp.o) (_fwalk_sglue)
/Applications/STM32CubeIDE.app/Contents/Eclipse/plugins/com.st.stm32cube.ide.mcu.externaltools.gnu-tools-for-stm32.12.3.rel1.macos64_1.0.100.202403111906/tools/bin/../lib/gcc/arm-none-eabi/12.3.1/../../../../arm-none-eabi/lib/thumb/v7e-m+fp/hard/libc_nano.a(libc_a-memset.o)
                              /Applications/STM32CubeIDE.app/Contents/Eclipse/plugins/com.st.stm32cube.ide.mcu.externaltools.gnu-tools-for-stm32.12.3.rel1.macos64_1.0.100.202403111906/tools/bin/../lib/gcc/arm-none-eabi/12.3.1/../../../../arm-none-eabi/lib/thumb/v7e-m+fp/hard/crt0.o (memset)
/Applications/STM32CubeIDE.app/Contents/Eclipse/plugins/com.st.stm32cube.ide.mcu.externaltools.gnu-tools-for-stm32.12.3.rel1.macos64_1.0.100.202403111906/tools/bin/../lib/gcc/arm-none-eabi/12.3.1/../../../../arm-none-eabi/lib/thumb/v7e-m+fp/hard/libc_nano.a(libc_a-impure.o)
                              /Applications/STM32CubeIDE.app/Contents/Eclipse/plugins/com.st.stm32cube.ide.mcu.externaltools.gnu-tools-for-stm32.12.3.rel1.macos64_1.0.100.202403111906/tools/bin/../lib/gcc/arm-none-eabi/12.3.1/../../../../arm-none-eabi/lib/thumb/v7e-m+fp/hard/libc_nano.a(libc_a-sprintf.o) (_impure_ptr)
/Applications/STM32CubeIDE.app/Contents/Eclipse/plugins/com.st.stm32cube.ide.mcu.externaltools.gnu-tools-for-stm32.12.3.rel1.macos64_1.0.100.202403111906/tools/bin/../lib/gcc/arm-none-eabi/12.3.1/../../../../arm-none-eabi/lib/thumb/v7e-m+fp/hard/libc_nano.a(libc_a-errno.o)
                              ./Core/Src/syscalls.o (__errno)
/Applications/STM32CubeIDE.app/Contents/Eclipse/plugins/com.st.stm32cube.ide.mcu.externaltools.gnu-tools-for-stm32.12.3.rel1.macos64_1.0.100.202403111906/tools/bin/../lib/gcc/arm-none-eabi/12.3.1/../../../../arm-none-eabi/lib/thumb/v7e-m+fp/hard/libc_nano.a(libc_a-init.o)
                              /Applications/STM32CubeIDE.app/Contents/Eclipse/plugins/com.st.stm32cube.ide.mcu.externaltools.gnu-tools-for-stm32.12.3.rel1.macos64_1.0.100.202403111906/tools/bin/../lib/gcc/arm-none-eabi/12.3.1/../../../../arm-none-eabi/lib/thumb/v7e-m+fp/hard/crt0.o (__libc_init_array)
/Applications/STM32CubeIDE.app/Contents/Eclipse/plugins/com.st.stm32cube.ide.mcu.externaltools.gnu-tools-for-stm32.12.3.rel1.macos64_1.0.100.202403111906/tools/bin/../lib/gcc/arm-none-eabi/12.3.1/../../../../arm-none-eabi/lib/thumb/v7e-m+fp/hard/libc_nano.a(libc_a-lock.o)
                              /Applications/STM32CubeIDE.app/Contents/Eclipse/plugins/com.st.stm32cube.ide.mcu.externaltools.gnu-tools-for-stm32.12.3.rel1.macos64_1.0.100.202403111906/tools/bin/../lib/gcc/arm-none-eabi/12.3.1/../../../../arm-none-eabi/lib/thumb/v7e-m+fp/hard/libc_nano.a(libc_a-findfp.o) (__retarget_lock_init_recursive)
[...]
Memory Configuration

Name             Origin             Length             Attributes
RAM              0x20000000         0x000a0000         xrw
RAM2             0x10000000         0x00010000         xrw
RAM3             0x20040000         0x00060000         xrw
FLASH            0x08000000         0x00200000         xr
*default*        0x00000000         0xffffffff

Linker script and memory map

LOAD /Applications/STM32CubeIDE.app/Contents/Eclipse/plugins/com.st.stm32cube.ide.mcu.externaltools.gnu-tools-for-stm32.12.3.rel1.macos64_1.0.100.202403111906/tools/bin/../lib/gcc/arm-none-eabi/12.3.1/thumb/v7e-m+fp/hard/crti.o
LOAD /Applications/STM32CubeIDE.app/Contents/Eclipse/plugins/com.st.stm32cube.ide.mcu.externaltools.gnu-tools-for-stm32.12.3.rel1.macos64_1.0.100.202403111906/tools/bin/../lib/gcc/arm-none-eabi/12.3.1/thumb/v7e-m+fp/hard/crtbegin.o
LOAD /Applications/STM32CubeIDE.app/Contents/Eclipse/plugins/com.st.stm32cube.ide.mcu.externaltools.gnu-tools-for-stm32.12.3.rel1.macos64_1.0.100.202403111906/tools/bin/../lib/gcc/arm-none-eabi/12.3.1/../../../../arm-none-eabi/lib/thumb/v7e-m+fp/hard/crt0.o
LOAD ./Core/Src/Pills.o
LOAD ./Core/Src/Screens.o
LOAD ./Core/Src/ds1307.o
LOAD ./Core/Src/ili9488.o
LOAD ./Core/Src/main.o
LOAD ./Core/Src/stm32l4xx_hal_msp.o
LOAD ./Core/Src/stm32l4xx_it.o
LOAD ./Core/Src/syscalls.o
LOAD ./Core/Src/sysmem.o
LOAD ./Core/Src/system_stm32l4xx.o
LOAD ./Core/Src/xbee.o
LOAD ./Core/Src/xpt2046.o
LOAD ./Core/Startup/startup_stm32l4r5zitxp.o
LOAD ./Drivers/STM32L4xx_HAL_Driver/Src/stm32l4xx_hal.o
LOAD ./Drivers/STM32L4xx_HAL_Driver/Src/stm32l4xx_hal_cortex.o
LOAD ./Drivers/STM32L4xx_HAL_Driver/Src/stm32l4xx_hal_dma.o
LOAD ./Drivers/STM32L4xx_HAL_Driver/Src/stm32l4xx_hal_dma_ex.o
LOAD ./Drivers/STM32L4xx_HAL_Driver/Src/stm32l4xx_hal_exti.o
LOAD ./Drivers/STM32L4xx_HAL_Driver/Src/stm32l4xx_hal_flash.o
LOAD ./Drivers/STM32L4xx_HAL_Driver/Src/stm32l4xx_hal_flash_ex.o
LOAD ./Drivers/STM32L4xx_HAL_Driver/Src/stm32l4xx_hal_flash_ramfunc.o
LOAD ./Drivers/STM32L4xx_HAL_Driver/Src/stm32l4xx_hal_gpio.o
LOAD ./Drivers/STM32L4xx_HAL_Driver/Src/stm32l4xx_hal_i2c.o
LOAD ./Drivers/STM32L4xx_HAL_Driver/Src/stm32l4xx_hal_i2c_ex.o
LOAD ./Drivers/STM32L4xx_HAL_Driver/Src/stm32l4xx_hal_pwr.o
LOAD ./Drivers/STM32L4xx_HAL_Driver/Src/stm32l4xx_hal_pwr_ex.o
LOAD ./Drivers/STM32L4xx_HAL_Driver/Src/stm32l4xx_hal_rcc.o
LOAD ./Drivers/STM32L4xx_HAL_Driver/Src/stm32l4xx_hal_rcc_ex.o
LOAD ./Drivers/STM32L4xx_HAL_Driver/Src/stm32l4xx_hal_spi.o
LOAD ./Drivers/STM32L4xx_HAL_Driver/Src/stm32l4xx_hal_spi_ex.o
LOAD ./Drivers/STM32L4xx_HAL_Driver/Src/stm32l4xx_hal_tim.o
LOAD ./Drivers/STM32L4xx_HAL_Driver/Src/stm32l4xx_hal_tim_ex.o
LOAD ./Drivers/STM32L4xx_HAL_Driver/Src/stm32l4xx_hal_uart.o
LOAD ./Drivers/STM32L4xx_HAL_Driver/Src/stm32l4xx_hal_uart_ex.o
START GROUP
LOAD /Applications/STM32CubeIDE.app/Contents/Eclipse/plugins/com.st.stm32cube.ide.mcu.externaltools.gnu-tools-for-stm32.12.3.rel1.macos64_1.0.100.202403111906/tools/bin/../lib/gcc/arm-none-eabi/12.3.1/../../../../arm-none-eabi/lib/thumb/v7e-m+fp/hard/libc_nano.a
LOAD /Applications/STM32CubeIDE.app/Contents/Eclipse/plugins/com.st.stm32cube.ide.mcu.externaltools.gnu-tools-for-stm32.12.3.rel1.macos64_1.0.100.202403111906/tools/bin/../lib/gcc/arm-none-eabi/12.3.1/../../../../arm-none-eabi/lib/thumb/v7e-m+fp/hard/libm.a
END GROUP
START GROUP
LOAD /Applications/STM32CubeIDE.app/Contents/Eclipse/plugins/com.st.stm32cube.ide.mcu.externaltools.gnu-tools-for-stm32.12.3.rel1.macos64_1.0.100.202403111906/tools/bin/../lib/gcc/arm-none-eabi/12.3.1/thumb/v7e-m+fp/hard/libgcc.a
LOAD /Applications/STM32CubeIDE.app/Contents/Eclipse/plugins/com.st.stm32cube.ide.mcu.externaltools.gnu-tools-for-stm32.12.3.rel1.macos64_1.0.100.202403111906/tools/bin/../lib/gcc/arm-none-eabi/12.3.1/../../../../arm-none-eabi/lib/thumb/v7e-m+fp/hard/libc_nano.a
END GROUP
START GROUP
LOAD /Applications/STM32CubeIDE.app/Contents/Eclipse/plugins/com.st.stm32cube.ide.mcu.externaltools.gnu-tools-for-stm32.12.3.rel1.macos64_1.0.100.202403111906/tools/bin/../lib/gcc/arm-none-eabi/12.3.1/thumb/v7e-m+fp/hard/libgcc.a
LOAD /Applications/STM32CubeIDE.app/Contents/Eclipse/plugins/com.st.stm32cube.ide.mcu.externaltools.gnu-tools-for-stm32.12.3.rel1.macos64_1.0.100.202403111906/tools/bin/../lib/gcc/arm-none-eabi/12.3.1/../../../../arm-none-eabi/lib/thumb/v7e-m+fp/hard/libc_nano.a
LOAD /Applications/STM32CubeIDE.app/Contents/Eclipse/plugins/com.st.stm32cube.ide.mcu.externaltools.gnu-tools-for-stm32.12.3.rel1.macos64_1.0.100.202403111906/tools/bin/../lib/gcc/arm-none-eabi/12.3.1/../../../../arm-none-eabi/lib/thumb/v7e-m+fp/hard/libnosys.a
END GROUP
START GROUP
LOAD /Applications/STM32CubeIDE.app/Contents/Eclipse/plugins/com.st.stm32cube.ide.mcu.externaltools.gnu-tools-for-stm32.12.3.rel1.macos64_1.0.100.202403111906/tools/bin/../lib/gcc/arm-none-eabi/12.3.1/thumb/v7e-m+fp/hard/libgcc.a
LOAD /Applications/STM32CubeIDE.app/Contents/Eclipse/plugins/com.st.stm32cube.ide.mcu.externaltools.gnu-tools-for-stm32.12.3.rel1.macos64_1.0.100.202403111906/tools/bin/../lib/gcc/arm-none-eabi/12.3.1/../../../../arm-none-eabi/lib/thumb/v7e-m+fp/hard/libc_nano.a
LOAD /Applications/STM32CubeIDE.app/Contents/Eclipse/plugins/com.st.stm32cube.ide.mcu.externaltools.gnu-tools-for-stm32.12.3.rel1.macos64_1.0.100.202403111906/tools/bin/../lib/gcc/arm-none-eabi/12.3.1/../../../../arm-none-eabi/lib/thumb/v7e-m+fp/hard/libnosys.a
END GROUP
LOAD /Applications/STM32CubeIDE.app/Contents/Eclipse/plugins/com.st.stm32cube.ide.mcu.externaltools.gnu-tools-for-stm32.12.3.rel1.macos64_1.0.100.202403111906/tools/bin/../lib/gcc/arm-none-eabi/12.3.1/thumb/v7e-m+fp/hard/crtend.o
LOAD /Applications/STM32CubeIDE.app/Contents/Eclipse/plugins/com.st.stm32cube.ide.mcu.externaltools.gnu-tools-for-stm32.12.3.rel1.macos64_1.0.100.202403111906/tools/bin/../lib/gcc/arm-none-eabi/12.3.1/thumb/v7e-m+fp/hard/crtn.o
                0x200a0000                        _estack = (ORIGIN (RAM) + LENGTH (RAM))
                0x00000200                        _Min_Heap_Size = 0x200
                0x00000400                        _Min_Stack_Size = 0x400

.isr_vector     0x08000000      0x1bc
                0x08000000                        . = ALIGN (0x4)
 *(.isr_vector)
 .isr_vector    0x08000000      0x1bc ./Core/Startup/startup_stm32l4r5zitxp.o
                0x08000000                g_pfnVectors
                0x080001bc                        . = ALIGN (0x4)

.text           0x080001bc     0x5ce8
                0x080001bc                        . = ALIGN (0x4)
 *(.text)
 .text          0x080001bc       0x40 /Applications/STM32CubeIDE.app/Contents/Eclipse/plugins/com.st.stm32cube.ide.mcu.externaltools.gnu-tools-for-stm32.12.3.rel1.macos64_1.0.100.202403111906/tools/bin/../lib/gcc/arm-none-eabi/12.3.1/thumb/v7e-m+fp/hard/crtbegin.o
 .text          0x080001fc       0x30 /Applications/STM32CubeIDE.app/Contents/Eclipse/plugins/com.st.stm32cube.ide.mcu.externaltools.gnu-tools-for-stm32.12.3.rel1.macos64_1.0.100.202403111906/tools/bin/../lib/gcc/arm-none-eabi/12.3.1/thumb/v7e-m+fp/hard/libgcc.a(_aeabi_uldivmod.o)
                0x080001fc                __aeabi_uldivmod
 .text          0x0800022c      0x2bc /Applications/STM32CubeIDE.app/Contents/Eclipse/plugins/com.st.stm32cube.ide.mcu.externaltools.gnu-tools-for-stm32.12.3.rel1.macos64_1.0.100.202403111906/tools/bin/../lib/gcc/arm-none-eabi/12.3.1/thumb/v7e-m+fp/hard/libgcc.a(_udivmoddi4.o)
                0x0800022c                __udivmoddi4
 .text          0x080004e8        0x4 /Applications/STM32CubeIDE.app/Contents/Eclipse/plugins/com.st.stm32cube.ide.mcu.externaltools.gnu-tools-for-stm32.12.3.rel1.macos64_1.0.100.202403111906/tools/bin/../lib/gcc/arm-none-eabi/12.3.1/thumb/v7e-m+fp/hard/libgcc.a(_dvmd_tls.o)
                0x080004e8                __aeabi_ldiv0
                0x080004e8                __aeabi_idiv0
 *(.text*)
 .text.addNewEntry
                0x080004ec       0x78 ./Core/Src/Pills.o
                0x080004ec                addNewEntry
 .text.sortEntries
                0x08000564       0xf8 ./Core/Src/Pills.o
                0x08000564                sortEntries
 .text.compPillEntry
                0x0800065c       0x72 ./Core/Src/Pills.o
                0x0800065c                compPillEntry
 *fill*         0x080006ce        0x2 
 .text.DS1307_Init
                0x080006d0       0x20 ./Core/Src/ds1307.o
                0x080006d0                DS1307_Init
 .text.DS1307_SetClockHalt
                0x080006f0       0x42 ./Core/Src/ds1307.o
                0x080006f0                DS1307_SetClockHalt
 .text.DS1307_GetClockHalt
                0x08000732       0x1a ./Core/Src/ds1307.o
                0x08000732                DS1307_GetClockHalt
 .text.DS1307_SetRegByte
                0x0800074c       0x3c ./Core/Src/ds1307.o
                0x0800074c                DS1307_SetRegByte
 .text.DS1307_GetRegByte
                0x08000788       0x44 ./Core/Src/ds1307.o
                0x08000788                DS1307_GetRegByte
 .text.DS1307_GetHour
                0x080007cc       0x1e ./Core/Src/ds1307.o
                0x080007cc                DS1307_GetHour
 .text.DS1307_SetDayOfWeek
                0x080007ea       0x24 ./Core/Src/ds1307.o
                0x080007ea                DS1307_SetDayOfWeek
 .text.DS1307_SetDate
                0x0800080e       0x24 ./Core/Src/ds1307.o
                0x0800080e                DS1307_SetDate
 .text.DS1307_SetMonth
                0x08000832       0x24 ./Core/Src/ds1307.o
                0x08000832                DS1307_SetMonth
 *fill*         0x08000856        0x2 
 .text.DS1307_SetYear
                0x08000858       0x54 ./Core/Src/ds1307.o
                0x08000858                DS1307_SetYear
 .text.DS1307_SetHour
                0x080008ac       0x2a ./Core/Src/ds1307.o
                0x080008ac                DS1307_SetHour
 .text.DS1307_SetMinute
                0x080008d6       0x24 ./Core/Src/ds1307.o
                0x080008d6                DS1307_SetMinute
 .text.DS1307_SetSecond
                0x080008fa       0x32 ./Core/Src/ds1307.o
                0x080008fa                DS1307_SetSecond
 .text.DS1307_DecodeBCD
                0x0800092c       0x32 ./Core/Src/ds1307.o
                0x0800092c                DS1307_DecodeBCD
 *fill*         0x0800095e        0x2 
 .text.DS1307_EncodeBCD
                0x08000960       0x44 ./Core/Src/ds1307.o
                0x08000960                DS1307_EncodeBCD
 .text.ILI9488_SendCommand
                0x080009a4       0x4c ./Core/Src/ili9488.o
                0x080009a4                ILI9488_SendCommand
 .text.ILI9488_SendData
                0x080009f0       0x4c ./Core/Src/ili9488.o
                0x080009f0                ILI9488_SendData
 .text.ILI9488_SendData_Multi
                0x08000a3c       0x6c ./Core/Src/ili9488.o
                0x08000a3c                ILI9488_SendData_Multi
 .text.ILI9488_Init
                0x08000aa8      0x1c8 ./Core/Src/ili9488.o
                0x08000aa8                ILI9488_Init
 .text.setAddrWindow
                0x08000c70       0x90 ./Core/Src/ili9488.o
                0x08000c70                setAddrWindow
 .text.fillScreen
                0x08000d00       0x34 ./Core/Src/ili9488.o
                0x08000d00                fillScreen
 .text.fillRect
                0x08000d34      0x288 ./Core/Src/ili9488.o
                0x08000d34                fillRect
 .text.setRotation
                0x08000fbc       0xa4 ./Core/Src/ili9488.o
                0x08000fbc                setRotation
 .text.main     0x08001060       0xe0 ./Core/Src/main.o
                0x08001060                main
 .text.SystemClock_Config
                0x08001140       0xa2 ./Core/Src/main.o
                0x08001140                SystemClock_Config
 *fill*         0x080011e2        0x2 
 .text.MX_I2C1_Init
                0x080011e4       0x80 ./Core/Src/main.o
 .text.MX_SPI2_Init
                0x08001264       0x7c ./Core/Src/main.o
 .text.MX_SPI3_Init
                0x080012e0       0x7c ./Core/Src/main.o
 .text.MX_USART2_UART_Init
                0x0800135c       0x98 ./Core/Src/main.o
 .text.MX_USART3_UART_Init
                0x080013f4       0x98 ./Core/Src/main.o
 .text.MX_GPIO_Init
                0x0800148c      0x14c ./Core/Src/main.o
 .text.Error_Handler
                0x080015d8        0xc ./Core/Src/main.o
                0x080015d8                Error_Handler
 .text.HAL_MspInit
                0x080015e4       0x48 ./Core/Src/stm32l4xx_hal_msp.o
                0x080015e4                HAL_MspInit
 .text.HAL_I2C_MspInit
                0x0800162c       0xbc ./Core/Src/stm32l4xx_hal_msp.o
                0x0800162c                HAL_I2C_MspInit
 .text.HAL_SPI_MspInit
                0x080016e8       0xec ./Core/Src/stm32l4xx_hal_msp.o
                0x080016e8                HAL_SPI_MspInit
 .text.HAL_UART_MspInit
                0x080017d4      0x188 ./Core/Src/stm32l4xx_hal_msp.o
                0x080017d4                HAL_UART_MspInit
 .text.NMI_Handler
                0x0800195c        0x8 ./Core/Src/stm32l4xx_it.o
                0x0800195c                NMI_Handler
 .text.HardFault_Handler
                0x08001964        0x8 ./Core/Src/stm32l4xx_it.o
                0x08001964                HardFault_Handler
 .text.MemManage_Handler
                0x0800196c        0x8 ./Core/Src/stm32l4xx_it.o
                0x0800196c                MemManage_Handler
 .text.BusFault_Handler
                0x08001974        0x8 ./Core/Src/stm32l4xx_it.o
                0x08001974                BusFault_Handler
 .text.UsageFault_Handler
                0x0800197c        0x8 ./Core/Src/stm32l4xx_it.o
                0x0800197c                UsageFault_Handler
 .text.SVC_Handler
                0x08001984        0xe ./Core/Src/stm32l4xx_it.o
                0x08001984                SVC_Handler
 .text.DebugMon_Handler
                0x08001992        0xe ./Core/Src/stm32l4xx_it.o
                0x08001992                DebugMon_Handler
 .text.PendSV_Handler
                0x080019a0        0xe ./Core/Src/stm32l4xx_it.o
                0x080019a0                PendSV_Handler
 .text.SysTick_Handler
                0x080019ae        0xc ./Core/Src/stm32l4xx_it.o
                0x080019ae                SysTick_Handler
 *fill*         0x080019ba        0x2 
 .text.SystemInit
                0x080019bc       0x24 ./Core/Src/system_stm32l4xx.o
                0x080019bc                SystemInit
 .text.xbee_init
                0x080019e0       0x20 ./Core/Src/xbee.o
                0x080019e0                xbee_init
 .text.systemInit
                0x08001a00       0x24 ./Core/Src/xbee.o
                0x08001a00                systemInit
 .text.xbeeGetHour
                0x08001a24       0x48 ./Core/Src/xbee.o
                0x08001a24                xbeeGetHour
 .text.xbeeGetMin
                0x08001a6c       0x3c ./Core/Src/xbee.o
                0x08001a6c                xbeeGetMin
 .text.xbeeGetYear
                0x08001aa8       0x48 ./Core/Src/xbee.o
                0x08001aa8                xbeeGetYear
 .text.xbeeGetDayOfWeek
                0x08001af0       0x3c ./Core/Src/xbee.o
                0x08001af0                xbeeGetDayOfWeek
 .text.xbeeGetMonth
                0x08001b2c       0x3c ./Core/Src/xbee.o
                0x08001b2c                xbeeGetMonth
 .text.xbeeGetSec
                0x08001b68       0x3c ./Core/Src/xbee.o
                0x08001b68                xbeeGetSec
 .text.xbeeDownloadPills
                0x08001ba4        0xe ./Core/Src/xbee.o
                0x08001ba4                xbeeDownloadPills
 *fill*         0x08001bb2        0x2 
 .text.XPT2046_Init
                0x08001bb4       0x54 ./Core/Src/xpt2046.o
                0x08001bb4                XPT2046_Init
 .text.Reset_Handler
                0x08001c08       0x50 ./Core/Startup/startup_stm32l4r5zitxp.o
                0x08001c08                Reset_Handler
 .text.Default_Handler
                0x08001c58        0x2 ./Core/Startup/startup_stm32l4r5zitxp.o
                0x08001c58                TIM1_BRK_TIM15_IRQHandler
                0x08001c58                EXTI2_IRQHandler
                0x08001c58                TIM8_TRG_COM_IRQHandler
                0x08001c58                TIM8_CC_IRQHandler
                0x08001c58                TIM1_CC_IRQHandler
                0x08001c58                TSC_IRQHandler
                0x08001c58                TAMP_STAMP_IRQHandler
                0x08001c58                EXTI3_IRQHandler
                0x08001c58                LPTIM2_IRQHandler
                0x08001c58                DFSDM1_FLT1_IRQHandler
                0x08001c58                GFXMMU_IRQHandler
                0x08001c58                I2C3_ER_IRQHandler
                0x08001c58                DFSDM1_FLT2_IRQHandler
                0x08001c58                EXTI0_IRQHandler
                0x08001c58                I2C2_EV_IRQHandler
                0x08001c58                CAN1_RX0_IRQHandler
                0x08001c58                FPU_IRQHandler
                0x08001c58                TIM1_UP_TIM16_IRQHandler
                0x08001c58                LTDC_ER_IRQHandler
                0x08001c58                SPI1_IRQHandler
                0x08001c58                OCTOSPI1_IRQHandler
                0x08001c58                TIM6_DAC_IRQHandler
                0x08001c58                DCMI_IRQHandler
                0x08001c58                TIM8_UP_IRQHandler
                0x08001c58                OCTOSPI2_IRQHandler
                0x08001c58                DMA2_Channel2_IRQHandler
                0x08001c58                DMA1_Channel4_IRQHandler
                0x08001c58                SAI2_IRQHandler
                0x08001c58                ADC1_IRQHandler
                0x08001c58                DFSDM1_FLT3_IRQHandler
                0x08001c58                USART3_IRQHandler
                0x08001c58                DMA1_Channel7_IRQHandler
                0x08001c58                CAN1_RX1_IRQHandler
                0x08001c58                UART5_IRQHandler
                0x08001c58                TIM4_IRQHandler
                0x08001c58                DMA2_Channel1_IRQHandler
                0x08001c58                I2C1_EV_IRQHandler
                0x08001c58                DMAMUX1_OVR_IRQHandler
                0x08001c58                DMA1_Channel6_IRQHandler
                0x08001c58                UART4_IRQHandler
                0x08001c58                DMA2_Channel4_IRQHandler
                0x08001c58                TIM3_IRQHandler
                0x08001c58                RCC_IRQHandler
                0x08001c58                DMA1_Channel1_IRQHandler
                0x08001c58                Default_Handler
                0x08001c58                DMA2_Channel7_IRQHandler
                0x08001c58                EXTI15_10_IRQHandler
                0x08001c58                TIM7_IRQHandler
                0x08001c58                SDMMC1_IRQHandler
                0x08001c58                TIM5_IRQHandler
                0x08001c58                I2C3_EV_IRQHandler
                0x08001c58                EXTI9_5_IRQHandler
                0x08001c58                RTC_WKUP_IRQHandler
                0x08001c58                LTDC_IRQHandler
                0x08001c58                PVD_PVM_IRQHandler
                0x08001c58                SPI2_IRQHandler
                0x08001c58                CAN1_TX_IRQHandler
                0x08001c58                DMA2_Channel5_IRQHandler
                0x08001c58                CRS_IRQHandler
                0x08001c58                DMA1_Channel5_IRQHandler
                0x08001c58                EXTI4_IRQHandler
                0x08001c58                RNG_IRQHandler
                0x08001c58                TIM1_TRG_COM_TIM17_IRQHandler
                0x08001c58                DMA1_Channel3_IRQHandler
                0x08001c58                COMP_IRQHandler
                0x08001c58                WWDG_IRQHandler
                0x08001c58                I2C4_EV_IRQHandler
                0x08001c58                LPUART1_IRQHandler
                0x08001c58                DMA2_Channel6_IRQHandler
                0x08001c58                TIM2_IRQHandler
                0x08001c58                DMA2D_IRQHandler
                0x08001c58                EXTI1_IRQHandler
                0x08001c58                USART2_IRQHandler
                0x08001c58                DFSDM1_FLT0_IRQHandler
                0x08001c58                I2C2_ER_IRQHandler
                0x08001c58                DMA1_Channel2_IRQHandler
                0x08001c58                TIM8_BRK_IRQHandler
                0x08001c58                CAN1_SCE_IRQHandler
                0x08001c58                FLASH_IRQHandler
                0x08001c58                USART1_IRQHandler
                0x08001c58                OTG_FS_IRQHandler
                0x08001c58                SPI3_IRQHandler
                0x08001c58                I2C1_ER_IRQHandler
                0x08001c58                FMC_IRQHandler
                0x08001c58                LPTIM1_IRQHandler
                0x08001c58                I2C4_ER_IRQHandler
                0x08001c58                SAI1_IRQHandler
                0x08001c58                DMA2_Channel3_IRQHandler
                0x08001c58                RTC_Alarm_IRQHandler
 .text.HAL_Init
                0x08001c5a       0x30 ./Drivers/STM32L4xx_HAL_Driver/Src/stm32l4xx_hal.o
                0x08001c5a                HAL_Init
 *fill*         0x08001c8a        0x2 
 .text.HAL_InitTick
                0x08001c8c       0x78 ./Drivers/STM32L4xx_HAL_Driver/Src/stm32l4xx_hal.o
                0x08001c8c                HAL_InitTick
 .text.HAL_IncTick
                0x08001d04       0x28 ./Drivers/STM32L4xx_HAL_Driver/Src/stm32l4xx_hal.o
                0x08001d04                HAL_IncTick
 .text.HAL_GetTick
                0x08001d2c       0x18 ./Drivers/STM32L4xx_HAL_Driver/Src/stm32l4xx_hal.o
                0x08001d2c                HAL_GetTick
 .text.HAL_Delay
                0x08001d44       0x48 ./Drivers/STM32L4xx_HAL_Driver/Src/stm32l4xx_hal.o
                0x08001d44                HAL_Delay
 .text.__NVIC_SetPriorityGrouping
                0x08001d8c       0x48 ./Drivers/STM32L4xx_HAL_Driver/Src/stm32l4xx_hal_cortex.o
 .text.__NVIC_GetPriorityGrouping
                0x08001dd4       0x1c ./Drivers/STM32L4xx_HAL_Driver/Src/stm32l4xx_hal_cortex.o
 .text.__NVIC_SetPriority
                0x08001df0       0x54 ./Drivers/STM32L4xx_HAL_Driver/Src/stm32l4xx_hal_cortex.o
 .text.NVIC_EncodePriority
                0x08001e44       0x66 ./Drivers/STM32L4xx_HAL_Driver/Src/stm32l4xx_hal_cortex.o
 *fill*         0x08001eaa        0x2 
 .text.SysTick_Config
                0x08001eac       0x44 ./Drivers/STM32L4xx_HAL_Driver/Src/stm32l4xx_hal_cortex.o
 .text.HAL_NVIC_SetPriorityGrouping
                0x08001ef0       0x16 ./Drivers/STM32L4xx_HAL_Driver/Src/stm32l4xx_hal_cortex.o
                0x08001ef0                HAL_NVIC_SetPriorityGrouping
 .text.HAL_NVIC_SetPriority
                0x08001f06       0x38 ./Drivers/STM32L4xx_HAL_Driver/Src/stm32l4xx_hal_cortex.o
                0x08001f06                HAL_NVIC_SetPriority
 .text.HAL_SYSTICK_Config
                0x08001f3e       0x18 ./Drivers/STM32L4xx_HAL_Driver/Src/stm32l4xx_hal_cortex.o
                0x08001f3e                HAL_SYSTICK_Config
 *fill*         0x08001f56        0x2 
 .text.HAL_GPIO_Init
                0x08001f58      0x324 ./Drivers/STM32L4xx_HAL_Driver/Src/stm32l4xx_hal_gpio.o
                0x08001f58                HAL_GPIO_Init
 .text.HAL_GPIO_WritePin
                0x0800227c       0x30 ./Drivers/STM32L4xx_HAL_Driver/Src/stm32l4xx_hal_gpio.o
                0x0800227c                HAL_GPIO_WritePin
 .text.HAL_I2C_Init
                0x080022ac      0x136 ./Drivers/STM32L4xx_HAL_Driver/Src/stm32l4xx_hal_i2c.o
                0x080022ac                HAL_I2C_Init
 *fill*         0x080023e2        0x2 
 .text.HAL_I2C_Master_Transmit
                0x080023e4      0x230 ./Drivers/STM32L4xx_HAL_Driver/Src/stm32l4xx_hal_i2c.o
                0x080023e4                HAL_I2C_Master_Transmit
 .text.HAL_I2C_Master_Receive
                0x08002614      0x1ec ./Drivers/STM32L4xx_HAL_Driver/Src/stm32l4xx_hal_i2c.o
                0x08002614                HAL_I2C_Master_Receive
 .text.I2C_Flush_TXDR
                0x08002800       0x48 ./Drivers/STM32L4xx_HAL_Driver/Src/stm32l4xx_hal_i2c.o
 .text.I2C_WaitOnFlagUntilTimeout
                0x08002848       0x9e ./Drivers/STM32L4xx_HAL_Driver/Src/stm32l4xx_hal_i2c.o
 .text.I2C_WaitOnTXISFlagUntilTimeout
                0x080028e6       0x8e ./Drivers/STM32L4xx_HAL_Driver/Src/stm32l4xx_hal_i2c.o
 .text.I2C_WaitOnSTOPFlagUntilTimeout
                0x08002974       0x86 ./Drivers/STM32L4xx_HAL_Driver/Src/stm32l4xx_hal_i2c.o
 *fill*         0x080029fa        0x2 
 .text.I2C_WaitOnRXNEFlagUntilTimeout
                0x080029fc      0x104 ./Drivers/STM32L4xx_HAL_Driver/Src/stm32l4xx_hal_i2c.o
 .text.I2C_IsErrorOccurred
                0x08002b00      0x1c0 ./Drivers/STM32L4xx_HAL_Driver/Src/stm32l4xx_hal_i2c.o
 .text.I2C_TransferConfig
                0x08002cc0       0x64 ./Drivers/STM32L4xx_HAL_Driver/Src/stm32l4xx_hal_i2c.o
 .text.HAL_I2CEx_ConfigAnalogFilter
                0x08002d24       0x96 ./Drivers/STM32L4xx_HAL_Driver/Src/stm32l4xx_hal_i2c_ex.o
                0x08002d24                HAL_I2CEx_ConfigAnalogFilter
 .text.HAL_I2CEx_ConfigDigitalFilter
                0x08002dba       0x98 ./Drivers/STM32L4xx_HAL_Driver/Src/stm32l4xx_hal_i2c_ex.o
                0x08002dba                HAL_I2CEx_ConfigDigitalFilter
 *fill*         0x08002e52        0x2 
 .text.HAL_PWREx_GetVoltageRange
                0x08002e54       0x40 ./Drivers/STM32L4xx_HAL_Driver/Src/stm32l4xx_hal_pwr_ex.o
                0x08002e54                HAL_PWREx_GetVoltageRange
 .text.HAL_PWREx_ControlVoltageScaling
                0x08002e94      0x148 ./Drivers/STM32L4xx_HAL_Driver/Src/stm32l4xx_hal_pwr_ex.o
                0x08002e94                HAL_PWREx_ControlVoltageScaling
 .text.HAL_RCC_OscConfig
                0x08002fdc      0x834 ./Drivers/STM32L4xx_HAL_Driver/Src/stm32l4xx_hal_rcc.o
                0x08002fdc                HAL_RCC_OscConfig
 .text.HAL_RCC_ClockConfig
                0x08003810      0x274 ./Drivers/STM32L4xx_HAL_Driver/Src/stm32l4xx_hal_rcc.o
                0x08003810                HAL_RCC_ClockConfig
 .text.HAL_RCC_GetSysClockFreq
                0x08003a84      0x118 ./Drivers/STM32L4xx_HAL_Driver/Src/stm32l4xx_hal_rcc.o
                0x08003a84                HAL_RCC_GetSysClockFreq
 .text.HAL_RCC_GetHCLKFreq
                0x08003b9c       0x18 ./Drivers/STM32L4xx_HAL_Driver/Src/stm32l4xx_hal_rcc.o
                0x08003b9c                HAL_RCC_GetHCLKFreq
 .text.HAL_RCC_GetPCLK1Freq
                0x08003bb4       0x2c ./Drivers/STM32L4xx_HAL_Driver/Src/stm32l4xx_hal_rcc.o
                0x08003bb4                HAL_RCC_GetPCLK1Freq
 .text.HAL_RCC_GetPCLK2Freq
                0x08003be0       0x2c ./Drivers/STM32L4xx_HAL_Driver/Src/stm32l4xx_hal_rcc.o
                0x08003be0                HAL_RCC_GetPCLK2Freq
 .text.RCC_SetFlashLatencyFromMSIRange
                0x08003c0c       0xb4 ./Drivers/STM32L4xx_HAL_Driver/Src/stm32l4xx_hal_rcc.o
 .text.RCC_GetSysClockFreqFromPLLSource
                0x08003cc0       0xcc ./Drivers/STM32L4xx_HAL_Driver/Src/stm32l4xx_hal_rcc.o
 .text.HAL_RCCEx_PeriphCLKConfig
                0x08003d8c      0x660 ./Drivers/STM32L4xx_HAL_Driver/Src/stm32l4xx_hal_rcc_ex.o
                0x08003d8c                HAL_RCCEx_PeriphCLKConfig
 .text.RCCEx_PLLSAI1_Config
                0x080043ec      0x1e8 ./Drivers/STM32L4xx_HAL_Driver/Src/stm32l4xx_hal_rcc_ex.o
 .text.RCCEx_PLLSAI2_Config
                0x080045d4      0x1e8 ./Drivers/STM32L4xx_HAL_Driver/Src/stm32l4xx_hal_rcc_ex.o
 .text.HAL_SPI_Init
                0x080047bc      0x146 ./Drivers/STM32L4xx_HAL_Driver/Src/stm32l4xx_hal_spi.o
                0x080047bc                HAL_SPI_Init
 .text.HAL_SPI_Transmit
                0x08004902      0x2ea ./Drivers/STM32L4xx_HAL_Driver/Src/stm32l4xx_hal_spi.o
                0x08004902                HAL_SPI_Transmit
 .text.SPI_WaitFlagStateUntilTimeout
                0x08004bec      0x110 ./Drivers/STM32L4xx_HAL_Driver/Src/stm32l4xx_hal_spi.o
 .text.SPI_WaitFifoStateUntilTimeout
                0x08004cfc      0x12c ./Drivers/STM32L4xx_HAL_Driver/Src/stm32l4xx_hal_spi.o
 .text.SPI_EndRxTxTransaction
                0x08004e28       0x8c ./Drivers/STM32L4xx_HAL_Driver/Src/stm32l4xx_hal_spi.o
 .text.HAL_UART_Init
                0x08004eb4       0xa0 ./Drivers/STM32L4xx_HAL_Driver/Src/stm32l4xx_hal_uart.o
                0x08004eb4                HAL_UART_Init
 .text.HAL_UART_Transmit
                0x08004f54      0x11c ./Drivers/STM32L4xx_HAL_Driver/Src/stm32l4xx_hal_uart.o
                0x08004f54                HAL_UART_Transmit
 .text.HAL_UART_Receive
                0x08005070      0x192 ./Drivers/STM32L4xx_HAL_Driver/Src/stm32l4xx_hal_uart.o
                0x08005070                HAL_UART_Receive
 *fill*         0x08005202        0x2 
 .text.UART_SetConfig
                0x08005204      0x5f8 ./Drivers/STM32L4xx_HAL_Driver/Src/stm32l4xx_hal_uart.o
                0x08005204                UART_SetConfig
 .text.UART_AdvFeatureConfig
                0x080057fc      0x144 ./Drivers/STM32L4xx_HAL_Driver/Src/stm32l4xx_hal_uart.o
                0x080057fc                UART_AdvFeatureConfig
 .text.UART_CheckIdleState
                0x08005940      0x154 ./Drivers/STM32L4xx_HAL_Driver/Src/stm32l4xx_hal_uart.o
                0x08005940                UART_CheckIdleState
 .text.UART_WaitOnFlagUntilTimeout
                0x08005a94       0xce ./Drivers/STM32L4xx_HAL_Driver/Src/stm32l4xx_hal_uart.o
                0x08005a94                UART_WaitOnFlagUntilTimeout
 .text.UART_EndRxTransfer
                0x08005b62       0xcc ./Drivers/STM32L4xx_HAL_Driver/Src/stm32l4xx_hal_uart.o
 .text.HAL_UARTEx_DisableFifoMode
                0x08005c2e       0x72 ./Drivers/STM32L4xx_HAL_Driver/Src/stm32l4xx_hal_uart_ex.o
                0x08005c2e                HAL_UARTEx_DisableFifoMode
 .text.HAL_UARTEx_SetTxFifoThreshold
                0x08005ca0       0x7c ./Drivers/STM32L4xx_HAL_Driver/Src/stm32l4xx_hal_uart_ex.o
                0x08005ca0                HAL_UARTEx_SetTxFifoThreshold
 .text.HAL_UARTEx_SetRxFifoThreshold
                0x08005d1c       0x7c ./Drivers/STM32L4xx_HAL_Driver/Src/stm32l4xx_hal_uart_ex.o
                0x08005d1c                HAL_UARTEx_SetRxFifoThreshold
 .text.UARTEx_SetNbDataToProcess
                0x08005d98       0x9c ./Drivers/STM32L4xx_HAL_Driver/Src/stm32l4xx_hal_uart_ex.o
 .text.memset   0x08005e34       0x10 /Applications/STM32CubeIDE.app/Contents/Eclipse/plugins/com.st.stm32cube.ide.mcu.externaltools.gnu-tools-for-stm32.12.3.rel1.macos64_1.0.100.202403111906/tools/bin/../lib/gcc/arm-none-eabi/12.3.1/../../../../arm-none-eabi/lib/thumb/v7e-m+fp/hard/libc_nano.a(libc_a-memset.o)
                0x08005e34                memset
 .text.__libc_init_array
                0x08005e44       0x48 /Applications/STM32CubeIDE.app/Contents/Eclipse/plugins/com.st.stm32cube.ide.mcu.externaltools.gnu-tools-for-stm32.12.3.rel1.macos64_1.0.100.202403111906/tools/bin/../lib/gcc/arm-none-eabi/12.3.1/../../../../arm-none-eabi/lib/thumb/v7e-m+fp/hard/libc_nano.a(libc_a-init.o)
                0x08005e44                __libc_init_array
 *(.glue_7)
 .glue_7        0x08005e8c        0x0 linker stubs
 *(.glue_7t)
 .glue_7t       0x08005e8c        0x0 linker stubs
 *(.eh_frame)
 .eh_frame      0x08005e8c        0x0 /Applications/STM32CubeIDE.app/Contents/Eclipse/plugins/com.st.stm32cube.ide.mcu.externaltools.gnu-tools-for-stm32.12.3.rel1.macos64_1.0.100.202403111906/tools/bin/../lib/gcc/arm-none-eabi/12.3.1/thumb/v7e-m+fp/hard/crtbegin.o
 *(.init)
 .init          0x08005e8c        0x4 /Applications/STM32CubeIDE.app/Contents/Eclipse/plugins/com.st.stm32cube.ide.mcu.externaltools.gnu-tools-for-stm32.12.3.rel1.macos64_1.0.100.202403111906/tools/bin/../lib/gcc/arm-none-eabi/12.3.1/thumb/v7e-m+fp/hard/crti.o
                0x08005e8c                _init
 .init          0x08005e90        0x8 /Applications/STM32CubeIDE.app/Contents/Eclipse/plugins/com.st.stm32cube.ide.mcu.externaltools.gnu-tools-for-stm32.12.3.rel1.macos64_1.0.100.202403111906/tools/bin/../lib/gcc/arm-none-eabi/12.3.1/thumb/v7e-m+fp/hard/crtn.o
 *(.fini)
 .fini          0x08005e98        0x4 /Applications/STM32CubeIDE.app/Contents/Eclipse/plugins/com.st.stm32cube.ide.mcu.externaltools.gnu-tools-for-stm32.12.3.rel1.macos64_1.0.100.202403111906/tools/bin/../lib/gcc/arm-none-eabi/12.3.1/thumb/v7e-m+fp/hard/crti.o
                0x08005e98                _fini
 .fini          0x08005e9c        0x8 /Applications/STM32CubeIDE.app/Contents/Eclipse/plugins/com.st.stm32cube.ide.mcu.externaltools.gnu-tools-for-stm32.12.3.rel1.macos64_1.0.100.202403111906/tools/bin/../lib/gcc/arm-none-eabi/12.3.1/thumb/v7e-m+fp/hard/crtn.o
                0x08005ea4                        . = ALIGN (0x4)
                0x08005ea4                        _etext = .

.vfp11_veneer   0x08005ea4        0x0
 .vfp11_veneer  0x08005ea4        0x0 linker stubs

.v4_bx          0x08005ea4        0x0
 .v4_bx         0x08005ea4        0x0 linker stubs

.iplt           0x08005ea4        0x0
 .iplt          0x08005ea4        0x0 /Applications/STM32CubeIDE.app/Contents/Eclipse/plugins/com.st.stm32cube.ide.mcu.externaltools.gnu-tools-for-stm32.12.3.rel1.macos64_1.0.100.202403111906/tools/bin/../lib/gcc/arm-none-eabi/12.3.1/thumb/v7e-m+fp/hard/crtbegin.o

.rodata         0x08005ea4       0x94
                0x08005ea4                        . = ALIGN (0x4)
 *(.rodata)
 .rodata        0x08005ea4       0x22 ./Core/Src/main.o
 *(.rodata*)
 *fill*         0x08005ec6        0x2 
 .rodata.AHBPrescTable
                0x08005ec8       0x10 ./Core/Src/system_stm32l4xx.o
                0x08005ec8                AHBPrescTable
 .rodata.APBPrescTable
                0x08005ed8        0x8 ./Core/Src/system_stm32l4xx.o
                0x08005ed8                APBPrescTable
 .rodata.MSIRangeTable
                0x08005ee0       0x30 ./Core/Src/system_stm32l4xx.o
                0x08005ee0                MSIRangeTable
 .rodata.UARTPrescTable
                0x08005f10       0x18 ./Drivers/STM32L4xx_HAL_Driver/Src/stm32l4xx_hal_uart.o
                0x08005f10                UARTPrescTable
 .rodata.numerator.1
                0x08005f28        0x8 ./Drivers/STM32L4xx_HAL_Driver/Src/stm32l4xx_hal_uart_ex.o
 .rodata.denominator.0
                0x08005f30        0x8 ./Drivers/STM32L4xx_HAL_Driver/Src/stm32l4xx_hal_uart_ex.o
                0x08005f38                        . = ALIGN (0x4)

.ARM.extab      0x08005f38        0x0
                0x08005f38                        . = ALIGN (0x4)
 *(.ARM.extab* .gnu.linkonce.armextab.*)
                0x08005f38                        . = ALIGN (0x4)

.ARM            0x08005f38        0x8
                0x08005f38                        . = ALIGN (0x4)
                0x08005f38                        __exidx_start = .
 *(.ARM.exidx*)
 .ARM.exidx     0x08005f38        0x8 /Applications/STM32CubeIDE.app/Contents/Eclipse/plugins/com.st.stm32cube.ide.mcu.externaltools.gnu-tools-for-stm32.12.3.rel1.macos64_1.0.100.202403111906/tools/bin/../lib/gcc/arm-none-eabi/12.3.1/thumb/v7e-m+fp/hard/libgcc.a(_udivmoddi4.o)
                0x08005f40                        __exidx_end = .
                0x08005f40                        . = ALIGN (0x4)

.rel.dyn        0x08005f40        0x0
 .rel.iplt      0x08005f40        0x0 /Applications/STM32CubeIDE.app/Contents/Eclipse/plugins/com.st.stm32cube.ide.mcu.externaltools.gnu-tools-for-stm32.12.3.rel1.macos64_1.0.100.202403111906/tools/bin/../lib/gcc/arm-none-eabi/12.3.1/thumb/v7e-m+fp/hard/crtbegin.o

.preinit_array  0x08005f40        0x0
                0x08005f40                        . = ALIGN (0x4)
                0x08005f40                        PROVIDE (__preinit_array_start = .)
 *(.preinit_array*)
                0x08005f40                        PROVIDE (__preinit_array_end = .)
                0x08005f40                        . = ALIGN (0x4)

.init_array     0x08005f40        0x4
                0x08005f40                        . = ALIGN (0x4)
                0x08005f40                        PROVIDE (__init_array_start = .)
 *(SORT_BY_NAME(.init_array.*))
 *(.init_array*)
 .init_array    0x08005f40        0x4 /Applications/STM32CubeIDE.app/Contents/Eclipse/plugins/com.st.stm32cube.ide.mcu.externaltools.gnu-tools-for-stm32.12.3.rel1.macos64_1.0.100.202403111906/tools/bin/../lib/gcc/arm-none-eabi/12.3.1/thumb/v7e-m+fp/hard/crtbegin.o
                0x08005f44                        PROVIDE (__init_array_end = .)
                0x08005f44                        . = ALIGN (0x4)

.fini_array     0x08005f44        0x4
                0x08005f44                        . = ALIGN (0x4)
                [!provide]                        PROVIDE (__fini_array_start = .)
 *(SORT_BY_NAME(.fini_array.*))
 *(.fini_array*)
 .fini_array    0x08005f44        0x4 /Applications/STM32CubeIDE.app/Contents/Eclipse/plugins/com.st.stm32cube.ide.mcu.externaltools.gnu-tools-for-stm32.12.3.rel1.macos64_1.0.100.202403111906/tools/bin/../lib/gcc/arm-none-eabi/12.3.1/thumb/v7e-m+fp/hard/crtbegin.o
                [!provide]                        PROVIDE (__fini_array_end = .)
                0x08005f48                        . = ALIGN (0x4)
                0x08005f48                        _sidata = LOADADDR (.data)

.data           0x20000000        0xc load address 0x08005f48
                0x20000000                        . = ALIGN (0x4)
                0x20000000                        _sdata = .
 *(.data)
 *(.data*)
 .data.SystemCoreClock
                0x20000000        0x4 ./Core/Src/system_stm32l4xx.o
                0x20000000                SystemCoreClock
 .data.uwTickPrio
                0x20000004        0x4 ./Drivers/STM32L4xx_HAL_Driver/Src/stm32l4xx_hal.o
                0x20000004                uwTickPrio
 .data.uwTickFreq
                0x20000008        0x1 ./Drivers/STM32L4xx_HAL_Driver/Src/stm32l4xx_hal.o
                0x20000008                uwTickFreq
 *(.RamFunc)
 *(.RamFunc*)
                0x2000000c                        . = ALIGN (0x4)
 *fill*         0x20000009        0x3 
                0x2000000c                        _edata = .

.igot.plt       0x2000000c        0x0 load address 0x08005f54
 .igot.plt      0x2000000c        0x0 /Applications/STM32CubeIDE.app/Contents/Eclipse/plugins/com.st.stm32cube.ide.mcu.externaltools.gnu-tools-for-stm32.12.3.rel1.macos64_1.0.100.202403111906/tools/bin/../lib/gcc/arm-none-eabi/12.3.1/thumb/v7e-m+fp/hard/crtbegin.o
                0x2000000c                        . = ALIGN (0x4)

.bss            0x2000000c      0x4cc load address 0x08005f54
                0x2000000c                        _sbss = .
                0x2000000c                        __bss_start__ = _sbss
 *(.bss)
 .bss           0x2000000c       0x1c /Applications/STM32CubeIDE.app/Contents/Eclipse/plugins/com.st.stm32cube.ide.mcu.externaltools.gnu-tools-for-stm32.12.3.rel1.macos64_1.0.100.202403111906/tools/bin/../lib/gcc/arm-none-eabi/12.3.1/thumb/v7e-m+fp/hard/crtbegin.o
 *(.bss*)
 .bss.numPills  0x20000028        0x1 ./Core/Src/Pills.o
 *fill*         0x20000029        0x3 
 .bss.pillList  0x2000002c      0x258 ./Core/Src/Pills.o
 .bss._ds1307_ui2c
                0x20000284        0x4 ./Core/Src/ds1307.o
                0x20000284                _ds1307_ui2c
 .bss.width     0x20000288        0x2 ./Core/Src/ili9488.o
                0x20000288                width
 .bss.height    0x2000028a        0x2 ./Core/Src/ili9488.o
                0x2000028a                height
 .bss.hi2c1     0x2000028c       0x54 ./Core/Src/main.o
                0x2000028c                hi2c1
 .bss.hspi2     0x200002e0       0x64 ./Core/Src/main.o
                0x200002e0                hspi2
 .bss.hspi3     0x20000344       0x64 ./Core/Src/main.o
                0x20000344                hspi3
 .bss.huart2    0x200003a8       0x94 ./Core/Src/main.o
                0x200003a8                huart2
 .bss.huart3    0x2000043c       0x94 ./Core/Src/main.o
                0x2000043c                huart3
 .bss.xbee_uart
                0x200004d0        0x4 ./Core/Src/xbee.o
                0x200004d0                xbee_uart
 .bss.uwTick    0x200004d4        0x4 ./Drivers/STM32L4xx_HAL_Driver/Src/stm32l4xx_hal.o
                0x200004d4                uwTick
 *(COMMON)
                0x200004d8                        . = ALIGN (0x4)
                0x200004d8                        _ebss = .
                0x200004d8                        __bss_end__ = _ebss

._user_heap_stack
                0x200004d8      0x600 load address 0x08005f54
                0x200004d8                        . = ALIGN (0x8)
                [!provide]                        PROVIDE (end = .)
                0x200004d8                        PROVIDE (_end = .)
                0x200006d8                        . = (. + _Min_Heap_Size)
 *fill*         0x200004d8      0x200 
                0x20000ad8                        . = (. + _Min_Stack_Size)
 *fill*         0x200006d8      0x400 
                0x20000ad8                        . = ALIGN (0x8)

/DISCARD/
 libc.a(*)
 libm.a(*)
 libgcc.a(*)

.ARM.attributes
                0x00000000       0x30
 *(.ARM.attributes)
 .ARM.attributes
                0x00000000       0x22 /Applications/STM32CubeIDE.app/Contents/Eclipse/plugins/com.st.stm32cube.ide.mcu.externaltools.gnu-tools-for-stm32.12.3.rel1.macos64_1.0.100.202403111906/tools/bin/../lib/gcc/arm-none-eabi/12.3.1/thumb/v7e-m+fp/hard/crti.o
 .ARM.attributes
                0x00000022       0x34 /Applications/STM32CubeIDE.app/Contents/Eclipse/plugins/com.st.stm32cube.ide.mcu.externaltools.gnu-tools-for-stm32.12.3.rel1.macos64_1.0.100.202403111906/tools/bin/../lib/gcc/arm-none-eabi/12.3.1/thumb/v7e-m+fp/hard/crtbegin.o
 .ARM.attributes
                0x00000056       0x34 ./Core/Src/Pills.o
 .ARM.attributes
                0x0000008a       0x34 ./Core/Src/ds1307.o
 .ARM.attributes
                0x000000be       0x34 ./Core/Src/ili9488.o
 .ARM.attributes
                0x000000f2       0x34 ./Core/Src/main.o
 .ARM.attributes
                0x00000126       0x34 ./Core/Src/stm32l4xx_hal_msp.o
 .ARM.attributes
                0x0000015a       0x34 ./Core/Src/stm32l4xx_it.o
 .ARM.attributes
                0x0000018e       0x34 ./Core/Src/system_stm32l4xx.o
 .ARM.attributes
                0x000001c2       0x34 ./Core/Src/xbee.o
 .ARM.attributes
                0x000001f6       0x34 ./Core/Src/xpt2046.o
 .ARM.attributes
                0x0000022a       0x21 ./Core/Startup/startup_stm32l4r5zitxp.o
 .ARM.attributes
                0x0000024b       0x34 ./Drivers/STM32L4xx_HAL_Driver/Src/stm32l4xx_hal.o
 .ARM.attributes
                0x0000027f       0x34 ./Drivers/STM32L4xx_HAL_Driver/Src/stm32l4xx_hal_cortex.o
 .ARM.attributes
                0x000002b3       0x34 ./Drivers/STM32L4xx_HAL_Driver/Src/stm32l4xx_hal_gpio.o
 .ARM.attributes
                0x000002e7       0x34 ./Drivers/STM32L4xx_HAL_Driver/Src/stm32l4xx_hal_i2c.o
 .ARM.attributes
                0x0000031b       0x34 ./Drivers/STM32L4xx_HAL_Driver/Src/stm32l4xx_hal_i2c_ex.o
 .ARM.attributes
                0x0000034f       0x34 ./Drivers/STM32L4xx_HAL_Driver/Src/stm32l4xx_hal_pwr_ex.o
 .ARM.attributes
                0x00000383       0x34 ./Drivers/STM32L4xx_HAL_Driver/Src/stm32l4xx_hal_rcc.o
 .ARM.attributes
                0x000003b7       0x34 ./Drivers/STM32L4xx_HAL_Driver/Src/stm32l4xx_hal_rcc_ex.o
 .ARM.attributes
                0x000003eb       0x34 ./Drivers/STM32L4xx_HAL_Driver/Src/stm32l4xx_hal_spi.o
 .ARM.attributes
                0x0000041f       0x34 ./Drivers/STM32L4xx_HAL_Driver/Src/stm32l4xx_hal_uart.o
 .ARM.attributes
                0x00000453       0x34 ./Drivers/STM32L4xx_HAL_Driver/Src/stm32l4xx_hal_uart_ex.o
 .ARM.attributes
                0x00000487       0x34 /Applications/STM32CubeIDE.app/Contents/Eclipse/plugins/com.st.stm32cube.ide.mcu.externaltools.gnu-tools-for-stm32.12.3.rel1.macos64_1.0.100.202403111906/tools/bin/../lib/gcc/arm-none-eabi/12.3.1/../../../../arm-none-eabi/lib/thumb/v7e-m+fp/hard/libc_nano.a(libc_a-memset.o)
 .ARM.attributes
                0x000004bb       0x34 /Applications/STM32CubeIDE.app/Contents/Eclipse/plugins/com.st.stm32cube.ide.mcu.externaltools.gnu-tools-for-stm32.12.3.rel1.macos64_1.0.100.202403111906/tools/bin/../lib/gcc/arm-none-eabi/12.3.1/../../../../arm-none-eabi/lib/thumb/v7e-m+fp/hard/libc_nano.a(libc_a-init.o)
 .ARM.attributes
                0x000004ef       0x22 /Applications/STM32CubeIDE.app/Contents/Eclipse/plugins/com.st.stm32cube.ide.mcu.externaltools.gnu-tools-for-stm32.12.3.rel1.macos64_1.0.100.202403111906/tools/bin/../lib/gcc/arm-none-eabi/12.3.1/thumb/v7e-m+fp/hard/libgcc.a(_aeabi_uldivmod.o)
 .ARM.attributes
                0x00000511       0x34 /Applications/STM32CubeIDE.app/Contents/Eclipse/plugins/com.st.stm32cube.ide.mcu.externaltools.gnu-tools-for-stm32.12.3.rel1.macos64_1.0.100.202403111906/tools/bin/../lib/gcc/arm-none-eabi/12.3.1/thumb/v7e-m+fp/hard/libgcc.a(_udivmoddi4.o)
 .ARM.attributes
                0x00000545       0x22 /Applications/STM32CubeIDE.app/Contents/Eclipse/plugins/com.st.stm32cube.ide.mcu.externaltools.gnu-tools-for-stm32.12.3.rel1.macos64_1.0.100.202403111906/tools/bin/../lib/gcc/arm-none-eabi/12.3.1/thumb/v7e-m+fp/hard/libgcc.a(_dvmd_tls.o)
 .ARM.attributes
                0x00000567       0x22 /Applications/STM32CubeIDE.app/Contents/Eclipse/plugins/com.st.stm32cube.ide.mcu.externaltools.gnu-tools-for-stm32.12.3.rel1.macos64_1.0.100.202403111906/tools/bin/../lib/gcc/arm-none-eabi/12.3.1/thumb/v7e-m+fp/hard/crtn.o
OUTPUT(Integration.elf elf32-littlearm)
LOAD linker stubs
LOAD /Applications/STM32CubeIDE.app/Contents/Eclipse/plugins/com.st.stm32cube.ide.mcu.externaltools.gnu-tools-for-stm32.12.3.rel1.macos64_1.0.100.202403111906/tools/bin/../lib/gcc/arm-none-eabi/12.3.1/../../../../arm-none-eabi/lib/thumb/v7e-m+fp/hard/libc.a
LOAD /Applications/STM32CubeIDE.app/Contents/Eclipse/plugins/com.st.stm32cube.ide.mcu.externaltools.gnu-tools-for-stm32.12.3.rel1.macos64_1.0.100.202403111906/tools/bin/../lib/gcc/arm-none-eabi/12.3.1/../../../../arm-none-eabi/lib/thumb/v7e-m+fp/hard/libm.a
LOAD /Applications/STM32CubeIDE.app/Contents/Eclipse/plugins/com.st.stm32cube.ide.mcu.externaltools.gnu-tools-for-stm32.12.3.rel1.macos64_1.0.100.202403111906/tools/bin/../lib/gcc/arm-none-eabi/12.3.1/thumb/v7e-m+fp/hard/libgcc.a

.debug_info     0x00000000    0x151fe
 .debug_info    0x00000000      0x336 ./Core/Src/Pills.o
 .debug_info    0x00000336      0xbc5 ./Core/Src/ds1307.o
 .debug_info    0x00000efb     0x14ed ./Core/Src/ili9488.o
 .debug_info    0x000023e8     0x1713 ./Core/Src/main.o
 .debug_info    0x00003afb     0x1622 ./Core/Src/stm32l4xx_hal_msp.o
 .debug_info    0x0000511d      0x152 ./Core/Src/stm32l4xx_it.o
 .debug_info    0x0000526f      0x5e9 ./Core/Src/system_stm32l4xx.o
 .debug_info    0x00005858      0xaa6 ./Core/Src/xbee.o
 .debug_info    0x000062fe      0x98a ./Core/Src/xpt2046.o
 .debug_info    0x00006c88       0x30 ./Core/Startup/startup_stm32l4r5zitxp.o
 .debug_info    0x00006cb8      0xb49 ./Drivers/STM32L4xx_HAL_Driver/Src/stm32l4xx_hal.o
 .debug_info    0x00007801      0xd64 ./Drivers/STM32L4xx_HAL_Driver/Src/stm32l4xx_hal_cortex.o
 .debug_info    0x00008565      0x787 ./Drivers/STM32L4xx_HAL_Driver/Src/stm32l4xx_hal_gpio.o
 .debug_info    0x00008cec     0x21ab ./Drivers/STM32L4xx_HAL_Driver/Src/stm32l4xx_hal_i2c.o
 .debug_info    0x0000ae97      0xb09 ./Drivers/STM32L4xx_HAL_Driver/Src/stm32l4xx_hal_i2c_ex.o
 .debug_info    0x0000b9a0      0xa0a ./Drivers/STM32L4xx_HAL_Driver/Src/stm32l4xx_hal_pwr_ex.o
 .debug_info    0x0000c3aa      0xd32 ./Drivers/STM32L4xx_HAL_Driver/Src/stm32l4xx_hal_rcc.o
 .debug_info    0x0000d0dc     0x1167 ./Drivers/STM32L4xx_HAL_Driver/Src/stm32l4xx_hal_rcc_ex.o
 .debug_info    0x0000e243     0x172e ./Drivers/STM32L4xx_HAL_Driver/Src/stm32l4xx_hal_spi.o
 .debug_info    0x0000f971     0x4875 ./Drivers/STM32L4xx_HAL_Driver/Src/stm32l4xx_hal_uart.o
 .debug_info    0x000141e6     0x1018 ./Drivers/STM32L4xx_HAL_Driver/Src/stm32l4xx_hal_uart_ex.o

.debug_abbrev   0x00000000     0x2c95
 .debug_abbrev  0x00000000      0x18c ./Core/Src/Pills.o
 .debug_abbrev  0x0000018c      0x242 ./Core/Src/ds1307.o
 .debug_abbrev  0x000003ce      0x297 ./Core/Src/ili9488.o
 .debug_abbrev  0x00000665      0x2e3 ./Core/Src/main.o
 .debug_abbrev  0x00000948      0x21d ./Core/Src/stm32l4xx_hal_msp.o
 .debug_abbrev  0x00000b65       0x93 ./Core/Src/stm32l4xx_it.o
 .debug_abbrev  0x00000bf8      0x11a ./Core/Src/system_stm32l4xx.o
 .debug_abbrev  0x00000d12      0x204 ./Core/Src/xbee.o
 .debug_abbrev  0x00000f16      0x22a ./Core/Src/xpt2046.o
 .debug_abbrev  0x00001140       0x24 ./Core/Startup/startup_stm32l4r5zitxp.o
 .debug_abbrev  0x00001164      0x242 ./Drivers/STM32L4xx_HAL_Driver/Src/stm32l4xx_hal.o
 .debug_abbrev  0x000013a6      0x327 ./Drivers/STM32L4xx_HAL_Driver/Src/stm32l4xx_hal_cortex.o
 .debug_abbrev  0x000016cd      0x1cb ./Drivers/STM32L4xx_HAL_Driver/Src/stm32l4xx_hal_gpio.o
 .debug_abbrev  0x00001898      0x25e ./Drivers/STM32L4xx_HAL_Driver/Src/stm32l4xx_hal_i2c.o
 .debug_abbrev  0x00001af6      0x1c0 ./Drivers/STM32L4xx_HAL_Driver/Src/stm32l4xx_hal_i2c_ex.o
 .debug_abbrev  0x00001cb6      0x1f9 ./Drivers/STM32L4xx_HAL_Driver/Src/stm32l4xx_hal_pwr_ex.o
 .debug_abbrev  0x00001eaf      0x306 ./Drivers/STM32L4xx_HAL_Driver/Src/stm32l4xx_hal_rcc.o
 .debug_abbrev  0x000021b5      0x2a3 ./Drivers/STM32L4xx_HAL_Driver/Src/stm32l4xx_hal_rcc_ex.o
 .debug_abbrev  0x00002458      0x267 ./Drivers/STM32L4xx_HAL_Driver/Src/stm32l4xx_hal_spi.o
 .debug_abbrev  0x000026bf      0x304 ./Drivers/STM32L4xx_HAL_Driver/Src/stm32l4xx_hal_uart.o
 .debug_abbrev  0x000029c3      0x2d2 ./Drivers/STM32L4xx_HAL_Driver/Src/stm32l4xx_hal_uart_ex.o

.debug_aranges  0x00000000     0x11c0
 .debug_aranges
                0x00000000       0x58 ./Core/Src/Pills.o
 .debug_aranges
                0x00000058       0xe8 ./Core/Src/ds1307.o
 .debug_aranges
                0x00000140      0x100 ./Core/Src/ili9488.o
 .debug_aranges
                0x00000240       0x60 ./Core/Src/main.o
 .debug_aranges
                0x000002a0       0x50 ./Core/Src/stm32l4xx_hal_msp.o
 .debug_aranges
                0x000002f0       0x60 ./Core/Src/stm32l4xx_it.o
 .debug_aranges
                0x00000350       0x28 ./Core/Src/system_stm32l4xx.o
 .debug_aranges
                0x00000378       0x68 ./Core/Src/xbee.o
 .debug_aranges
                0x000003e0       0x50 ./Core/Src/xpt2046.o
 .debug_aranges
                0x00000430       0x28 ./Core/Startup/startup_stm32l4r5zitxp.o
 .debug_aranges
                0x00000458      0x130 ./Drivers/STM32L4xx_HAL_Driver/Src/stm32l4xx_hal.o
 .debug_aranges
                0x00000588      0x118 ./Drivers/STM32L4xx_HAL_Driver/Src/stm32l4xx_hal_cortex.o
 .debug_aranges
                0x000006a0       0x58 ./Drivers/STM32L4xx_HAL_Driver/Src/stm32l4xx_hal_gpio.o
 .debug_aranges
                0x000006f8      0x2a0 ./Drivers/STM32L4xx_HAL_Driver/Src/stm32l4xx_hal_i2c.o
 .debug_aranges
                0x00000998       0x48 ./Drivers/STM32L4xx_HAL_Driver/Src/stm32l4xx_hal_i2c_ex.o
 .debug_aranges
                0x000009e0      0x170 ./Drivers/STM32L4xx_HAL_Driver/Src/stm32l4xx_hal_pwr_ex.o
 .debug_aranges
                0x00000b50       0x98 ./Drivers/STM32L4xx_HAL_Driver/Src/stm32l4xx_hal_rcc.o
 .debug_aranges
                0x00000be8      0x110 ./Drivers/STM32L4xx_HAL_Driver/Src/stm32l4xx_hal_rcc_ex.o
 .debug_aranges
                0x00000cf8      0x1d8 ./Drivers/STM32L4xx_HAL_Driver/Src/stm32l4xx_hal_spi.o
 .debug_aranges
                0x00000ed0      0x248 ./Drivers/STM32L4xx_HAL_Driver/Src/stm32l4xx_hal_uart.o
 .debug_aranges
                0x00001118       0xa8 ./Drivers/STM32L4xx_HAL_Driver/Src/stm32l4xx_hal_uart_ex.o

.debug_rnglists
                0x00000000      0xdc7
 .debug_rnglists
                0x00000000       0x3f ./Core/Src/Pills.o
 .debug_rnglists
                0x0000003f       0xa9 ./Core/Src/ds1307.o
 .debug_rnglists
                0x000000e8       0xce ./Core/Src/ili9488.o
 .debug_rnglists
                0x000001b6       0x49 ./Core/Src/main.o
 .debug_rnglists
                0x000001ff       0x3a ./Core/Src/stm32l4xx_hal_msp.o
 .debug_rnglists
                0x00000239       0x43 ./Core/Src/stm32l4xx_it.o
 .debug_rnglists
                0x0000027c       0x1a ./Core/Src/system_stm32l4xx.o
 .debug_rnglists
                0x00000296       0x49 ./Core/Src/xbee.o
 .debug_rnglists
                0x000002df       0x38 ./Core/Src/xpt2046.o
 .debug_rnglists
                0x00000317       0x19 ./Core/Startup/startup_stm32l4r5zitxp.o
 .debug_rnglists
                0x00000330       0xdf ./Drivers/STM32L4xx_HAL_Driver/Src/stm32l4xx_hal.o
 .debug_rnglists
                0x0000040f       0xce ./Drivers/STM32L4xx_HAL_Driver/Src/stm32l4xx_hal_cortex.o
 .debug_rnglists
                0x000004dd       0x3f ./Drivers/STM32L4xx_HAL_Driver/Src/stm32l4xx_hal_gpio.o
 .debug_rnglists
                0x0000051c      0x228 ./Drivers/STM32L4xx_HAL_Driver/Src/stm32l4xx_hal_i2c.o
 .debug_rnglists
                0x00000744       0x35 ./Drivers/STM32L4xx_HAL_Driver/Src/stm32l4xx_hal_i2c_ex.o
 .debug_rnglists
                0x00000779      0x115 ./Drivers/STM32L4xx_HAL_Driver/Src/stm32l4xx_hal_pwr_ex.o
 .debug_rnglists
                0x0000088e       0x74 ./Drivers/STM32L4xx_HAL_Driver/Src/stm32l4xx_hal_rcc.o
 .debug_rnglists
                0x00000902       0xd4 ./Drivers/STM32L4xx_HAL_Driver/Src/stm32l4xx_hal_rcc_ex.o
 .debug_rnglists
                0x000009d6      0x178 ./Drivers/STM32L4xx_HAL_Driver/Src/stm32l4xx_hal_spi.o
 .debug_rnglists
                0x00000b4e      0x1fa ./Drivers/STM32L4xx_HAL_Driver/Src/stm32l4xx_hal_uart.o
 .debug_rnglists
                0x00000d48       0x7f ./Drivers/STM32L4xx_HAL_Driver/Src/stm32l4xx_hal_uart_ex.o

.debug_macro    0x00000000    0x2b9d6
 .debug_macro   0x00000000      0x394 ./Core/Src/Pills.o
 .debug_macro   0x00000394      0xab4 ./Core/Src/Pills.o
 .debug_macro   0x00000e48      0x1ad ./Core/Src/Pills.o
 .debug_macro   0x00000ff5       0x2e ./Core/Src/Pills.o
 .debug_macro   0x00001023       0x28 ./Core/Src/Pills.o
 .debug_macro   0x0000104b       0x22 ./Core/Src/Pills.o
 .debug_macro   0x0000106d       0x8e ./Core/Src/Pills.o
 .debug_macro   0x000010fb       0x51 ./Core/Src/Pills.o
 .debug_macro   0x0000114c      0x103 ./Core/Src/Pills.o
 .debug_macro   0x0000124f       0x6a ./Core/Src/Pills.o
 .debug_macro   0x000012b9      0x1df ./Core/Src/Pills.o
 .debug_macro   0x00001498       0x1c ./Core/Src/Pills.o
 .debug_macro   0x000014b4       0x22 ./Core/Src/Pills.o
 .debug_macro   0x000014d6       0xfb ./Core/Src/Pills.o
 .debug_macro   0x000015d1     0x1011 ./Core/Src/Pills.o
 .debug_macro   0x000025e2      0x11f ./Core/Src/Pills.o
 .debug_macro   0x00002701    0x1cb71 ./Core/Src/Pills.o
 .debug_macro   0x0001f272       0x6d ./Core/Src/Pills.o
 .debug_macro   0x0001f2df     0x38ed ./Core/Src/Pills.o
 .debug_macro   0x00022bcc      0x189 ./Core/Src/Pills.o
 .debug_macro   0x00022d55       0x5c ./Core/Src/Pills.o
 .debug_macro   0x00022db1     0x1884 ./Core/Src/Pills.o
 .debug_macro   0x00024635      0x7dc ./Core/Src/Pills.o
 .debug_macro   0x00024e11      0x1b9 ./Core/Src/Pills.o
 .debug_macro   0x00024fca      0x225 ./Core/Src/Pills.o
 .debug_macro   0x000251ef      0x486 ./Core/Src/Pills.o
 .debug_macro   0x00025675      0x1ce ./Core/Src/Pills.o
 .debug_macro   0x00025843       0x43 ./Core/Src/Pills.o
 .debug_macro   0x00025886      0x23d ./Core/Src/Pills.o
 .debug_macro   0x00025ac3      0x241 ./Core/Src/Pills.o
 .debug_macro   0x00025d04      0x416 ./Core/Src/Pills.o
 .debug_macro   0x0002611a       0x1c ./Core/Src/Pills.o
 .debug_macro   0x00026136       0xf2 ./Core/Src/Pills.o
 .debug_macro   0x00026228      0x22c ./Core/Src/Pills.o
 .debug_macro   0x00026454       0x61 ./Core/Src/Pills.o
 .debug_macro   0x000264b5       0xa5 ./Core/Src/Pills.o
 .debug_macro   0x0002655a      0x122 ./Core/Src/Pills.o
 .debug_macro   0x0002667c      0x3f6 ./Core/Src/Pills.o
 .debug_macro   0x00026a72      0x2fe ./Core/Src/Pills.o
 .debug_macro   0x00026d70      0x693 ./Core/Src/Pills.o
 .debug_macro   0x00027403       0xa6 ./Core/Src/Pills.o
 .debug_macro   0x000274a9      0x432 ./Core/Src/Pills.o
 .debug_macro   0x000278db       0x61 ./Core/Src/Pills.o
 .debug_macro   0x0002793c       0x2a ./Core/Src/Pills.o
 .debug_macro   0x00027966       0x43 ./Core/Src/Pills.o
 .debug_macro   0x000279a9       0x34 ./Core/Src/Pills.o
 .debug_macro   0x000279dd       0x16 ./Core/Src/Pills.o
 .debug_macro   0x000279f3       0x43 ./Core/Src/Pills.o
 .debug_macro   0x00027a36       0x34 ./Core/Src/Pills.o
 .debug_macro   0x00027a6a       0x10 ./Core/Src/Pills.o
 .debug_macro   0x00027a7a       0x58 ./Core/Src/Pills.o
 .debug_macro   0x00027ad2       0x8e ./Core/Src/Pills.o
 .debug_macro   0x00027b60       0x1c ./Core/Src/Pills.o
 .debug_macro   0x00027b7c      0x177 ./Core/Src/Pills.o
 .debug_macro   0x00027cf3      0x369 ./Core/Src/Pills.o
 .debug_macro   0x0002805c      0x19b ./Core/Src/Pills.o
 .debug_macro   0x000281f7       0x22 ./Core/Src/Pills.o
 .debug_macro   0x00028219       0x16 ./Core/Src/Pills.o
 .debug_macro   0x0002822f       0x35 ./Core/Src/Pills.o
 .debug_macro   0x00028264       0x16 ./Core/Src/Pills.o
 .debug_macro   0x0002827a       0x29 ./Core/Src/Pills.o
 .debug_macro   0x000282a3       0x1c ./Core/Src/Pills.o
 .debug_macro   0x000282bf       0x10 ./Core/Src/Pills.o
 .debug_macro   0x000282cf       0x1c ./Core/Src/Pills.o
 .debug_macro   0x000282eb       0x16 ./Core/Src/Pills.o
 .debug_macro   0x00028301      0x146 ./Core/Src/Pills.o
 .debug_macro   0x00028447       0x16 ./Core/Src/Pills.o
 .debug_macro   0x0002845d       0x20 ./Core/Src/Pills.o
 .debug_macro   0x0002847d      0x251 ./Core/Src/Pills.o
 .debug_macro   0x000286ce       0x7c ./Core/Src/Pills.o
 .debug_macro   0x0002874a       0x70 ./Core/Src/Pills.o
 .debug_macro   0x000287ba       0x58 ./Core/Src/Pills.o
 .debug_macro   0x00028812      0x394 ./Core/Src/ds1307.o
 .debug_macro   0x00028ba6      0x38a ./Core/Src/ili9488.o
 .debug_macro   0x00028f30      0x386 ./Core/Src/main.o
 .debug_macro   0x000292b6      0x386 ./Core/Src/stm32l4xx_hal_msp.o
 .debug_macro   0x0002963c      0x390 ./Core/Src/stm32l4xx_it.o
 .debug_macro   0x000299cc      0x1e8 ./Core/Src/system_stm32l4xx.o
 .debug_macro   0x00029bb4      0x398 ./Core/Src/xbee.o
 .debug_macro   0x00029f4c      0x390 ./Core/Src/xpt2046.o
 .debug_macro   0x0002a2dc      0x236 ./Drivers/STM32L4xx_HAL_Driver/Src/stm32l4xx_hal.o
 .debug_macro   0x0002a512      0x1e8 ./Drivers/STM32L4xx_HAL_Driver/Src/stm32l4xx_hal_cortex.o
 .debug_macro   0x0002a6fa      0x1ef ./Drivers/STM32L4xx_HAL_Driver/Src/stm32l4xx_hal_gpio.o
 .debug_macro   0x0002a8e9      0x2b4 ./Drivers/STM32L4xx_HAL_Driver/Src/stm32l4xx_hal_i2c.o
 .debug_macro   0x0002ab9d      0x1e8 ./Drivers/STM32L4xx_HAL_Driver/Src/stm32l4xx_hal_i2c_ex.o
 .debug_macro   0x0002ad85      0x212 ./Drivers/STM32L4xx_HAL_Driver/Src/stm32l4xx_hal_pwr_ex.o
 .debug_macro   0x0002af97      0x22a ./Drivers/STM32L4xx_HAL_Driver/Src/stm32l4xx_hal_rcc.o
 .debug_macro   0x0002b1c1      0x21e ./Drivers/STM32L4xx_HAL_Driver/Src/stm32l4xx_hal_rcc_ex.o
 .debug_macro   0x0002b3df      0x1f0 ./Drivers/STM32L4xx_HAL_Driver/Src/stm32l4xx_hal_spi.o
 .debug_macro   0x0002b5cf      0x213 ./Drivers/STM32L4xx_HAL_Driver/Src/stm32l4xx_hal_uart.o
 .debug_macro   0x0002b7e2      0x1f4 ./Drivers/STM32L4xx_HAL_Driver/Src/stm32l4xx_hal_uart_ex.o

.debug_line     0x00000000    0x17065
 .debug_line    0x00000000      0xae3 ./Core/Src/Pills.o
 .debug_line    0x00000ae3      0xbff ./Core/Src/ds1307.o
 .debug_line    0x000016e2     0x1547 ./Core/Src/ili9488.o
 .debug_line    0x00002c29      0xbc2 ./Core/Src/main.o
 .debug_line    0x000037eb      0xacc ./Core/Src/stm32l4xx_hal_msp.o
 .debug_line    0x000042b7      0x9fe ./Core/Src/stm32l4xx_it.o
 .debug_line    0x00004cb5      0x7ca ./Core/Src/system_stm32l4xx.o
 .debug_line    0x0000547f      0xa37 ./Core/Src/xbee.o
 .debug_line    0x00005eb6      0xa2a ./Core/Src/xpt2046.o
 .debug_line    0x000068e0       0x7a ./Core/Startup/startup_stm32l4r5zitxp.o
 .debug_line    0x0000695a      0xb25 ./Drivers/STM32L4xx_HAL_Driver/Src/stm32l4xx_hal.o
 .debug_line    0x0000747f      0xcc4 ./Drivers/STM32L4xx_HAL_Driver/Src/stm32l4xx_hal_cortex.o
 .debug_line    0x00008143      0xb99 ./Drivers/STM32L4xx_HAL_Driver/Src/stm32l4xx_hal_gpio.o
 .debug_line    0x00008cdc     0x39a1 ./Drivers/STM32L4xx_HAL_Driver/Src/stm32l4xx_hal_i2c.o
 .debug_line    0x0000c67d      0x94d ./Drivers/STM32L4xx_HAL_Driver/Src/stm32l4xx_hal_i2c_ex.o
 .debug_line    0x0000cfca      0xd8c ./Drivers/STM32L4xx_HAL_Driver/Src/stm32l4xx_hal_pwr_ex.o
 .debug_line    0x0000dd56     0x1076 ./Drivers/STM32L4xx_HAL_Driver/Src/stm32l4xx_hal_rcc.o
 .debug_line    0x0000edcc     0x1987 ./Drivers/STM32L4xx_HAL_Driver/Src/stm32l4xx_hal_rcc_ex.o
 .debug_line    0x00010753     0x1fd7 ./Drivers/STM32L4xx_HAL_Driver/Src/stm32l4xx_hal_spi.o
 .debug_line    0x0001272a     0x3bbd ./Drivers/STM32L4xx_HAL_Driver/Src/stm32l4xx_hal_uart.o
 .debug_line    0x000162e7      0xd7e ./Drivers/STM32L4xx_HAL_Driver/Src/stm32l4xx_hal_uart_ex.o

.debug_str      0x00000000   0x103b98
 .debug_str     0x00000000    0xfe3d6 ./Core/Src/Pills.o
                              0xfe699 (size before relaxing)
 .debug_str     0x000fe3d6      0x807 ./Core/Src/ds1307.o
                              0xfee65 (size before relaxing)
 .debug_str     0x000febdd      0x4f0 ./Core/Src/ili9488.o
                              0xfee05 (size before relaxing)
 .debug_str     0x000ff0cd      0x677 ./Core/Src/main.o
                              0xff55c (size before relaxing)
 .debug_str     0x000ff744      0x357 ./Core/Src/stm32l4xx_hal_msp.o
                              0xff4ba (size before relaxing)
 .debug_str     0x000ffa9b       0xc9 ./Core/Src/stm32l4xx_it.o
                              0xfe627 (size before relaxing)
 .debug_str     0x000ffb64       0xf2 ./Core/Src/system_stm32l4xx.o
                              0xf999e (size before relaxing)
 .debug_str     0x000ffc56       0xd3 ./Core/Src/xbee.o
                              0xfec90 (size before relaxing)
 .debug_str     0x000ffd29       0x63 ./Core/Src/xpt2046.o
                              0xfeb8d (size before relaxing)
 .debug_str     0x000ffd8c       0x45 ./Core/Startup/startup_stm32l4r5zitxp.o
                                 0x7e (size before relaxing)
 .debug_str     0x000ffdd1      0xaac ./Drivers/STM32L4xx_HAL_Driver/Src/stm32l4xx_hal.o
                              0xfa56e (size before relaxing)
 .debug_str     0x0010087d      0x344 ./Drivers/STM32L4xx_HAL_Driver/Src/stm32l4xx_hal_cortex.o
                              0xfa1fd (size before relaxing)
 .debug_str     0x00100bc1      0x123 ./Drivers/STM32L4xx_HAL_Driver/Src/stm32l4xx_hal_gpio.o
                              0xf9b18 (size before relaxing)
 .debug_str     0x00100ce4      0xdc0 ./Drivers/STM32L4xx_HAL_Driver/Src/stm32l4xx_hal_i2c.o
                              0xfac89 (size before relaxing)
 .debug_str     0x00101aa4       0xb8 ./Drivers/STM32L4xx_HAL_Driver/Src/stm32l4xx_hal_i2c_ex.o
                              0xf9fd6 (size before relaxing)
 .debug_str     0x00101b5c      0x575 ./Drivers/STM32L4xx_HAL_Driver/Src/stm32l4xx_hal_pwr_ex.o
                              0xf9f71 (size before relaxing)
 .debug_str     0x001020d1      0x3c7 ./Drivers/STM32L4xx_HAL_Driver/Src/stm32l4xx_hal_rcc.o
                              0xfa011 (size before relaxing)
 .debug_str     0x00102498      0x5b3 ./Drivers/STM32L4xx_HAL_Driver/Src/stm32l4xx_hal_rcc_ex.o
                              0xfa3d2 (size before relaxing)
 .debug_str     0x00102a4b      0x54b ./Drivers/STM32L4xx_HAL_Driver/Src/stm32l4xx_hal_spi.o
                              0xfa29b (size before relaxing)
 .debug_str     0x00102f96      0x997 ./Drivers/STM32L4xx_HAL_Driver/Src/stm32l4xx_hal_uart.o
                              0xfa942 (size before relaxing)
 .debug_str     0x0010392d      0x26b ./Drivers/STM32L4xx_HAL_Driver/Src/stm32l4xx_hal_uart_ex.o
                              0xfa152 (size before relaxing)

.comment        0x00000000       0x43
 .comment       0x00000000       0x43 ./Core/Src/Pills.o
                                 0x44 (size before relaxing)
 .comment       0x00000043       0x44 ./Core/Src/ds1307.o
 .comment       0x00000043       0x44 ./Core/Src/ili9488.o
 .comment       0x00000043       0x44 ./Core/Src/main.o
 .comment       0x00000043       0x44 ./Core/Src/stm32l4xx_hal_msp.o
 .comment       0x00000043       0x44 ./Core/Src/stm32l4xx_it.o
 .comment       0x00000043       0x44 ./Core/Src/system_stm32l4xx.o
 .comment       0x00000043       0x44 ./Core/Src/xbee.o
 .comment       0x00000043       0x44 ./Core/Src/xpt2046.o
 .comment       0x00000043       0x44 ./Drivers/STM32L4xx_HAL_Driver/Src/stm32l4xx_hal.o
 .comment       0x00000043       0x44 ./Drivers/STM32L4xx_HAL_Driver/Src/stm32l4xx_hal_cortex.o
 .comment       0x00000043       0x44 ./Drivers/STM32L4xx_HAL_Driver/Src/stm32l4xx_hal_gpio.o
 .comment       0x00000043       0x44 ./Drivers/STM32L4xx_HAL_Driver/Src/stm32l4xx_hal_i2c.o
 .comment       0x00000043       0x44 ./Drivers/STM32L4xx_HAL_Driver/Src/stm32l4xx_hal_i2c_ex.o
 .comment       0x00000043       0x44 ./Drivers/STM32L4xx_HAL_Driver/Src/stm32l4xx_hal_pwr_ex.o
 .comment       0x00000043       0x44 ./Drivers/STM32L4xx_HAL_Driver/Src/stm32l4xx_hal_rcc.o
 .comment       0x00000043       0x44 ./Drivers/STM32L4xx_HAL_Driver/Src/stm32l4xx_hal_rcc_ex.o
 .comment       0x00000043       0x44 ./Drivers/STM32L4xx_HAL_Driver/Src/stm32l4xx_hal_spi.o
 .comment       0x00000043       0x44 ./Drivers/STM32L4xx_HAL_Driver/Src/stm32l4xx_hal_uart.o
 .comment       0x00000043       0x44 ./Drivers/STM32L4xx_HAL_Driver/Src/stm32l4xx_hal_uart_ex.o

.debug_frame    0x00000000     0x49c0
 .debug_frame   0x00000000      0x140 ./Core/Src/Pills.o
 .debug_frame   0x00000140      0x378 ./Core/Src/ds1307.o
 .debug_frame   0x000004b8      0x480 ./Core/Src/ili9488.o
 .debug_frame   0x00000938      0x11c ./Core/Src/main.o
 .debug_frame   0x00000a54      0x118 ./Core/Src/stm32l4xx_hal_msp.o
 .debug_frame   0x00000b6c      0x104 ./Core/Src/stm32l4xx_it.o
 .debug_frame   0x00000c70       0x58 ./Core/Src/system_stm32l4xx.o
 .debug_frame   0x00000cc8      0x16c ./Core/Src/xbee.o
 .debug_frame   0x00000e34      0x108 ./Core/Src/xpt2046.o
 .debug_frame   0x00000f3c      0x498 ./Drivers/STM32L4xx_HAL_Driver/Src/stm32l4xx_hal.o
 .debug_frame   0x000013d4      0x498 ./Drivers/STM32L4xx_HAL_Driver/Src/stm32l4xx_hal_cortex.o
 .debug_frame   0x0000186c      0x14c ./Drivers/STM32L4xx_HAL_Driver/Src/stm32l4xx_hal_gpio.o
 .debug_frame   0x000019b8      0xc38 ./Drivers/STM32L4xx_HAL_Driver/Src/stm32l4xx_hal_i2c.o
 .debug_frame   0x000025f0      0x100 ./Drivers/STM32L4xx_HAL_Driver/Src/stm32l4xx_hal_i2c_ex.o
 .debug_frame   0x000026f0      0x5c4 ./Drivers/STM32L4xx_HAL_Driver/Src/stm32l4xx_hal_pwr_ex.o
 .debug_frame   0x00002cb4      0x248 ./Drivers/STM32L4xx_HAL_Driver/Src/stm32l4xx_hal_rcc.o
 .debug_frame   0x00002efc      0x464 ./Drivers/STM32L4xx_HAL_Driver/Src/stm32l4xx_hal_rcc_ex.o
 .debug_frame   0x00003360      0x860 ./Drivers/STM32L4xx_HAL_Driver/Src/stm32l4xx_hal_spi.o
 .debug_frame   0x00003bc0      0xa94 ./Drivers/STM32L4xx_HAL_Driver/Src/stm32l4xx_hal_uart.o
 .debug_frame   0x00004654      0x2c0 ./Drivers/STM32L4xx_HAL_Driver/Src/stm32l4xx_hal_uart_ex.o
 .debug_frame   0x00004914       0x20 /Applications/STM32CubeIDE.app/Contents/Eclipse/plugins/com.st.stm32cube.ide.mcu.externaltools.gnu-tools-for-stm32.12.3.rel1.macos64_1.0.100.202403111906/tools/bin/../lib/gcc/arm-none-eabi/12.3.1/../../../../arm-none-eabi/lib/thumb/v7e-m+fp/hard/libc_nano.a(libc_a-memset.o)
 .debug_frame   0x00004934       0x2c /Applications/STM32CubeIDE.app/Contents/Eclipse/plugins/com.st.stm32cube.ide.mcu.externaltools.gnu-tools-for-stm32.12.3.rel1.macos64_1.0.100.202403111906/tools/bin/../lib/gcc/arm-none-eabi/12.3.1/../../../../arm-none-eabi/lib/thumb/v7e-m+fp/hard/libc_nano.a(libc_a-init.o)
 .debug_frame   0x00004960       0x2c /Applications/STM32CubeIDE.app/Contents/Eclipse/plugins/com.st.stm32cube.ide.mcu.externaltools.gnu-tools-for-stm32.12.3.rel1.macos64_1.0.100.202403111906/tools/bin/../lib/gcc/arm-none-eabi/12.3.1/thumb/v7e-m+fp/hard/libgcc.a(_aeabi_uldivmod.o)
 .debug_frame   0x0000498c       0x34 /Applications/STM32CubeIDE.app/Contents/Eclipse/plugins/com.st.stm32cube.ide.mcu.externaltools.gnu-tools-for-stm32.12.3.rel1.macos64_1.0.100.202403111906/tools/bin/../lib/gcc/arm-none-eabi/12.3.1/thumb/v7e-m+fp/hard/libgcc.a(_udivmoddi4.o)

.debug_line_str
                0x00000000       0x62
 .debug_line_str
                0x00000000       0x62 ./Core/Startup/startup_stm32l4r5zitxp.o
