Archive member included to satisfy reference by file (symbol)

/Applications/STM32CubeIDE.app/Contents/Eclipse/plugins/com.st.stm32cube.ide.mcu.externaltools.gnu-tools-for-stm32.12.3.rel1.macos64_1.0.100.202403111906/tools/bin/../lib/gcc/arm-none-eabi/12.3.1/../../../../arm-none-eabi/lib/thumb/v7e-m+fp/hard/libc_nano.a(libc_a-exit.o)
                              /Applications/STM32CubeIDE.app/Contents/Eclipse/plugins/com.st.stm32cube.ide.mcu.externaltools.gnu-tools-for-stm32.12.3.rel1.macos64_1.0.100.202403111906/tools/bin/../lib/gcc/arm-none-eabi/12.3.1/../../../../arm-none-eabi/lib/thumb/v7e-m+fp/hard/crt0.o (exit)
/Applications/STM32CubeIDE.app/Contents/Eclipse/plugins/com.st.stm32cube.ide.mcu.externaltools.gnu-tools-for-stm32.12.3.rel1.macos64_1.0.100.202403111906/tools/bin/../lib/gcc/arm-none-eabi/12.3.1/../../../../arm-none-eabi/lib/thumb/v7e-m+fp/hard/libc_nano.a(libc_a-malloc.o)
                              ./Core/Src/Pills.o (free)
/Applications/STM32CubeIDE.app/Contents/Eclipse/plugins/com.st.stm32cube.ide.mcu.externaltools.gnu-tools-for-stm32.12.3.rel1.macos64_1.0.100.202403111906/tools/bin/../lib/gcc/arm-none-eabi/12.3.1/../../../../arm-none-eabi/lib/thumb/v7e-m+fp/hard/libc_nano.a(libc_a-mallocr.o)
                              /Applications/STM32CubeIDE.app/Contents/Eclipse/plugins/com.st.stm32cube.ide.mcu.externaltools.gnu-tools-for-stm32.12.3.rel1.macos64_1.0.100.202403111906/tools/bin/../lib/gcc/arm-none-eabi/12.3.1/../../../../arm-none-eabi/lib/thumb/v7e-m+fp/hard/libc_nano.a(libc_a-malloc.o) (_malloc_r)
/Applications/STM32CubeIDE.app/Contents/Eclipse/plugins/com.st.stm32cube.ide.mcu.externaltools.gnu-tools-for-stm32.12.3.rel1.macos64_1.0.100.202403111906/tools/bin/../lib/gcc/arm-none-eabi/12.3.1/../../../../arm-none-eabi/lib/thumb/v7e-m+fp/hard/libc_nano.a(libc_a-mlock.o)
                              /Applications/STM32CubeIDE.app/Contents/Eclipse/plugins/com.st.stm32cube.ide.mcu.externaltools.gnu-tools-for-stm32.12.3.rel1.macos64_1.0.100.202403111906/tools/bin/../lib/gcc/arm-none-eabi/12.3.1/../../../../arm-none-eabi/lib/thumb/v7e-m+fp/hard/libc_nano.a(libc_a-mallocr.o) (__malloc_lock)
/Applications/STM32CubeIDE.app/Contents/Eclipse/plugins/com.st.stm32cube.ide.mcu.externaltools.gnu-tools-for-stm32.12.3.rel1.macos64_1.0.100.202403111906/tools/bin/../lib/gcc/arm-none-eabi/12.3.1/../../../../arm-none-eabi/lib/thumb/v7e-m+fp/hard/libc_nano.a(libc_a-sprintf.o)
                              ./Core/Src/Screens.o (sprintf)
/Applications/STM32CubeIDE.app/Contents/Eclipse/plugins/com.st.stm32cube.ide.mcu.externaltools.gnu-tools-for-stm32.12.3.rel1.macos64_1.0.100.202403111906/tools/bin/../lib/gcc/arm-none-eabi/12.3.1/../../../../arm-none-eabi/lib/thumb/v7e-m+fp/hard/libc_nano.a(libc_a-findfp.o)
                              /Applications/STM32CubeIDE.app/Contents/Eclipse/plugins/com.st.stm32cube.ide.mcu.externaltools.gnu-tools-for-stm32.12.3.rel1.macos64_1.0.100.202403111906/tools/bin/../lib/gcc/arm-none-eabi/12.3.1/../../../../arm-none-eabi/lib/thumb/v7e-m+fp/hard/libc_nano.a(libc_a-exit.o) (__stdio_exit_handler)
/Applications/STM32CubeIDE.app/Contents/Eclipse/plugins/com.st.stm32cube.ide.mcu.externaltools.gnu-tools-for-stm32.12.3.rel1.macos64_1.0.100.202403111906/tools/bin/../lib/gcc/arm-none-eabi/12.3.1/../../../../arm-none-eabi/lib/thumb/v7e-m+fp/hard/libc_nano.a(libc_a-fwalk.o)
                              /Applications/STM32CubeIDE.app/Contents/Eclipse/plugins/com.st.stm32cube.ide.mcu.externaltools.gnu-tools-for-stm32.12.3.rel1.macos64_1.0.100.202403111906/tools/bin/../lib/gcc/arm-none-eabi/12.3.1/../../../../arm-none-eabi/lib/thumb/v7e-m+fp/hard/libc_nano.a(libc_a-findfp.o) (_fwalk_sglue)
/Applications/STM32CubeIDE.app/Contents/Eclipse/plugins/com.st.stm32cube.ide.mcu.externaltools.gnu-tools-for-stm32.12.3.rel1.macos64_1.0.100.202403111906/tools/bin/../lib/gcc/arm-none-eabi/12.3.1/../../../../arm-none-eabi/lib/thumb/v7e-m+fp/hard/libc_nano.a(libc_a-memset.o)
                              /Applications/STM32CubeIDE.app/Contents/Eclipse/plugins/com.st.stm32cube.ide.mcu.externaltools.gnu-tools-for-stm32.12.3.rel1.macos64_1.0.100.202403111906/tools/bin/../lib/gcc/arm-none-eabi/12.3.1/../../../../arm-none-eabi/lib/thumb/v7e-m+fp/hard/crt0.o (memset)
/Applications/STM32CubeIDE.app/Contents/Eclipse/plugins/com.st.stm32cube.ide.mcu.externaltools.gnu-tools-for-stm32.12.3.rel1.macos64_1.0.100.202403111906/tools/bin/../lib/gcc/arm-none-eabi/12.3.1/../../../../arm-none-eabi/lib/thumb/v7e-m+fp/hard/libc_nano.a(libc_a-impure.o)
                              /Applications/STM32CubeIDE.app/Contents/Eclipse/plugins/com.st.stm32cube.ide.mcu.externaltools.gnu-tools-for-stm32.12.3.rel1.macos64_1.0.100.202403111906/tools/bin/../lib/gcc/arm-none-eabi/12.3.1/../../../../arm-none-eabi/lib/thumb/v7e-m+fp/hard/libc_nano.a(libc_a-malloc.o) (_impure_ptr)
[...]
Memory Configuration

Name             Origin             Length             Attributes
RAM              0x20000000         0x000a0000         xrw
RAM2             0x10000000         0x00010000         xrw
RAM3             0x20040000         0x00060000         xrw
FLASH            0x08000000         0x00200000         xr
*default*        0x00000000         0xffffffff

Linker script and memory map

LOAD /Applications/STM32CubeIDE.app/Contents/Eclipse/plugins/com.st.stm32cube.ide.mcu.externaltools.gnu-tools-for-stm32.12.3.rel1.macos64_1.0.100.202403111906/tools/bin/../lib/gcc/arm-none-eabi/12.3.1/thumb/v7e-m+fp/hard/crti.o
LOAD /Applications/STM32CubeIDE.app/Contents/Eclipse/plugins/com.st.stm32cube.ide.mcu.externaltools.gnu-tools-for-stm32.12.3.rel1.macos64_1.0.100.202403111906/tools/bin/../lib/gcc/arm-none-eabi/12.3.1/thumb/v7e-m+fp/hard/crtbegin.o
LOAD /Applications/STM32CubeIDE.app/Contents/Eclipse/plugins/com.st.stm32cube.ide.mcu.externaltools.gnu-tools-for-stm32.12.3.rel1.macos64_1.0.100.202403111906/tools/bin/../lib/gcc/arm-none-eabi/12.3.1/../../../../arm-none-eabi/lib/thumb/v7e-m+fp/hard/crt0.o
LOAD ./Core/Src/Pills.o
LOAD ./Core/Src/Screens.o
LOAD ./Core/Src/ds1307.o
LOAD ./Core/Src/ili9488.o
LOAD ./Core/Src/main.o
LOAD ./Core/Src/stm32l4xx_hal_msp.o
LOAD ./Core/Src/stm32l4xx_it.o
LOAD ./Core/Src/syscalls.o
LOAD ./Core/Src/sysmem.o
LOAD ./Core/Src/system_stm32l4xx.o
LOAD ./Core/Src/xbee.o
LOAD ./Core/Src/xpt2046.o
LOAD ./Core/Startup/startup_stm32l4r5zitxp.o
LOAD ./Drivers/STM32L4xx_HAL_Driver/Src/stm32l4xx_hal.o
LOAD ./Drivers/STM32L4xx_HAL_Driver/Src/stm32l4xx_hal_cortex.o
LOAD ./Drivers/STM32L4xx_HAL_Driver/Src/stm32l4xx_hal_dma.o
LOAD ./Drivers/STM32L4xx_HAL_Driver/Src/stm32l4xx_hal_dma_ex.o
LOAD ./Drivers/STM32L4xx_HAL_Driver/Src/stm32l4xx_hal_exti.o
LOAD ./Drivers/STM32L4xx_HAL_Driver/Src/stm32l4xx_hal_flash.o
LOAD ./Drivers/STM32L4xx_HAL_Driver/Src/stm32l4xx_hal_flash_ex.o
LOAD ./Drivers/STM32L4xx_HAL_Driver/Src/stm32l4xx_hal_flash_ramfunc.o
LOAD ./Drivers/STM32L4xx_HAL_Driver/Src/stm32l4xx_hal_gpio.o
LOAD ./Drivers/STM32L4xx_HAL_Driver/Src/stm32l4xx_hal_i2c.o
LOAD ./Drivers/STM32L4xx_HAL_Driver/Src/stm32l4xx_hal_i2c_ex.o
LOAD ./Drivers/STM32L4xx_HAL_Driver/Src/stm32l4xx_hal_pwr.o
LOAD ./Drivers/STM32L4xx_HAL_Driver/Src/stm32l4xx_hal_pwr_ex.o
LOAD ./Drivers/STM32L4xx_HAL_Driver/Src/stm32l4xx_hal_rcc.o
LOAD ./Drivers/STM32L4xx_HAL_Driver/Src/stm32l4xx_hal_rcc_ex.o
LOAD ./Drivers/STM32L4xx_HAL_Driver/Src/stm32l4xx_hal_spi.o
LOAD ./Drivers/STM32L4xx_HAL_Driver/Src/stm32l4xx_hal_spi_ex.o
LOAD ./Drivers/STM32L4xx_HAL_Driver/Src/stm32l4xx_hal_tim.o
LOAD ./Drivers/STM32L4xx_HAL_Driver/Src/stm32l4xx_hal_tim_ex.o
LOAD ./Drivers/STM32L4xx_HAL_Driver/Src/stm32l4xx_hal_uart.o
LOAD ./Drivers/STM32L4xx_HAL_Driver/Src/stm32l4xx_hal_uart_ex.o
START GROUP
LOAD /Applications/STM32CubeIDE.app/Contents/Eclipse/plugins/com.st.stm32cube.ide.mcu.externaltools.gnu-tools-for-stm32.12.3.rel1.macos64_1.0.100.202403111906/tools/bin/../lib/gcc/arm-none-eabi/12.3.1/../../../../arm-none-eabi/lib/thumb/v7e-m+fp/hard/libc_nano.a
LOAD /Applications/STM32CubeIDE.app/Contents/Eclipse/plugins/com.st.stm32cube.ide.mcu.externaltools.gnu-tools-for-stm32.12.3.rel1.macos64_1.0.100.202403111906/tools/bin/../lib/gcc/arm-none-eabi/12.3.1/../../../../arm-none-eabi/lib/thumb/v7e-m+fp/hard/libm.a
END GROUP
START GROUP
LOAD /Applications/STM32CubeIDE.app/Contents/Eclipse/plugins/com.st.stm32cube.ide.mcu.externaltools.gnu-tools-for-stm32.12.3.rel1.macos64_1.0.100.202403111906/tools/bin/../lib/gcc/arm-none-eabi/12.3.1/thumb/v7e-m+fp/hard/libgcc.a
LOAD /Applications/STM32CubeIDE.app/Contents/Eclipse/plugins/com.st.stm32cube.ide.mcu.externaltools.gnu-tools-for-stm32.12.3.rel1.macos64_1.0.100.202403111906/tools/bin/../lib/gcc/arm-none-eabi/12.3.1/../../../../arm-none-eabi/lib/thumb/v7e-m+fp/hard/libc_nano.a
END GROUP
START GROUP
LOAD /Applications/STM32CubeIDE.app/Contents/Eclipse/plugins/com.st.stm32cube.ide.mcu.externaltools.gnu-tools-for-stm32.12.3.rel1.macos64_1.0.100.202403111906/tools/bin/../lib/gcc/arm-none-eabi/12.3.1/thumb/v7e-m+fp/hard/libgcc.a
LOAD /Applications/STM32CubeIDE.app/Contents/Eclipse/plugins/com.st.stm32cube.ide.mcu.externaltools.gnu-tools-for-stm32.12.3.rel1.macos64_1.0.100.202403111906/tools/bin/../lib/gcc/arm-none-eabi/12.3.1/../../../../arm-none-eabi/lib/thumb/v7e-m+fp/hard/libc_nano.a
LOAD /Applications/STM32CubeIDE.app/Contents/Eclipse/plugins/com.st.stm32cube.ide.mcu.externaltools.gnu-tools-for-stm32.12.3.rel1.macos64_1.0.100.202403111906/tools/bin/../lib/gcc/arm-none-eabi/12.3.1/../../../../arm-none-eabi/lib/thumb/v7e-m+fp/hard/libnosys.a
END GROUP
START GROUP
LOAD /Applications/STM32CubeIDE.app/Contents/Eclipse/plugins/com.st.stm32cube.ide.mcu.externaltools.gnu-tools-for-stm32.12.3.rel1.macos64_1.0.100.202403111906/tools/bin/../lib/gcc/arm-none-eabi/12.3.1/thumb/v7e-m+fp/hard/libgcc.a
LOAD /Applications/STM32CubeIDE.app/Contents/Eclipse/plugins/com.st.stm32cube.ide.mcu.externaltools.gnu-tools-for-stm32.12.3.rel1.macos64_1.0.100.202403111906/tools/bin/../lib/gcc/arm-none-eabi/12.3.1/../../../../arm-none-eabi/lib/thumb/v7e-m+fp/hard/libc_nano.a
LOAD /Applications/STM32CubeIDE.app/Contents/Eclipse/plugins/com.st.stm32cube.ide.mcu.externaltools.gnu-tools-for-stm32.12.3.rel1.macos64_1.0.100.202403111906/tools/bin/../lib/gcc/arm-none-eabi/12.3.1/../../../../arm-none-eabi/lib/thumb/v7e-m+fp/hard/libnosys.a
END GROUP
LOAD /Applications/STM32CubeIDE.app/Contents/Eclipse/plugins/com.st.stm32cube.ide.mcu.externaltools.gnu-tools-for-stm32.12.3.rel1.macos64_1.0.100.202403111906/tools/bin/../lib/gcc/arm-none-eabi/12.3.1/thumb/v7e-m+fp/hard/crtend.o
LOAD /Applications/STM32CubeIDE.app/Contents/Eclipse/plugins/com.st.stm32cube.ide.mcu.externaltools.gnu-tools-for-stm32.12.3.rel1.macos64_1.0.100.202403111906/tools/bin/../lib/gcc/arm-none-eabi/12.3.1/thumb/v7e-m+fp/hard/crtn.o
                0x200a0000                        _estack = (ORIGIN (RAM) + LENGTH (RAM))
                0x00000200                        _Min_Heap_Size = 0x200
                0x00000400                        _Min_Stack_Size = 0x400

.isr_vector     0x08000000      0x1bc
                0x08000000                        . = ALIGN (0x4)
 *(.isr_vector)
 .isr_vector    0x08000000      0x1bc ./Core/Startup/startup_stm32l4r5zitxp.o
                0x08000000                g_pfnVectors
                0x080001bc                        . = ALIGN (0x4)

.text           0x080001c0     0x74cc
                0x080001c0                        . = ALIGN (0x4)
 *(.text)
 .text          0x080001c0       0x40 /Applications/STM32CubeIDE.app/Contents/Eclipse/plugins/com.st.stm32cube.ide.mcu.externaltools.gnu-tools-for-stm32.12.3.rel1.macos64_1.0.100.202403111906/tools/bin/../lib/gcc/arm-none-eabi/12.3.1/thumb/v7e-m+fp/hard/crtbegin.o
 .text          0x08000200       0xa0 /Applications/STM32CubeIDE.app/Contents/Eclipse/plugins/com.st.stm32cube.ide.mcu.externaltools.gnu-tools-for-stm32.12.3.rel1.macos64_1.0.100.202403111906/tools/bin/../lib/gcc/arm-none-eabi/12.3.1/../../../../arm-none-eabi/lib/thumb/v7e-m+fp/hard/libc_nano.a(libc_a-memchr.o)
                0x08000200                memchr
 .text          0x080002a0       0x30 /Applications/STM32CubeIDE.app/Contents/Eclipse/plugins/com.st.stm32cube.ide.mcu.externaltools.gnu-tools-for-stm32.12.3.rel1.macos64_1.0.100.202403111906/tools/bin/../lib/gcc/arm-none-eabi/12.3.1/thumb/v7e-m+fp/hard/libgcc.a(_aeabi_uldivmod.o)
                0x080002a0                __aeabi_uldivmod
 .text          0x080002d0      0x2bc /Applications/STM32CubeIDE.app/Contents/Eclipse/plugins/com.st.stm32cube.ide.mcu.externaltools.gnu-tools-for-stm32.12.3.rel1.macos64_1.0.100.202403111906/tools/bin/../lib/gcc/arm-none-eabi/12.3.1/thumb/v7e-m+fp/hard/libgcc.a(_udivmoddi4.o)
                0x080002d0                __udivmoddi4
 .text          0x0800058c        0x4 /Applications/STM32CubeIDE.app/Contents/Eclipse/plugins/com.st.stm32cube.ide.mcu.externaltools.gnu-tools-for-stm32.12.3.rel1.macos64_1.0.100.202403111906/tools/bin/../lib/gcc/arm-none-eabi/12.3.1/thumb/v7e-m+fp/hard/libgcc.a(_dvmd_tls.o)
                0x0800058c                __aeabi_ldiv0
                0x0800058c                __aeabi_idiv0
 *(.text*)
 .text.addNewEntry
                0x08000590       0x9c ./Core/Src/Pills.o
                0x08000590                addNewEntry
 .text.sortEntries
                0x0800062c      0x1a8 ./Core/Src/Pills.o
                0x0800062c                sortEntries
 .text.compPillEntry
                0x080007d4       0x7a ./Core/Src/Pills.o
                0x080007d4                compPillEntry
 *fill*         0x0800084e        0x2 
 .text.update_next_pill_idx
                0x08000850       0xdc ./Core/Src/Pills.o
                0x08000850                update_next_pill_idx
 .text.get_next_pill_idx
                0x0800092c       0x18 ./Core/Src/Pills.o
                0x0800092c                get_next_pill_idx
 .text.getPillInfo
                0x08000944       0x50 ./Core/Src/Pills.o
                0x08000944                getPillInfo
 .text.getNumPills
                0x08000994       0x18 ./Core/Src/Pills.o
                0x08000994                getNumPills
 .text.clearPillList
                0x080009ac       0x4c ./Core/Src/Pills.o
                0x080009ac                clearPillList
 .text.loadNewPillEntry
                0x080009f8       0xcc ./Core/Src/Pills.o
                0x080009f8                loadNewPillEntry
 .text.LockScreen
                0x08000ac4      0x3d0 ./Core/Src/Screens.o
                0x08000ac4                LockScreen
 .text.DS1307_Init
                0x08000e94       0x20 ./Core/Src/ds1307.o
                0x08000e94                DS1307_Init
 .text.DS1307_SetClockHalt
                0x08000eb4       0x42 ./Core/Src/ds1307.o
                0x08000eb4                DS1307_SetClockHalt
 .text.DS1307_GetClockHalt
                0x08000ef6       0x1a ./Core/Src/ds1307.o
                0x08000ef6                DS1307_GetClockHalt
 .text.DS1307_SetRegByte
                0x08000f10       0x3c ./Core/Src/ds1307.o
                0x08000f10                DS1307_SetRegByte
 .text.DS1307_GetRegByte
                0x08000f4c       0x44 ./Core/Src/ds1307.o
                0x08000f4c                DS1307_GetRegByte
 .text.DS1307_GetDayOfWeek
                0x08000f90       0x18 ./Core/Src/ds1307.o
                0x08000f90                DS1307_GetDayOfWeek
 .text.DS1307_GetDate
                0x08000fa8       0x18 ./Core/Src/ds1307.o
                0x08000fa8                DS1307_GetDate
 .text.DS1307_GetMonth
                0x08000fc0       0x18 ./Core/Src/ds1307.o
                0x08000fc0                DS1307_GetMonth
 .text.DS1307_GetYear
                0x08000fd8       0x42 ./Core/Src/ds1307.o
                0x08000fd8                DS1307_GetYear
 .text.DS1307_GetHour
                0x0800101a       0x1e ./Core/Src/ds1307.o
                0x0800101a                DS1307_GetHour
 .text.DS1307_GetMinute
                0x08001038       0x18 ./Core/Src/ds1307.o
                0x08001038                DS1307_GetMinute
 .text.DS1307_GetSecond
                0x08001050       0x1e ./Core/Src/ds1307.o
                0x08001050                DS1307_GetSecond
 .text.DS1307_SetDayOfWeek
                0x0800106e       0x24 ./Core/Src/ds1307.o
                0x0800106e                DS1307_SetDayOfWeek
 .text.DS1307_SetDate
                0x08001092       0x24 ./Core/Src/ds1307.o
                0x08001092                DS1307_SetDate
 .text.DS1307_SetMonth
                0x080010b6       0x24 ./Core/Src/ds1307.o
                0x080010b6                DS1307_SetMonth
 *fill*         0x080010da        0x2 
 .text.DS1307_SetYear
                0x080010dc       0x54 ./Core/Src/ds1307.o
                0x080010dc                DS1307_SetYear
 .text.DS1307_SetHour
                0x08001130       0x2a ./Core/Src/ds1307.o
                0x08001130                DS1307_SetHour
 .text.DS1307_SetMinute
                0x0800115a       0x24 ./Core/Src/ds1307.o
                0x0800115a                DS1307_SetMinute
 .text.DS1307_SetSecond
                0x0800117e       0x32 ./Core/Src/ds1307.o
                0x0800117e                DS1307_SetSecond
 .text.DS1307_DecodeBCD
                0x080011b0       0x32 ./Core/Src/ds1307.o
                0x080011b0                DS1307_DecodeBCD
 *fill*         0x080011e2        0x2 
 .text.DS1307_EncodeBCD
                0x080011e4       0x44 ./Core/Src/ds1307.o
                0x080011e4                DS1307_EncodeBCD
 .text.ILI9488_SendCommand
                0x08001228       0x4c ./Core/Src/ili9488.o
                0x08001228                ILI9488_SendCommand
 .text.ILI9488_SendData
                0x08001274       0x4c ./Core/Src/ili9488.o
                0x08001274                ILI9488_SendData
 .text.ILI9488_SendData_Multi
                0x080012c0       0x6c ./Core/Src/ili9488.o
                0x080012c0                ILI9488_SendData_Multi
 .text.ILI9488_Init
                0x0800132c      0x1c8 ./Core/Src/ili9488.o
                0x0800132c                ILI9488_Init
 .text.setAddrWindow
                0x080014f4       0x90 ./Core/Src/ili9488.o
                0x080014f4                setAddrWindow
 .text.drawPixel
                0x08001584       0xa8 ./Core/Src/ili9488.o
                0x08001584                drawPixel
 .text.fillScreen
                0x0800162c       0x34 ./Core/Src/ili9488.o
                0x0800162c                fillScreen
 .text.fillRect
                0x08001660      0x288 ./Core/Src/ili9488.o
                0x08001660                fillRect
 .text.setRotation
                0x080018e8       0xa4 ./Core/Src/ili9488.o
                0x080018e8                setRotation
 .text.drawChar
                0x0800198c      0x2dc ./Core/Src/ili9488.o
                0x0800198c                drawChar
 .text.ILI9488_printText
                0x08001c68       0x82 ./Core/Src/ili9488.o
                0x08001c68                ILI9488_printText
 *fill*         0x08001cea        0x2 
 .text.write16BitColor
                0x08001cec       0x98 ./Core/Src/ili9488.o
                0x08001cec                write16BitColor
 .text.main     0x08001d84       0xe8 ./Core/Src/main.o
                0x08001d84                main
 .text.SystemClock_Config
                0x08001e6c       0xa2 ./Core/Src/main.o
                0x08001e6c                SystemClock_Config
 *fill*         0x08001f0e        0x2 
 .text.MX_I2C1_Init
                0x08001f10       0x80 ./Core/Src/main.o
 .text.MX_SPI2_Init
                0x08001f90       0x7c ./Core/Src/main.o
 .text.MX_SPI3_Init
                0x0800200c       0x7c ./Core/Src/main.o
 .text.MX_USART2_UART_Init
                0x08002088       0x98 ./Core/Src/main.o
 .text.MX_USART3_UART_Init
                0x08002120       0x98 ./Core/Src/main.o
 .text.MX_GPIO_Init
                0x080021b8      0x14c ./Core/Src/main.o
 .text.Error_Handler
                0x08002304        0xc ./Core/Src/main.o
                0x08002304                Error_Handler
 .text.HAL_MspInit
                0x08002310       0x48 ./Core/Src/stm32l4xx_hal_msp.o
                0x08002310                HAL_MspInit
 .text.HAL_I2C_MspInit
                0x08002358       0xbc ./Core/Src/stm32l4xx_hal_msp.o
                0x08002358                HAL_I2C_MspInit
 .text.HAL_SPI_MspInit
                0x08002414       0xec ./Core/Src/stm32l4xx_hal_msp.o
                0x08002414                HAL_SPI_MspInit
 .text.HAL_UART_MspInit
                0x08002500      0x188 ./Core/Src/stm32l4xx_hal_msp.o
                0x08002500                HAL_UART_MspInit
 .text.NMI_Handler
                0x08002688        0x8 ./Core/Src/stm32l4xx_it.o
                0x08002688                NMI_Handler
 .text.HardFault_Handler
                0x08002690        0x8 ./Core/Src/stm32l4xx_it.o
                0x08002690                HardFault_Handler
 .text.MemManage_Handler
                0x08002698        0x8 ./Core/Src/stm32l4xx_it.o
                0x08002698                MemManage_Handler
 .text.BusFault_Handler
                0x080026a0        0x8 ./Core/Src/stm32l4xx_it.o
                0x080026a0                BusFault_Handler
 .text.UsageFault_Handler
                0x080026a8        0x8 ./Core/Src/stm32l4xx_it.o
                0x080026a8                UsageFault_Handler
 .text.SVC_Handler
                0x080026b0        0xe ./Core/Src/stm32l4xx_it.o
                0x080026b0                SVC_Handler
 .text.DebugMon_Handler
                0x080026be        0xe ./Core/Src/stm32l4xx_it.o
                0x080026be                DebugMon_Handler
 .text.PendSV_Handler
                0x080026cc        0xe ./Core/Src/stm32l4xx_it.o
                0x080026cc                PendSV_Handler
 .text.SysTick_Handler
                0x080026da        0xc ./Core/Src/stm32l4xx_it.o
                0x080026da                SysTick_Handler
 *fill*         0x080026e6        0x2 
 .text._sbrk    0x080026e8       0x6c ./Core/Src/sysmem.o
                0x080026e8                _sbrk
 .text.SystemInit
                0x08002754       0x24 ./Core/Src/system_stm32l4xx.o
                0x08002754                SystemInit
 .text.xbee_init
                0x08002778       0x20 ./Core/Src/xbee.o
                0x08002778                xbee_init
 .text.systemInit
                0x08002798       0x28 ./Core/Src/xbee.o
                0x08002798                systemInit
 .text.xbeeGetHour
                0x080027c0       0x48 ./Core/Src/xbee.o
                0x080027c0                xbeeGetHour
 .text.xbeeGetMin
                0x08002808       0x3c ./Core/Src/xbee.o
                0x08002808                xbeeGetMin
 .text.xbeeGetYear
                0x08002844       0x48 ./Core/Src/xbee.o
                0x08002844                xbeeGetYear
 .text.xbeeGetDayOfWeek
                0x0800288c       0x3c ./Core/Src/xbee.o
                0x0800288c                xbeeGetDayOfWeek
 .text.xbeeGetMonth
                0x080028c8       0x3c ./Core/Src/xbee.o
                0x080028c8                xbeeGetMonth
 .text.xbeeGetSec
                0x08002904       0x3c ./Core/Src/xbee.o
                0x08002904                xbeeGetSec
 .text.xbeeGetDate
                0x08002940       0x3c ./Core/Src/xbee.o
                0x08002940                xbeeGetDate
 .text.xbeeDownloadPills
                0x0800297c      0x128 ./Core/Src/xbee.o
                0x0800297c                xbeeDownloadPills
 .text.XPT2046_Init
                0x08002aa4       0x54 ./Core/Src/xpt2046.o
                0x08002aa4                XPT2046_Init
 .text.Reset_Handler
                0x08002af8       0x50 ./Core/Startup/startup_stm32l4r5zitxp.o
                0x08002af8                Reset_Handler
 .text.Default_Handler
                0x08002b48        0x2 ./Core/Startup/startup_stm32l4r5zitxp.o
                0x08002b48                TIM1_BRK_TIM15_IRQHandler
                0x08002b48                EXTI2_IRQHandler
                0x08002b48                TIM8_TRG_COM_IRQHandler
                0x08002b48                TIM8_CC_IRQHandler
                0x08002b48                TIM1_CC_IRQHandler
                0x08002b48                TSC_IRQHandler
                0x08002b48                TAMP_STAMP_IRQHandler
                0x08002b48                EXTI3_IRQHandler
                0x08002b48                LPTIM2_IRQHandler
                0x08002b48                DFSDM1_FLT1_IRQHandler
                0x08002b48                GFXMMU_IRQHandler
                0x08002b48                I2C3_ER_IRQHandler
                0x08002b48                DFSDM1_FLT2_IRQHandler
                0x08002b48                EXTI0_IRQHandler
                0x08002b48                I2C2_EV_IRQHandler
                0x08002b48                CAN1_RX0_IRQHandler
                0x08002b48                FPU_IRQHandler
                0x08002b48                TIM1_UP_TIM16_IRQHandler
                0x08002b48                LTDC_ER_IRQHandler
                0x08002b48                SPI1_IRQHandler
                0x08002b48                OCTOSPI1_IRQHandler
                0x08002b48                TIM6_DAC_IRQHandler
                0x08002b48                DCMI_IRQHandler
                0x08002b48                TIM8_UP_IRQHandler
                0x08002b48                OCTOSPI2_IRQHandler
                0x08002b48                DMA2_Channel2_IRQHandler
                0x08002b48                DMA1_Channel4_IRQHandler
                0x08002b48                SAI2_IRQHandler
                0x08002b48                ADC1_IRQHandler
                0x08002b48                DFSDM1_FLT3_IRQHandler
                0x08002b48                USART3_IRQHandler
                0x08002b48                DMA1_Channel7_IRQHandler
                0x08002b48                CAN1_RX1_IRQHandler
                0x08002b48                UART5_IRQHandler
                0x08002b48                TIM4_IRQHandler
                0x08002b48                DMA2_Channel1_IRQHandler
                0x08002b48                I2C1_EV_IRQHandler
                0x08002b48                DMAMUX1_OVR_IRQHandler
                0x08002b48                DMA1_Channel6_IRQHandler
                0x08002b48                UART4_IRQHandler
                0x08002b48                DMA2_Channel4_IRQHandler
                0x08002b48                TIM3_IRQHandler
                0x08002b48                RCC_IRQHandler
                0x08002b48                DMA1_Channel1_IRQHandler
                0x08002b48                Default_Handler
                0x08002b48                DMA2_Channel7_IRQHandler
                0x08002b48                EXTI15_10_IRQHandler
                0x08002b48                TIM7_IRQHandler
                0x08002b48                SDMMC1_IRQHandler
                0x08002b48                TIM5_IRQHandler
                0x08002b48                I2C3_EV_IRQHandler
                0x08002b48                EXTI9_5_IRQHandler
                0x08002b48                RTC_WKUP_IRQHandler
                0x08002b48                LTDC_IRQHandler
                0x08002b48                PVD_PVM_IRQHandler
                0x08002b48                SPI2_IRQHandler
                0x08002b48                CAN1_TX_IRQHandler
                0x08002b48                DMA2_Channel5_IRQHandler
                0x08002b48                CRS_IRQHandler
                0x08002b48                DMA1_Channel5_IRQHandler
                0x08002b48                EXTI4_IRQHandler
                0x08002b48                RNG_IRQHandler
                0x08002b48                TIM1_TRG_COM_TIM17_IRQHandler
                0x08002b48                DMA1_Channel3_IRQHandler
                0x08002b48                COMP_IRQHandler
                0x08002b48                WWDG_IRQHandler
                0x08002b48                I2C4_EV_IRQHandler
                0x08002b48                LPUART1_IRQHandler
                0x08002b48                DMA2_Channel6_IRQHandler
                0x08002b48                TIM2_IRQHandler
                0x08002b48                DMA2D_IRQHandler
                0x08002b48                EXTI1_IRQHandler
                0x08002b48                USART2_IRQHandler
                0x08002b48                DFSDM1_FLT0_IRQHandler
                0x08002b48                I2C2_ER_IRQHandler
                0x08002b48                DMA1_Channel2_IRQHandler
                0x08002b48                TIM8_BRK_IRQHandler
                0x08002b48                CAN1_SCE_IRQHandler
                0x08002b48                FLASH_IRQHandler
                0x08002b48                USART1_IRQHandler
                0x08002b48                OTG_FS_IRQHandler
                0x08002b48                SPI3_IRQHandler
                0x08002b48                I2C1_ER_IRQHandler
                0x08002b48                FMC_IRQHandler
                0x08002b48                LPTIM1_IRQHandler
                0x08002b48                I2C4_ER_IRQHandler
                0x08002b48                SAI1_IRQHandler
                0x08002b48                DMA2_Channel3_IRQHandler
                0x08002b48                RTC_Alarm_IRQHandler
 .text.HAL_Init
                0x08002b4a       0x30 ./Drivers/STM32L4xx_HAL_Driver/Src/stm32l4xx_hal.o
                0x08002b4a                HAL_Init
 *fill*         0x08002b7a        0x2 
 .text.HAL_InitTick
                0x08002b7c       0x78 ./Drivers/STM32L4xx_HAL_Driver/Src/stm32l4xx_hal.o
                0x08002b7c                HAL_InitTick
 .text.HAL_IncTick
                0x08002bf4       0x28 ./Drivers/STM32L4xx_HAL_Driver/Src/stm32l4xx_hal.o
                0x08002bf4                HAL_IncTick
 .text.HAL_GetTick
                0x08002c1c       0x18 ./Drivers/STM32L4xx_HAL_Driver/Src/stm32l4xx_hal.o
                0x08002c1c                HAL_GetTick
 .text.HAL_Delay
                0x08002c34       0x48 ./Drivers/STM32L4xx_HAL_Driver/Src/stm32l4xx_hal.o
                0x08002c34                HAL_Delay
 .text.__NVIC_SetPriorityGrouping
                0x08002c7c       0x48 ./Drivers/STM32L4xx_HAL_Driver/Src/stm32l4xx_hal_cortex.o
 .text.__NVIC_GetPriorityGrouping
                0x08002cc4       0x1c ./Drivers/STM32L4xx_HAL_Driver/Src/stm32l4xx_hal_cortex.o
 .text.__NVIC_SetPriority
                0x08002ce0       0x54 ./Drivers/STM32L4xx_HAL_Driver/Src/stm32l4xx_hal_cortex.o
 .text.NVIC_EncodePriority
                0x08002d34       0x66 ./Drivers/STM32L4xx_HAL_Driver/Src/stm32l4xx_hal_cortex.o
 *fill*         0x08002d9a        0x2 
 .text.SysTick_Config
                0x08002d9c       0x44 ./Drivers/STM32L4xx_HAL_Driver/Src/stm32l4xx_hal_cortex.o
 .text.HAL_NVIC_SetPriorityGrouping
                0x08002de0       0x16 ./Drivers/STM32L4xx_HAL_Driver/Src/stm32l4xx_hal_cortex.o
                0x08002de0                HAL_NVIC_SetPriorityGrouping
 .text.HAL_NVIC_SetPriority
                0x08002df6       0x38 ./Drivers/STM32L4xx_HAL_Driver/Src/stm32l4xx_hal_cortex.o
                0x08002df6                HAL_NVIC_SetPriority
 .text.HAL_SYSTICK_Config
                0x08002e2e       0x18 ./Drivers/STM32L4xx_HAL_Driver/Src/stm32l4xx_hal_cortex.o
                0x08002e2e                HAL_SYSTICK_Config
 *fill*         0x08002e46        0x2 
 .text.HAL_GPIO_Init
                0x08002e48      0x324 ./Drivers/STM32L4xx_HAL_Driver/Src/stm32l4xx_hal_gpio.o
                0x08002e48                HAL_GPIO_Init
 .text.HAL_GPIO_WritePin
                0x0800316c       0x30 ./Drivers/STM32L4xx_HAL_Driver/Src/stm32l4xx_hal_gpio.o
                0x0800316c                HAL_GPIO_WritePin
 .text.HAL_I2C_Init
                0x0800319c      0x136 ./Drivers/STM32L4xx_HAL_Driver/Src/stm32l4xx_hal_i2c.o
                0x0800319c                HAL_I2C_Init
 *fill*         0x080032d2        0x2 
 .text.HAL_I2C_Master_Transmit
                0x080032d4      0x230 ./Drivers/STM32L4xx_HAL_Driver/Src/stm32l4xx_hal_i2c.o
                0x080032d4                HAL_I2C_Master_Transmit
 .text.HAL_I2C_Master_Receive
                0x08003504      0x1ec ./Drivers/STM32L4xx_HAL_Driver/Src/stm32l4xx_hal_i2c.o
                0x08003504                HAL_I2C_Master_Receive
 .text.I2C_Flush_TXDR
                0x080036f0       0x48 ./Drivers/STM32L4xx_HAL_Driver/Src/stm32l4xx_hal_i2c.o
 .text.I2C_WaitOnFlagUntilTimeout
                0x08003738       0x9e ./Drivers/STM32L4xx_HAL_Driver/Src/stm32l4xx_hal_i2c.o
 .text.I2C_WaitOnTXISFlagUntilTimeout
                0x080037d6       0x8e ./Drivers/STM32L4xx_HAL_Driver/Src/stm32l4xx_hal_i2c.o
 .text.I2C_WaitOnSTOPFlagUntilTimeout
                0x08003864       0x86 ./Drivers/STM32L4xx_HAL_Driver/Src/stm32l4xx_hal_i2c.o
 *fill*         0x080038ea        0x2 
 .text.I2C_WaitOnRXNEFlagUntilTimeout
                0x080038ec      0x104 ./Drivers/STM32L4xx_HAL_Driver/Src/stm32l4xx_hal_i2c.o
 .text.I2C_IsErrorOccurred
                0x080039f0      0x1c0 ./Drivers/STM32L4xx_HAL_Driver/Src/stm32l4xx_hal_i2c.o
 .text.I2C_TransferConfig
                0x08003bb0       0x64 ./Drivers/STM32L4xx_HAL_Driver/Src/stm32l4xx_hal_i2c.o
 .text.HAL_I2CEx_ConfigAnalogFilter
                0x08003c14       0x96 ./Drivers/STM32L4xx_HAL_Driver/Src/stm32l4xx_hal_i2c_ex.o
                0x08003c14                HAL_I2CEx_ConfigAnalogFilter
 .text.HAL_I2CEx_ConfigDigitalFilter
                0x08003caa       0x98 ./Drivers/STM32L4xx_HAL_Driver/Src/stm32l4xx_hal_i2c_ex.o
                0x08003caa                HAL_I2CEx_ConfigDigitalFilter
 *fill*         0x08003d42        0x2 
 .text.HAL_PWREx_GetVoltageRange
                0x08003d44       0x40 ./Drivers/STM32L4xx_HAL_Driver/Src/stm32l4xx_hal_pwr_ex.o
                0x08003d44                HAL_PWREx_GetVoltageRange
 .text.HAL_PWREx_ControlVoltageScaling
                0x08003d84      0x148 ./Drivers/STM32L4xx_HAL_Driver/Src/stm32l4xx_hal_pwr_ex.o
                0x08003d84                HAL_PWREx_ControlVoltageScaling
 .text.HAL_RCC_OscConfig
                0x08003ecc      0x834 ./Drivers/STM32L4xx_HAL_Driver/Src/stm32l4xx_hal_rcc.o
                0x08003ecc                HAL_RCC_OscConfig
 .text.HAL_RCC_ClockConfig
                0x08004700      0x274 ./Drivers/STM32L4xx_HAL_Driver/Src/stm32l4xx_hal_rcc.o
                0x08004700                HAL_RCC_ClockConfig
 .text.HAL_RCC_GetSysClockFreq
                0x08004974      0x118 ./Drivers/STM32L4xx_HAL_Driver/Src/stm32l4xx_hal_rcc.o
                0x08004974                HAL_RCC_GetSysClockFreq
 .text.HAL_RCC_GetHCLKFreq
                0x08004a8c       0x18 ./Drivers/STM32L4xx_HAL_Driver/Src/stm32l4xx_hal_rcc.o
                0x08004a8c                HAL_RCC_GetHCLKFreq
 .text.HAL_RCC_GetPCLK1Freq
                0x08004aa4       0x2c ./Drivers/STM32L4xx_HAL_Driver/Src/stm32l4xx_hal_rcc.o
                0x08004aa4                HAL_RCC_GetPCLK1Freq
 .text.HAL_RCC_GetPCLK2Freq
                0x08004ad0       0x2c ./Drivers/STM32L4xx_HAL_Driver/Src/stm32l4xx_hal_rcc.o
                0x08004ad0                HAL_RCC_GetPCLK2Freq
 .text.RCC_SetFlashLatencyFromMSIRange
                0x08004afc       0xb4 ./Drivers/STM32L4xx_HAL_Driver/Src/stm32l4xx_hal_rcc.o
 .text.RCC_GetSysClockFreqFromPLLSource
                0x08004bb0       0xcc ./Drivers/STM32L4xx_HAL_Driver/Src/stm32l4xx_hal_rcc.o
 .text.HAL_RCCEx_PeriphCLKConfig
                0x08004c7c      0x660 ./Drivers/STM32L4xx_HAL_Driver/Src/stm32l4xx_hal_rcc_ex.o
                0x08004c7c                HAL_RCCEx_PeriphCLKConfig
 .text.RCCEx_PLLSAI1_Config
                0x080052dc      0x1e8 ./Drivers/STM32L4xx_HAL_Driver/Src/stm32l4xx_hal_rcc_ex.o
 .text.RCCEx_PLLSAI2_Config
                0x080054c4      0x1e8 ./Drivers/STM32L4xx_HAL_Driver/Src/stm32l4xx_hal_rcc_ex.o
 .text.HAL_SPI_Init
                0x080056ac      0x146 ./Drivers/STM32L4xx_HAL_Driver/Src/stm32l4xx_hal_spi.o
                0x080056ac                HAL_SPI_Init
 .text.HAL_SPI_Transmit
                0x080057f2      0x2ea ./Drivers/STM32L4xx_HAL_Driver/Src/stm32l4xx_hal_spi.o
                0x080057f2                HAL_SPI_Transmit
 .text.SPI_WaitFlagStateUntilTimeout
                0x08005adc      0x110 ./Drivers/STM32L4xx_HAL_Driver/Src/stm32l4xx_hal_spi.o
 .text.SPI_WaitFifoStateUntilTimeout
                0x08005bec      0x12c ./Drivers/STM32L4xx_HAL_Driver/Src/stm32l4xx_hal_spi.o
 .text.SPI_EndRxTxTransaction
                0x08005d18       0x8c ./Drivers/STM32L4xx_HAL_Driver/Src/stm32l4xx_hal_spi.o
 .text.HAL_UART_Init
                0x08005da4       0xa0 ./Drivers/STM32L4xx_HAL_Driver/Src/stm32l4xx_hal_uart.o
                0x08005da4                HAL_UART_Init
 .text.HAL_UART_Transmit
                0x08005e44      0x11c ./Drivers/STM32L4xx_HAL_Driver/Src/stm32l4xx_hal_uart.o
                0x08005e44                HAL_UART_Transmit
 .text.HAL_UART_Receive
                0x08005f60      0x192 ./Drivers/STM32L4xx_HAL_Driver/Src/stm32l4xx_hal_uart.o
                0x08005f60                HAL_UART_Receive
 *fill*         0x080060f2        0x2 
 .text.UART_SetConfig
                0x080060f4      0x5f8 ./Drivers/STM32L4xx_HAL_Driver/Src/stm32l4xx_hal_uart.o
                0x080060f4                UART_SetConfig
 .text.UART_AdvFeatureConfig
                0x080066ec      0x144 ./Drivers/STM32L4xx_HAL_Driver/Src/stm32l4xx_hal_uart.o
                0x080066ec                UART_AdvFeatureConfig
 .text.UART_CheckIdleState
                0x08006830      0x154 ./Drivers/STM32L4xx_HAL_Driver/Src/stm32l4xx_hal_uart.o
                0x08006830                UART_CheckIdleState
 .text.UART_WaitOnFlagUntilTimeout
                0x08006984       0xce ./Drivers/STM32L4xx_HAL_Driver/Src/stm32l4xx_hal_uart.o
                0x08006984                UART_WaitOnFlagUntilTimeout
 .text.UART_EndRxTransfer
                0x08006a52       0xcc ./Drivers/STM32L4xx_HAL_Driver/Src/stm32l4xx_hal_uart.o
 .text.HAL_UARTEx_DisableFifoMode
                0x08006b1e       0x72 ./Drivers/STM32L4xx_HAL_Driver/Src/stm32l4xx_hal_uart_ex.o
                0x08006b1e                HAL_UARTEx_DisableFifoMode
 .text.HAL_UARTEx_SetTxFifoThreshold
                0x08006b90       0x7c ./Drivers/STM32L4xx_HAL_Driver/Src/stm32l4xx_hal_uart_ex.o
                0x08006b90                HAL_UARTEx_SetTxFifoThreshold
 .text.HAL_UARTEx_SetRxFifoThreshold
                0x08006c0c       0x7c ./Drivers/STM32L4xx_HAL_Driver/Src/stm32l4xx_hal_uart_ex.o
                0x08006c0c                HAL_UARTEx_SetRxFifoThreshold
 .text.UARTEx_SetNbDataToProcess
                0x08006c88       0x9c ./Drivers/STM32L4xx_HAL_Driver/Src/stm32l4xx_hal_uart_ex.o
 .text.free     0x08006d24       0x10 /Applications/STM32CubeIDE.app/Contents/Eclipse/plugins/com.st.stm32cube.ide.mcu.externaltools.gnu-tools-for-stm32.12.3.rel1.macos64_1.0.100.202403111906/tools/bin/../lib/gcc/arm-none-eabi/12.3.1/../../../../arm-none-eabi/lib/thumb/v7e-m+fp/hard/libc_nano.a(libc_a-malloc.o)
                0x08006d24                free
 .text.sbrk_aligned
                0x08006d34       0x44 /Applications/STM32CubeIDE.app/Contents/Eclipse/plugins/com.st.stm32cube.ide.mcu.externaltools.gnu-tools-for-stm32.12.3.rel1.macos64_1.0.100.202403111906/tools/bin/../lib/gcc/arm-none-eabi/12.3.1/../../../../arm-none-eabi/lib/thumb/v7e-m+fp/hard/libc_nano.a(libc_a-mallocr.o)
 .text._malloc_r
                0x08006d78      0x100 /Applications/STM32CubeIDE.app/Contents/Eclipse/plugins/com.st.stm32cube.ide.mcu.externaltools.gnu-tools-for-stm32.12.3.rel1.macos64_1.0.100.202403111906/tools/bin/../lib/gcc/arm-none-eabi/12.3.1/../../../../arm-none-eabi/lib/thumb/v7e-m+fp/hard/libc_nano.a(libc_a-mallocr.o)
                0x08006d78                _malloc_r
 .text.__malloc_lock
                0x08006e78        0xc /Applications/STM32CubeIDE.app/Contents/Eclipse/plugins/com.st.stm32cube.ide.mcu.externaltools.gnu-tools-for-stm32.12.3.rel1.macos64_1.0.100.202403111906/tools/bin/../lib/gcc/arm-none-eabi/12.3.1/../../../../arm-none-eabi/lib/thumb/v7e-m+fp/hard/libc_nano.a(libc_a-mlock.o)
                0x08006e78                __malloc_lock
 .text.__malloc_unlock
                0x08006e84        0xc /Applications/STM32CubeIDE.app/Contents/Eclipse/plugins/com.st.stm32cube.ide.mcu.externaltools.gnu-tools-for-stm32.12.3.rel1.macos64_1.0.100.202403111906/tools/bin/../lib/gcc/arm-none-eabi/12.3.1/../../../../arm-none-eabi/lib/thumb/v7e-m+fp/hard/libc_nano.a(libc_a-mlock.o)
                0x08006e84                __malloc_unlock
 .text.sprintf  0x08006e90       0x40 /Applications/STM32CubeIDE.app/Contents/Eclipse/plugins/com.st.stm32cube.ide.mcu.externaltools.gnu-tools-for-stm32.12.3.rel1.macos64_1.0.100.202403111906/tools/bin/../lib/gcc/arm-none-eabi/12.3.1/../../../../arm-none-eabi/lib/thumb/v7e-m+fp/hard/libc_nano.a(libc_a-sprintf.o)
                0x08006e90                sprintf
                0x08006e90                siprintf
 .text.memset   0x08006ed0       0x10 /Applications/STM32CubeIDE.app/Contents/Eclipse/plugins/com.st.stm32cube.ide.mcu.externaltools.gnu-tools-for-stm32.12.3.rel1.macos64_1.0.100.202403111906/tools/bin/../lib/gcc/arm-none-eabi/12.3.1/../../../../arm-none-eabi/lib/thumb/v7e-m+fp/hard/libc_nano.a(libc_a-memset.o)
                0x08006ed0                memset
 .text._sbrk_r  0x08006ee0       0x20 /Applications/STM32CubeIDE.app/Contents/Eclipse/plugins/com.st.stm32cube.ide.mcu.externaltools.gnu-tools-for-stm32.12.3.rel1.macos64_1.0.100.202403111906/tools/bin/../lib/gcc/arm-none-eabi/12.3.1/../../../../arm-none-eabi/lib/thumb/v7e-m+fp/hard/libc_nano.a(libc_a-sbrkr.o)
                0x08006ee0                _sbrk_r
 .text.__errno  0x08006f00        0xc /Applications/STM32CubeIDE.app/Contents/Eclipse/plugins/com.st.stm32cube.ide.mcu.externaltools.gnu-tools-for-stm32.12.3.rel1.macos64_1.0.100.202403111906/tools/bin/../lib/gcc/arm-none-eabi/12.3.1/../../../../arm-none-eabi/lib/thumb/v7e-m+fp/hard/libc_nano.a(libc_a-errno.o)
                0x08006f00                __errno
 .text.__libc_init_array
                0x08006f0c       0x48 /Applications/STM32CubeIDE.app/Contents/Eclipse/plugins/com.st.stm32cube.ide.mcu.externaltools.gnu-tools-for-stm32.12.3.rel1.macos64_1.0.100.202403111906/tools/bin/../lib/gcc/arm-none-eabi/12.3.1/../../../../arm-none-eabi/lib/thumb/v7e-m+fp/hard/libc_nano.a(libc_a-init.o)
                0x08006f0c                __libc_init_array
 .text.__retarget_lock_acquire_recursive
                0x08006f54        0x2 /Applications/STM32CubeIDE.app/Contents/Eclipse/plugins/com.st.stm32cube.ide.mcu.externaltools.gnu-tools-for-stm32.12.3.rel1.macos64_1.0.100.202403111906/tools/bin/../lib/gcc/arm-none-eabi/12.3.1/../../../../arm-none-eabi/lib/thumb/v7e-m+fp/hard/libc_nano.a(libc_a-lock.o)
                0x08006f54                __retarget_lock_acquire_recursive
 .text.__retarget_lock_release_recursive
                0x08006f56        0x2 /Applications/STM32CubeIDE.app/Contents/Eclipse/plugins/com.st.stm32cube.ide.mcu.externaltools.gnu-tools-for-stm32.12.3.rel1.macos64_1.0.100.202403111906/tools/bin/../lib/gcc/arm-none-eabi/12.3.1/../../../../arm-none-eabi/lib/thumb/v7e-m+fp/hard/libc_nano.a(libc_a-lock.o)
                0x08006f56                __retarget_lock_release_recursive
 .text.memcpy   0x08006f58       0x1c /Applications/STM32CubeIDE.app/Contents/Eclipse/plugins/com.st.stm32cube.ide.mcu.externaltools.gnu-tools-for-stm32.12.3.rel1.macos64_1.0.100.202403111906/tools/bin/../lib/gcc/arm-none-eabi/12.3.1/../../../../arm-none-eabi/lib/thumb/v7e-m+fp/hard/libc_nano.a(libc_a-memcpy-stub.o)
                0x08006f58                memcpy
 .text._free_r  0x08006f74       0x94 /Applications/STM32CubeIDE.app/Contents/Eclipse/plugins/com.st.stm32cube.ide.mcu.externaltools.gnu-tools-for-stm32.12.3.rel1.macos64_1.0.100.202403111906/tools/bin/../lib/gcc/arm-none-eabi/12.3.1/../../../../arm-none-eabi/lib/thumb/v7e-m+fp/hard/libc_nano.a(libc_a-freer.o)
                0x08006f74                _free_r
 .text.__ssputs_r
                0x08007008       0xb6 /Applications/STM32CubeIDE.app/Contents/Eclipse/plugins/com.st.stm32cube.ide.mcu.externaltools.gnu-tools-for-stm32.12.3.rel1.macos64_1.0.100.202403111906/tools/bin/../lib/gcc/arm-none-eabi/12.3.1/../../../../arm-none-eabi/lib/thumb/v7e-m+fp/hard/libc_nano.a(libc_a-nano-svfprintf.o)
                0x08007008                __ssputs_r
 *fill*         0x080070be        0x2 
 .text._svfprintf_r
                0x080070c0      0x1f8 /Applications/STM32CubeIDE.app/Contents/Eclipse/plugins/com.st.stm32cube.ide.mcu.externaltools.gnu-tools-for-stm32.12.3.rel1.macos64_1.0.100.202403111906/tools/bin/../lib/gcc/arm-none-eabi/12.3.1/../../../../arm-none-eabi/lib/thumb/v7e-m+fp/hard/libc_nano.a(libc_a-nano-svfprintf.o)
                0x080070c0                _svfprintf_r
                0x080070c0                _svfiprintf_r
 .text._printf_common
                0x080072b8       0xda /Applications/STM32CubeIDE.app/Contents/Eclipse/plugins/com.st.stm32cube.ide.mcu.externaltools.gnu-tools-for-stm32.12.3.rel1.macos64_1.0.100.202403111906/tools/bin/../lib/gcc/arm-none-eabi/12.3.1/../../../../arm-none-eabi/lib/thumb/v7e-m+fp/hard/libc_nano.a(libc_a-nano-vfprintf_i.o)
                0x080072b8                _printf_common
 *fill*         0x08007392        0x2 
 .text._printf_i
                0x08007394      0x240 /Applications/STM32CubeIDE.app/Contents/Eclipse/plugins/com.st.stm32cube.ide.mcu.externaltools.gnu-tools-for-stm32.12.3.rel1.macos64_1.0.100.202403111906/tools/bin/../lib/gcc/arm-none-eabi/12.3.1/../../../../arm-none-eabi/lib/thumb/v7e-m+fp/hard/libc_nano.a(libc_a-nano-vfprintf_i.o)
                0x08007394                _printf_i
 .text._realloc_r
                0x080075d4       0x5c /Applications/STM32CubeIDE.app/Contents/Eclipse/plugins/com.st.stm32cube.ide.mcu.externaltools.gnu-tools-for-stm32.12.3.rel1.macos64_1.0.100.202403111906/tools/bin/../lib/gcc/arm-none-eabi/12.3.1/../../../../arm-none-eabi/lib/thumb/v7e-m+fp/hard/libc_nano.a(libc_a-reallocr.o)
                0x080075d4                _realloc_r
 .text.memmove  0x08007630       0x34 /Applications/STM32CubeIDE.app/Contents/Eclipse/plugins/com.st.stm32cube.ide.mcu.externaltools.gnu-tools-for-stm32.12.3.rel1.macos64_1.0.100.202403111906/tools/bin/../lib/gcc/arm-none-eabi/12.3.1/../../../../arm-none-eabi/lib/thumb/v7e-m+fp/hard/libc_nano.a(libc_a-memmove.o)
                0x08007630                memmove
 .text._malloc_usable_size_r
                0x08007664       0x10 /Applications/STM32CubeIDE.app/Contents/Eclipse/plugins/com.st.stm32cube.ide.mcu.externaltools.gnu-tools-for-stm32.12.3.rel1.macos64_1.0.100.202403111906/tools/bin/../lib/gcc/arm-none-eabi/12.3.1/../../../../arm-none-eabi/lib/thumb/v7e-m+fp/hard/libc_nano.a(libc_a-msizer.o)
                0x08007664                _malloc_usable_size_r
 *(.glue_7)
 .glue_7        0x08007674        0x0 linker stubs
 *(.glue_7t)
 .glue_7t       0x08007674        0x0 linker stubs
 *(.eh_frame)
 .eh_frame      0x08007674        0x0 /Applications/STM32CubeIDE.app/Contents/Eclipse/plugins/com.st.stm32cube.ide.mcu.externaltools.gnu-tools-for-stm32.12.3.rel1.macos64_1.0.100.202403111906/tools/bin/../lib/gcc/arm-none-eabi/12.3.1/thumb/v7e-m+fp/hard/crtbegin.o
 *(.init)
 .init          0x08007674        0x4 /Applications/STM32CubeIDE.app/Contents/Eclipse/plugins/com.st.stm32cube.ide.mcu.externaltools.gnu-tools-for-stm32.12.3.rel1.macos64_1.0.100.202403111906/tools/bin/../lib/gcc/arm-none-eabi/12.3.1/thumb/v7e-m+fp/hard/crti.o
                0x08007674                _init
 .init          0x08007678        0x8 /Applications/STM32CubeIDE.app/Contents/Eclipse/plugins/com.st.stm32cube.ide.mcu.externaltools.gnu-tools-for-stm32.12.3.rel1.macos64_1.0.100.202403111906/tools/bin/../lib/gcc/arm-none-eabi/12.3.1/thumb/v7e-m+fp/hard/crtn.o
 *(.fini)
 .fini          0x08007680        0x4 /Applications/STM32CubeIDE.app/Contents/Eclipse/plugins/com.st.stm32cube.ide.mcu.externaltools.gnu-tools-for-stm32.12.3.rel1.macos64_1.0.100.202403111906/tools/bin/../lib/gcc/arm-none-eabi/12.3.1/thumb/v7e-m+fp/hard/crti.o
                0x08007680                _fini
 .fini          0x08007684        0x8 /Applications/STM32CubeIDE.app/Contents/Eclipse/plugins/com.st.stm32cube.ide.mcu.externaltools.gnu-tools-for-stm32.12.3.rel1.macos64_1.0.100.202403111906/tools/bin/../lib/gcc/arm-none-eabi/12.3.1/thumb/v7e-m+fp/hard/crtn.o
                0x0800768c                        . = ALIGN (0x4)
                0x0800768c                        _etext = .

.vfp11_veneer   0x0800768c        0x0
 .vfp11_veneer  0x0800768c        0x0 linker stubs

.v4_bx          0x0800768c        0x0
 .v4_bx         0x0800768c        0x0 linker stubs

.iplt           0x0800768c        0x0
 .iplt          0x0800768c        0x0 /Applications/STM32CubeIDE.app/Contents/Eclipse/plugins/com.st.stm32cube.ide.mcu.externaltools.gnu-tools-for-stm32.12.3.rel1.macos64_1.0.100.202403111906/tools/bin/../lib/gcc/arm-none-eabi/12.3.1/thumb/v7e-m+fp/hard/crtbegin.o

.rodata         0x0800768c      0x76c
                0x0800768c                        . = ALIGN (0x4)
 *(.rodata)
 .rodata        0x0800768c       0x19 ./Core/Src/Pills.o
 *fill*         0x080076a5        0x3 
 .rodata        0x080076a8      0x188 ./Core/Src/Screens.o
 .rodata        0x08007830       0x22 ./Core/Src/main.o
 *(.rodata*)
 *fill*         0x08007852        0x2 
 .rodata.font1  0x08007854      0x500 ./Core/Src/ili9488.o
 .rodata.AHBPrescTable
                0x08007d54       0x10 ./Core/Src/system_stm32l4xx.o
                0x08007d54                AHBPrescTable
 .rodata.APBPrescTable
                0x08007d64        0x8 ./Core/Src/system_stm32l4xx.o
                0x08007d64                APBPrescTable
 .rodata.MSIRangeTable
                0x08007d6c       0x30 ./Core/Src/system_stm32l4xx.o
                0x08007d6c                MSIRangeTable
 .rodata.UARTPrescTable
                0x08007d9c       0x18 ./Drivers/STM32L4xx_HAL_Driver/Src/stm32l4xx_hal_uart.o
                0x08007d9c                UARTPrescTable
 .rodata.numerator.1
                0x08007db4        0x8 ./Drivers/STM32L4xx_HAL_Driver/Src/stm32l4xx_hal_uart_ex.o
 .rodata.denominator.0
                0x08007dbc        0x8 ./Drivers/STM32L4xx_HAL_Driver/Src/stm32l4xx_hal_uart_ex.o
 .rodata._svfprintf_r.str1.1
                0x08007dc4       0x11 /Applications/STM32CubeIDE.app/Contents/Eclipse/plugins/com.st.stm32cube.ide.mcu.externaltools.gnu-tools-for-stm32.12.3.rel1.macos64_1.0.100.202403111906/tools/bin/../lib/gcc/arm-none-eabi/12.3.1/../../../../arm-none-eabi/lib/thumb/v7e-m+fp/hard/libc_nano.a(libc_a-nano-svfprintf.o)
 .rodata._printf_i.str1.1
                0x08007dd5       0x22 /Applications/STM32CubeIDE.app/Contents/Eclipse/plugins/com.st.stm32cube.ide.mcu.externaltools.gnu-tools-for-stm32.12.3.rel1.macos64_1.0.100.202403111906/tools/bin/../lib/gcc/arm-none-eabi/12.3.1/../../../../arm-none-eabi/lib/thumb/v7e-m+fp/hard/libc_nano.a(libc_a-nano-vfprintf_i.o)
                0x08007df8                        . = ALIGN (0x4)
 *fill*         0x08007df7        0x1 

.ARM.extab      0x08007df8        0x0
                0x08007df8                        . = ALIGN (0x4)
 *(.ARM.extab* .gnu.linkonce.armextab.*)
                0x08007df8                        . = ALIGN (0x4)

.ARM            0x08007df8        0x8
                0x08007df8                        . = ALIGN (0x4)
                0x08007df8                        __exidx_start = .
 *(.ARM.exidx*)
 .ARM.exidx     0x08007df8        0x8 /Applications/STM32CubeIDE.app/Contents/Eclipse/plugins/com.st.stm32cube.ide.mcu.externaltools.gnu-tools-for-stm32.12.3.rel1.macos64_1.0.100.202403111906/tools/bin/../lib/gcc/arm-none-eabi/12.3.1/../../../../arm-none-eabi/lib/thumb/v7e-m+fp/hard/libc_nano.a(libc_a-memchr.o)
 .ARM.exidx     0x08007e00        0x0 /Applications/STM32CubeIDE.app/Contents/Eclipse/plugins/com.st.stm32cube.ide.mcu.externaltools.gnu-tools-for-stm32.12.3.rel1.macos64_1.0.100.202403111906/tools/bin/../lib/gcc/arm-none-eabi/12.3.1/thumb/v7e-m+fp/hard/libgcc.a(_udivmoddi4.o)
                                  0x8 (size before relaxing)
                0x08007e00                        __exidx_end = .
                0x08007e00                        . = ALIGN (0x4)

.rel.dyn        0x08007e00        0x0
 .rel.iplt      0x08007e00        0x0 /Applications/STM32CubeIDE.app/Contents/Eclipse/plugins/com.st.stm32cube.ide.mcu.externaltools.gnu-tools-for-stm32.12.3.rel1.macos64_1.0.100.202403111906/tools/bin/../lib/gcc/arm-none-eabi/12.3.1/thumb/v7e-m+fp/hard/crtbegin.o

.preinit_array  0x08007e00        0x0
                0x08007e00                        . = ALIGN (0x4)
                0x08007e00                        PROVIDE (__preinit_array_start = .)
 *(.preinit_array*)
                0x08007e00                        PROVIDE (__preinit_array_end = .)
                0x08007e00                        . = ALIGN (0x4)

.init_array     0x08007e00        0x4
                0x08007e00                        . = ALIGN (0x4)
                0x08007e00                        PROVIDE (__init_array_start = .)
 *(SORT_BY_NAME(.init_array.*))
 *(.init_array*)
 .init_array    0x08007e00        0x4 /Applications/STM32CubeIDE.app/Contents/Eclipse/plugins/com.st.stm32cube.ide.mcu.externaltools.gnu-tools-for-stm32.12.3.rel1.macos64_1.0.100.202403111906/tools/bin/../lib/gcc/arm-none-eabi/12.3.1/thumb/v7e-m+fp/hard/crtbegin.o
                0x08007e04                        PROVIDE (__init_array_end = .)
                0x08007e04                        . = ALIGN (0x4)

.fini_array     0x08007e04        0x4
                0x08007e04                        . = ALIGN (0x4)
                [!provide]                        PROVIDE (__fini_array_start = .)
 *(SORT_BY_NAME(.fini_array.*))
 *(.fini_array*)
 .fini_array    0x08007e04        0x4 /Applications/STM32CubeIDE.app/Contents/Eclipse/plugins/com.st.stm32cube.ide.mcu.externaltools.gnu-tools-for-stm32.12.3.rel1.macos64_1.0.100.202403111906/tools/bin/../lib/gcc/arm-none-eabi/12.3.1/thumb/v7e-m+fp/hard/crtbegin.o
                [!provide]                        PROVIDE (__fini_array_end = .)
                0x08007e08                        . = ALIGN (0x4)
                0x08007e08                        _sidata = LOADADDR (.data)

.data           0x20000000       0x60 load address 0x08007e08
                0x20000000                        . = ALIGN (0x4)
                0x20000000                        _sdata = .
 *(.data)
 *(.data*)
 .data.rotationNum
                0x20000000        0x1 ./Core/Src/ili9488.o
 *fill*         0x20000001        0x3 
 .data.SystemCoreClock
                0x20000004        0x4 ./Core/Src/system_stm32l4xx.o
                0x20000004                SystemCoreClock
 .data.uwTickPrio
                0x20000008        0x4 ./Drivers/STM32L4xx_HAL_Driver/Src/stm32l4xx_hal.o
                0x20000008                uwTickPrio
 .data.uwTickFreq
                0x2000000c        0x1 ./Drivers/STM32L4xx_HAL_Driver/Src/stm32l4xx_hal.o
                0x2000000c                uwTickFreq
 *fill*         0x2000000d        0x3 
 .data._impure_ptr
                0x20000010        0x4 /Applications/STM32CubeIDE.app/Contents/Eclipse/plugins/com.st.stm32cube.ide.mcu.externaltools.gnu-tools-for-stm32.12.3.rel1.macos64_1.0.100.202403111906/tools/bin/../lib/gcc/arm-none-eabi/12.3.1/../../../../arm-none-eabi/lib/thumb/v7e-m+fp/hard/libc_nano.a(libc_a-impure.o)
                0x20000010                _impure_ptr
 .data._impure_data
                0x20000014       0x4c /Applications/STM32CubeIDE.app/Contents/Eclipse/plugins/com.st.stm32cube.ide.mcu.externaltools.gnu-tools-for-stm32.12.3.rel1.macos64_1.0.100.202403111906/tools/bin/../lib/gcc/arm-none-eabi/12.3.1/../../../../arm-none-eabi/lib/thumb/v7e-m+fp/hard/libc_nano.a(libc_a-impure.o)
                0x20000014                _impure_data
 *(.RamFunc)
 *(.RamFunc*)
                0x20000060                        . = ALIGN (0x4)
                0x20000060                        _edata = .

.igot.plt       0x20000060        0x0 load address 0x08007e68
 .igot.plt      0x20000060        0x0 /Applications/STM32CubeIDE.app/Contents/Eclipse/plugins/com.st.stm32cube.ide.mcu.externaltools.gnu-tools-for-stm32.12.3.rel1.macos64_1.0.100.202403111906/tools/bin/../lib/gcc/arm-none-eabi/12.3.1/thumb/v7e-m+fp/hard/crtbegin.o
                0x20000060                        . = ALIGN (0x4)

.bss            0x20000060      0x9e4 load address 0x08007e68
                0x20000060                        _sbss = .
                0x20000060                        __bss_start__ = _sbss
 *(.bss)
 .bss           0x20000060       0x1c /Applications/STM32CubeIDE.app/Contents/Eclipse/plugins/com.st.stm32cube.ide.mcu.externaltools.gnu-tools-for-stm32.12.3.rel1.macos64_1.0.100.202403111906/tools/bin/../lib/gcc/arm-none-eabi/12.3.1/thumb/v7e-m+fp/hard/crtbegin.o
 *(.bss*)
 .bss.numPills  0x2000007c        0x1 ./Core/Src/Pills.o
 *fill*         0x2000007d        0x3 
 .bss.pillList  0x20000080      0x60e ./Core/Src/Pills.o
 .bss.next_time_pill_idx
                0x2000068e        0x1 ./Core/Src/Pills.o
 *fill*         0x2000068f        0x1 
 .bss._ds1307_ui2c
                0x20000690        0x4 ./Core/Src/ds1307.o
                0x20000690                _ds1307_ui2c
 .bss._cp437    0x20000694        0x1 ./Core/Src/ili9488.o
 *fill*         0x20000695        0x3 
 .bss.tftCS_GPIO
                0x20000698        0x4 ./Core/Src/ili9488.o
 .bss.tftCS_PIN
                0x2000069c        0x2 ./Core/Src/ili9488.o
 *fill*         0x2000069e        0x2 
 .bss.tftDC_GPIO
                0x200006a0        0x4 ./Core/Src/ili9488.o
 .bss.tftDC_PIN
                0x200006a4        0x2 ./Core/Src/ili9488.o
 .bss.width     0x200006a6        0x2 ./Core/Src/ili9488.o
                0x200006a6                width
 .bss.height    0x200006a8        0x2 ./Core/Src/ili9488.o
                0x200006a8                height
 *fill*         0x200006aa        0x2 
 .bss.hi2c1     0x200006ac       0x54 ./Core/Src/main.o
                0x200006ac                hi2c1
 .bss.hspi2     0x20000700       0x64 ./Core/Src/main.o
                0x20000700                hspi2
 .bss.hspi3     0x20000764       0x64 ./Core/Src/main.o
                0x20000764                hspi3
 .bss.huart2    0x200007c8       0x94 ./Core/Src/main.o
                0x200007c8                huart2
 .bss.huart3    0x2000085c       0x94 ./Core/Src/main.o
                0x2000085c                huart3
 .bss.__sbrk_heap_end
                0x200008f0        0x4 ./Core/Src/sysmem.o
 .bss.xbee_uart
                0x200008f4        0x4 ./Core/Src/xbee.o
                0x200008f4                xbee_uart
 .bss.uwTick    0x200008f8        0x4 ./Drivers/STM32L4xx_HAL_Driver/Src/stm32l4xx_hal.o
                0x200008f8                uwTick
 .bss.__malloc_sbrk_start
                0x200008fc        0x4 /Applications/STM32CubeIDE.app/Contents/Eclipse/plugins/com.st.stm32cube.ide.mcu.externaltools.gnu-tools-for-stm32.12.3.rel1.macos64_1.0.100.202403111906/tools/bin/../lib/gcc/arm-none-eabi/12.3.1/../../../../arm-none-eabi/lib/thumb/v7e-m+fp/hard/libc_nano.a(libc_a-mallocr.o)
                0x200008fc                __malloc_sbrk_start
 .bss.__malloc_free_list
                0x20000900        0x4 /Applications/STM32CubeIDE.app/Contents/Eclipse/plugins/com.st.stm32cube.ide.mcu.externaltools.gnu-tools-for-stm32.12.3.rel1.macos64_1.0.100.202403111906/tools/bin/../lib/gcc/arm-none-eabi/12.3.1/../../../../arm-none-eabi/lib/thumb/v7e-m+fp/hard/libc_nano.a(libc_a-mallocr.o)
                0x20000900                __malloc_free_list
 .bss.__sf      0x20000904      0x138 /Applications/STM32CubeIDE.app/Contents/Eclipse/plugins/com.st.stm32cube.ide.mcu.externaltools.gnu-tools-for-stm32.12.3.rel1.macos64_1.0.100.202403111906/tools/bin/../lib/gcc/arm-none-eabi/12.3.1/../../../../arm-none-eabi/lib/thumb/v7e-m+fp/hard/libc_nano.a(libc_a-findfp.o)
                0x20000904                __sf
 .bss.__lock___malloc_recursive_mutex
                0x20000a3c        0x1 /Applications/STM32CubeIDE.app/Contents/Eclipse/plugins/com.st.stm32cube.ide.mcu.externaltools.gnu-tools-for-stm32.12.3.rel1.macos64_1.0.100.202403111906/tools/bin/../lib/gcc/arm-none-eabi/12.3.1/../../../../arm-none-eabi/lib/thumb/v7e-m+fp/hard/libc_nano.a(libc_a-lock.o)
                0x20000a3c                __lock___malloc_recursive_mutex
 *fill*         0x20000a3d        0x3 
 .bss.errno     0x20000a40        0x4 /Applications/STM32CubeIDE.app/Contents/Eclipse/plugins/com.st.stm32cube.ide.mcu.externaltools.gnu-tools-for-stm32.12.3.rel1.macos64_1.0.100.202403111906/tools/bin/../lib/gcc/arm-none-eabi/12.3.1/../../../../arm-none-eabi/lib/thumb/v7e-m+fp/hard/libc_nano.a(libc_a-reent.o)
                0x20000a40                errno
 *(COMMON)
                0x20000a44                        . = ALIGN (0x4)
                0x20000a44                        _ebss = .
                0x20000a44                        __bss_end__ = _ebss

._user_heap_stack
                0x20000a44      0x604 load address 0x08007e68
                0x20000a48                        . = ALIGN (0x8)
 *fill*         0x20000a44        0x4 
                [!provide]                        PROVIDE (end = .)
                0x20000a48                        PROVIDE (_end = .)
                0x20000c48                        . = (. + _Min_Heap_Size)
 *fill*         0x20000a48      0x200 
                0x20001048                        . = (. + _Min_Stack_Size)
 *fill*         0x20000c48      0x400 
                0x20001048                        . = ALIGN (0x8)

/DISCARD/
 libc.a(*)
 libm.a(*)
 libgcc.a(*)

.ARM.attributes
                0x00000000       0x30
 *(.ARM.attributes)
 .ARM.attributes
                0x00000000       0x22 /Applications/STM32CubeIDE.app/Contents/Eclipse/plugins/com.st.stm32cube.ide.mcu.externaltools.gnu-tools-for-stm32.12.3.rel1.macos64_1.0.100.202403111906/tools/bin/../lib/gcc/arm-none-eabi/12.3.1/thumb/v7e-m+fp/hard/crti.o
 .ARM.attributes
                0x00000022       0x34 /Applications/STM32CubeIDE.app/Contents/Eclipse/plugins/com.st.stm32cube.ide.mcu.externaltools.gnu-tools-for-stm32.12.3.rel1.macos64_1.0.100.202403111906/tools/bin/../lib/gcc/arm-none-eabi/12.3.1/thumb/v7e-m+fp/hard/crtbegin.o
 .ARM.attributes
                0x00000056       0x34 ./Core/Src/Pills.o
 .ARM.attributes
                0x0000008a       0x34 ./Core/Src/Screens.o
 .ARM.attributes
                0x000000be       0x34 ./Core/Src/ds1307.o
 .ARM.attributes
                0x000000f2       0x34 ./Core/Src/ili9488.o
 .ARM.attributes
                0x00000126       0x34 ./Core/Src/main.o
 .ARM.attributes
                0x0000015a       0x34 ./Core/Src/stm32l4xx_hal_msp.o
 .ARM.attributes
                0x0000018e       0x34 ./Core/Src/stm32l4xx_it.o
 .ARM.attributes
                0x000001c2       0x34 ./Core/Src/sysmem.o
 .ARM.attributes
                0x000001f6       0x34 ./Core/Src/system_stm32l4xx.o
 .ARM.attributes
                0x0000022a       0x34 ./Core/Src/xbee.o
 .ARM.attributes
                0x0000025e       0x34 ./Core/Src/xpt2046.o
 .ARM.attributes
                0x00000292       0x21 ./Core/Startup/startup_stm32l4r5zitxp.o
 .ARM.attributes
                0x000002b3       0x34 ./Drivers/STM32L4xx_HAL_Driver/Src/stm32l4xx_hal.o
 .ARM.attributes
                0x000002e7       0x34 ./Drivers/STM32L4xx_HAL_Driver/Src/stm32l4xx_hal_cortex.o
 .ARM.attributes
                0x0000031b       0x34 ./Drivers/STM32L4xx_HAL_Driver/Src/stm32l4xx_hal_gpio.o
 .ARM.attributes
                0x0000034f       0x34 ./Drivers/STM32L4xx_HAL_Driver/Src/stm32l4xx_hal_i2c.o
 .ARM.attributes
                0x00000383       0x34 ./Drivers/STM32L4xx_HAL_Driver/Src/stm32l4xx_hal_i2c_ex.o
 .ARM.attributes
                0x000003b7       0x34 ./Drivers/STM32L4xx_HAL_Driver/Src/stm32l4xx_hal_pwr_ex.o
 .ARM.attributes
                0x000003eb       0x34 ./Drivers/STM32L4xx_HAL_Driver/Src/stm32l4xx_hal_rcc.o
 .ARM.attributes
                0x0000041f       0x34 ./Drivers/STM32L4xx_HAL_Driver/Src/stm32l4xx_hal_rcc_ex.o
 .ARM.attributes
                0x00000453       0x34 ./Drivers/STM32L4xx_HAL_Driver/Src/stm32l4xx_hal_spi.o
 .ARM.attributes
                0x00000487       0x34 ./Drivers/STM32L4xx_HAL_Driver/Src/stm32l4xx_hal_uart.o
 .ARM.attributes
                0x000004bb       0x34 ./Drivers/STM32L4xx_HAL_Driver/Src/stm32l4xx_hal_uart_ex.o
 .ARM.attributes
                0x000004ef       0x34 /Applications/STM32CubeIDE.app/Contents/Eclipse/plugins/com.st.stm32cube.ide.mcu.externaltools.gnu-tools-for-stm32.12.3.rel1.macos64_1.0.100.202403111906/tools/bin/../lib/gcc/arm-none-eabi/12.3.1/../../../../arm-none-eabi/lib/thumb/v7e-m+fp/hard/libc_nano.a(libc_a-malloc.o)
 .ARM.attributes
                0x00000523       0x34 /Applications/STM32CubeIDE.app/Contents/Eclipse/plugins/com.st.stm32cube.ide.mcu.externaltools.gnu-tools-for-stm32.12.3.rel1.macos64_1.0.100.202403111906/tools/bin/../lib/gcc/arm-none-eabi/12.3.1/../../../../arm-none-eabi/lib/thumb/v7e-m+fp/hard/libc_nano.a(libc_a-mallocr.o)
 .ARM.attributes
                0x00000557       0x34 /Applications/STM32CubeIDE.app/Contents/Eclipse/plugins/com.st.stm32cube.ide.mcu.externaltools.gnu-tools-for-stm32.12.3.rel1.macos64_1.0.100.202403111906/tools/bin/../lib/gcc/arm-none-eabi/12.3.1/../../../../arm-none-eabi/lib/thumb/v7e-m+fp/hard/libc_nano.a(libc_a-mlock.o)
 .ARM.attributes
                0x0000058b       0x34 /Applications/STM32CubeIDE.app/Contents/Eclipse/plugins/com.st.stm32cube.ide.mcu.externaltools.gnu-tools-for-stm32.12.3.rel1.macos64_1.0.100.202403111906/tools/bin/../lib/gcc/arm-none-eabi/12.3.1/../../../../arm-none-eabi/lib/thumb/v7e-m+fp/hard/libc_nano.a(libc_a-sprintf.o)
 .ARM.attributes
                0x000005bf       0x34 /Applications/STM32CubeIDE.app/Contents/Eclipse/plugins/com.st.stm32cube.ide.mcu.externaltools.gnu-tools-for-stm32.12.3.rel1.macos64_1.0.100.202403111906/tools/bin/../lib/gcc/arm-none-eabi/12.3.1/../../../../arm-none-eabi/lib/thumb/v7e-m+fp/hard/libc_nano.a(libc_a-findfp.o)
 .ARM.attributes
                0x000005f3       0x34 /Applications/STM32CubeIDE.app/Contents/Eclipse/plugins/com.st.stm32cube.ide.mcu.externaltools.gnu-tools-for-stm32.12.3.rel1.macos64_1.0.100.202403111906/tools/bin/../lib/gcc/arm-none-eabi/12.3.1/../../../../arm-none-eabi/lib/thumb/v7e-m+fp/hard/libc_nano.a(libc_a-memset.o)
 .ARM.attributes
                0x00000627       0x34 /Applications/STM32CubeIDE.app/Contents/Eclipse/plugins/com.st.stm32cube.ide.mcu.externaltools.gnu-tools-for-stm32.12.3.rel1.macos64_1.0.100.202403111906/tools/bin/../lib/gcc/arm-none-eabi/12.3.1/../../../../arm-none-eabi/lib/thumb/v7e-m+fp/hard/libc_nano.a(libc_a-impure.o)
 .ARM.attributes
                0x0000065b       0x34 /Applications/STM32CubeIDE.app/Contents/Eclipse/plugins/com.st.stm32cube.ide.mcu.externaltools.gnu-tools-for-stm32.12.3.rel1.macos64_1.0.100.202403111906/tools/bin/../lib/gcc/arm-none-eabi/12.3.1/../../../../arm-none-eabi/lib/thumb/v7e-m+fp/hard/libc_nano.a(libc_a-sbrkr.o)
 .ARM.attributes
                0x0000068f       0x34 /Applications/STM32CubeIDE.app/Contents/Eclipse/plugins/com.st.stm32cube.ide.mcu.externaltools.gnu-tools-for-stm32.12.3.rel1.macos64_1.0.100.202403111906/tools/bin/../lib/gcc/arm-none-eabi/12.3.1/../../../../arm-none-eabi/lib/thumb/v7e-m+fp/hard/libc_nano.a(libc_a-errno.o)
 .ARM.attributes
                0x000006c3       0x34 /Applications/STM32CubeIDE.app/Contents/Eclipse/plugins/com.st.stm32cube.ide.mcu.externaltools.gnu-tools-for-stm32.12.3.rel1.macos64_1.0.100.202403111906/tools/bin/../lib/gcc/arm-none-eabi/12.3.1/../../../../arm-none-eabi/lib/thumb/v7e-m+fp/hard/libc_nano.a(libc_a-init.o)
 .ARM.attributes
                0x000006f7       0x34 /Applications/STM32CubeIDE.app/Contents/Eclipse/plugins/com.st.stm32cube.ide.mcu.externaltools.gnu-tools-for-stm32.12.3.rel1.macos64_1.0.100.202403111906/tools/bin/../lib/gcc/arm-none-eabi/12.3.1/../../../../arm-none-eabi/lib/thumb/v7e-m+fp/hard/libc_nano.a(libc_a-lock.o)
 .ARM.attributes
                0x0000072b       0x34 /Applications/STM32CubeIDE.app/Contents/Eclipse/plugins/com.st.stm32cube.ide.mcu.externaltools.gnu-tools-for-stm32.12.3.rel1.macos64_1.0.100.202403111906/tools/bin/../lib/gcc/arm-none-eabi/12.3.1/../../../../arm-none-eabi/lib/thumb/v7e-m+fp/hard/libc_nano.a(libc_a-memcpy-stub.o)
 .ARM.attributes
                0x0000075f       0x34 /Applications/STM32CubeIDE.app/Contents/Eclipse/plugins/com.st.stm32cube.ide.mcu.externaltools.gnu-tools-for-stm32.12.3.rel1.macos64_1.0.100.202403111906/tools/bin/../lib/gcc/arm-none-eabi/12.3.1/../../../../arm-none-eabi/lib/thumb/v7e-m+fp/hard/libc_nano.a(libc_a-freer.o)
 .ARM.attributes
                0x00000793       0x34 /Applications/STM32CubeIDE.app/Contents/Eclipse/plugins/com.st.stm32cube.ide.mcu.externaltools.gnu-tools-for-stm32.12.3.rel1.macos64_1.0.100.202403111906/tools/bin/../lib/gcc/arm-none-eabi/12.3.1/../../../../arm-none-eabi/lib/thumb/v7e-m+fp/hard/libc_nano.a(libc_a-nano-svfprintf.o)
 .ARM.attributes
                0x000007c7       0x34 /Applications/STM32CubeIDE.app/Contents/Eclipse/plugins/com.st.stm32cube.ide.mcu.externaltools.gnu-tools-for-stm32.12.3.rel1.macos64_1.0.100.202403111906/tools/bin/../lib/gcc/arm-none-eabi/12.3.1/../../../../arm-none-eabi/lib/thumb/v7e-m+fp/hard/libc_nano.a(libc_a-nano-vfprintf_i.o)
 .ARM.attributes
                0x000007fb       0x34 /Applications/STM32CubeIDE.app/Contents/Eclipse/plugins/com.st.stm32cube.ide.mcu.externaltools.gnu-tools-for-stm32.12.3.rel1.macos64_1.0.100.202403111906/tools/bin/../lib/gcc/arm-none-eabi/12.3.1/../../../../arm-none-eabi/lib/thumb/v7e-m+fp/hard/libc_nano.a(libc_a-reallocr.o)
 .ARM.attributes
                0x0000082f       0x34 /Applications/STM32CubeIDE.app/Contents/Eclipse/plugins/com.st.stm32cube.ide.mcu.externaltools.gnu-tools-for-stm32.12.3.rel1.macos64_1.0.100.202403111906/tools/bin/../lib/gcc/arm-none-eabi/12.3.1/../../../../arm-none-eabi/lib/thumb/v7e-m+fp/hard/libc_nano.a(libc_a-memmove.o)
 .ARM.attributes
                0x00000863       0x34 /Applications/STM32CubeIDE.app/Contents/Eclipse/plugins/com.st.stm32cube.ide.mcu.externaltools.gnu-tools-for-stm32.12.3.rel1.macos64_1.0.100.202403111906/tools/bin/../lib/gcc/arm-none-eabi/12.3.1/../../../../arm-none-eabi/lib/thumb/v7e-m+fp/hard/libc_nano.a(libc_a-reent.o)
 .ARM.attributes
                0x00000897       0x1c /Applications/STM32CubeIDE.app/Contents/Eclipse/plugins/com.st.stm32cube.ide.mcu.externaltools.gnu-tools-for-stm32.12.3.rel1.macos64_1.0.100.202403111906/tools/bin/../lib/gcc/arm-none-eabi/12.3.1/../../../../arm-none-eabi/lib/thumb/v7e-m+fp/hard/libc_nano.a(libc_a-memchr.o)
 .ARM.attributes
                0x000008b3       0x34 /Applications/STM32CubeIDE.app/Contents/Eclipse/plugins/com.st.stm32cube.ide.mcu.externaltools.gnu-tools-for-stm32.12.3.rel1.macos64_1.0.100.202403111906/tools/bin/../lib/gcc/arm-none-eabi/12.3.1/../../../../arm-none-eabi/lib/thumb/v7e-m+fp/hard/libc_nano.a(libc_a-msizer.o)
 .ARM.attributes
                0x000008e7       0x22 /Applications/STM32CubeIDE.app/Contents/Eclipse/plugins/com.st.stm32cube.ide.mcu.externaltools.gnu-tools-for-stm32.12.3.rel1.macos64_1.0.100.202403111906/tools/bin/../lib/gcc/arm-none-eabi/12.3.1/thumb/v7e-m+fp/hard/libgcc.a(_aeabi_uldivmod.o)
 .ARM.attributes
                0x00000909       0x34 /Applications/STM32CubeIDE.app/Contents/Eclipse/plugins/com.st.stm32cube.ide.mcu.externaltools.gnu-tools-for-stm32.12.3.rel1.macos64_1.0.100.202403111906/tools/bin/../lib/gcc/arm-none-eabi/12.3.1/thumb/v7e-m+fp/hard/libgcc.a(_udivmoddi4.o)
 .ARM.attributes
                0x0000093d       0x22 /Applications/STM32CubeIDE.app/Contents/Eclipse/plugins/com.st.stm32cube.ide.mcu.externaltools.gnu-tools-for-stm32.12.3.rel1.macos64_1.0.100.202403111906/tools/bin/../lib/gcc/arm-none-eabi/12.3.1/thumb/v7e-m+fp/hard/libgcc.a(_dvmd_tls.o)
 .ARM.attributes
                0x0000095f       0x22 /Applications/STM32CubeIDE.app/Contents/Eclipse/plugins/com.st.stm32cube.ide.mcu.externaltools.gnu-tools-for-stm32.12.3.rel1.macos64_1.0.100.202403111906/tools/bin/../lib/gcc/arm-none-eabi/12.3.1/thumb/v7e-m+fp/hard/crtn.o
OUTPUT(Integration.elf elf32-littlearm)
LOAD linker stubs
LOAD /Applications/STM32CubeIDE.app/Contents/Eclipse/plugins/com.st.stm32cube.ide.mcu.externaltools.gnu-tools-for-stm32.12.3.rel1.macos64_1.0.100.202403111906/tools/bin/../lib/gcc/arm-none-eabi/12.3.1/../../../../arm-none-eabi/lib/thumb/v7e-m+fp/hard/libc.a
LOAD /Applications/STM32CubeIDE.app/Contents/Eclipse/plugins/com.st.stm32cube.ide.mcu.externaltools.gnu-tools-for-stm32.12.3.rel1.macos64_1.0.100.202403111906/tools/bin/../lib/gcc/arm-none-eabi/12.3.1/../../../../arm-none-eabi/lib/thumb/v7e-m+fp/hard/libm.a
LOAD /Applications/STM32CubeIDE.app/Contents/Eclipse/plugins/com.st.stm32cube.ide.mcu.externaltools.gnu-tools-for-stm32.12.3.rel1.macos64_1.0.100.202403111906/tools/bin/../lib/gcc/arm-none-eabi/12.3.1/thumb/v7e-m+fp/hard/libgcc.a

.debug_info     0x00000000    0x15c8b
 .debug_info    0x00000000      0x3e0 ./Core/Src/Pills.o
 .debug_info    0x000003e0      0x6c6 ./Core/Src/Screens.o
 .debug_info    0x00000aa6      0xbc5 ./Core/Src/ds1307.o
 .debug_info    0x0000166b     0x14ed ./Core/Src/ili9488.o
 .debug_info    0x00002b58     0x172d ./Core/Src/main.o
 .debug_info    0x00004285     0x1622 ./Core/Src/stm32l4xx_hal_msp.o
 .debug_info    0x000058a7      0x152 ./Core/Src/stm32l4xx_it.o
 .debug_info    0x000059f9      0x168 ./Core/Src/sysmem.o
 .debug_info    0x00005b61      0x5e9 ./Core/Src/system_stm32l4xx.o
 .debug_info    0x0000614a      0xc41 ./Core/Src/xbee.o
 .debug_info    0x00006d8b      0x98a ./Core/Src/xpt2046.o
 .debug_info    0x00007715       0x30 ./Core/Startup/startup_stm32l4r5zitxp.o
 .debug_info    0x00007745      0xb49 ./Drivers/STM32L4xx_HAL_Driver/Src/stm32l4xx_hal.o
 .debug_info    0x0000828e      0xd64 ./Drivers/STM32L4xx_HAL_Driver/Src/stm32l4xx_hal_cortex.o
 .debug_info    0x00008ff2      0x787 ./Drivers/STM32L4xx_HAL_Driver/Src/stm32l4xx_hal_gpio.o
 .debug_info    0x00009779     0x21ab ./Drivers/STM32L4xx_HAL_Driver/Src/stm32l4xx_hal_i2c.o
 .debug_info    0x0000b924      0xb09 ./Drivers/STM32L4xx_HAL_Driver/Src/stm32l4xx_hal_i2c_ex.o
 .debug_info    0x0000c42d      0xa0a ./Drivers/STM32L4xx_HAL_Driver/Src/stm32l4xx_hal_pwr_ex.o
 .debug_info    0x0000ce37      0xd32 ./Drivers/STM32L4xx_HAL_Driver/Src/stm32l4xx_hal_rcc.o
 .debug_info    0x0000db69     0x1167 ./Drivers/STM32L4xx_HAL_Driver/Src/stm32l4xx_hal_rcc_ex.o
 .debug_info    0x0000ecd0     0x172e ./Drivers/STM32L4xx_HAL_Driver/Src/stm32l4xx_hal_spi.o
 .debug_info    0x000103fe     0x4875 ./Drivers/STM32L4xx_HAL_Driver/Src/stm32l4xx_hal_uart.o
 .debug_info    0x00014c73     0x1018 ./Drivers/STM32L4xx_HAL_Driver/Src/stm32l4xx_hal_uart_ex.o

.debug_abbrev   0x00000000     0x2fd8
 .debug_abbrev  0x00000000      0x1b5 ./Core/Src/Pills.o
 .debug_abbrev  0x000001b5      0x215 ./Core/Src/Screens.o
 .debug_abbrev  0x000003ca      0x242 ./Core/Src/ds1307.o
 .debug_abbrev  0x0000060c      0x297 ./Core/Src/ili9488.o
 .debug_abbrev  0x000008a3      0x2e3 ./Core/Src/main.o
 .debug_abbrev  0x00000b86      0x21d ./Core/Src/stm32l4xx_hal_msp.o
 .debug_abbrev  0x00000da3       0x93 ./Core/Src/stm32l4xx_it.o
 .debug_abbrev  0x00000e36       0xbc ./Core/Src/sysmem.o
 .debug_abbrev  0x00000ef2      0x11a ./Core/Src/system_stm32l4xx.o
 .debug_abbrev  0x0000100c      0x24d ./Core/Src/xbee.o
 .debug_abbrev  0x00001259      0x22a ./Core/Src/xpt2046.o
 .debug_abbrev  0x00001483       0x24 ./Core/Startup/startup_stm32l4r5zitxp.o
 .debug_abbrev  0x000014a7      0x242 ./Drivers/STM32L4xx_HAL_Driver/Src/stm32l4xx_hal.o
 .debug_abbrev  0x000016e9      0x327 ./Drivers/STM32L4xx_HAL_Driver/Src/stm32l4xx_hal_cortex.o
 .debug_abbrev  0x00001a10      0x1cb ./Drivers/STM32L4xx_HAL_Driver/Src/stm32l4xx_hal_gpio.o
 .debug_abbrev  0x00001bdb      0x25e ./Drivers/STM32L4xx_HAL_Driver/Src/stm32l4xx_hal_i2c.o
 .debug_abbrev  0x00001e39      0x1c0 ./Drivers/STM32L4xx_HAL_Driver/Src/stm32l4xx_hal_i2c_ex.o
 .debug_abbrev  0x00001ff9      0x1f9 ./Drivers/STM32L4xx_HAL_Driver/Src/stm32l4xx_hal_pwr_ex.o
 .debug_abbrev  0x000021f2      0x306 ./Drivers/STM32L4xx_HAL_Driver/Src/stm32l4xx_hal_rcc.o
 .debug_abbrev  0x000024f8      0x2a3 ./Drivers/STM32L4xx_HAL_Driver/Src/stm32l4xx_hal_rcc_ex.o
 .debug_abbrev  0x0000279b      0x267 ./Drivers/STM32L4xx_HAL_Driver/Src/stm32l4xx_hal_spi.o
 .debug_abbrev  0x00002a02      0x304 ./Drivers/STM32L4xx_HAL_Driver/Src/stm32l4xx_hal_uart.o
 .debug_abbrev  0x00002d06      0x2d2 ./Drivers/STM32L4xx_HAL_Driver/Src/stm32l4xx_hal_uart_ex.o

.debug_aranges  0x00000000     0x1230
 .debug_aranges
                0x00000000       0x68 ./Core/Src/Pills.o
 .debug_aranges
                0x00000068       0x38 ./Core/Src/Screens.o
 .debug_aranges
                0x000000a0       0xe8 ./Core/Src/ds1307.o
 .debug_aranges
                0x00000188      0x100 ./Core/Src/ili9488.o
 .debug_aranges
                0x00000288       0x60 ./Core/Src/main.o
 .debug_aranges
                0x000002e8       0x50 ./Core/Src/stm32l4xx_hal_msp.o
 .debug_aranges
                0x00000338       0x60 ./Core/Src/stm32l4xx_it.o
 .debug_aranges
                0x00000398       0x20 ./Core/Src/sysmem.o
 .debug_aranges
                0x000003b8       0x28 ./Core/Src/system_stm32l4xx.o
 .debug_aranges
                0x000003e0       0x70 ./Core/Src/xbee.o
 .debug_aranges
                0x00000450       0x50 ./Core/Src/xpt2046.o
 .debug_aranges
                0x000004a0       0x28 ./Core/Startup/startup_stm32l4r5zitxp.o
 .debug_aranges
                0x000004c8      0x130 ./Drivers/STM32L4xx_HAL_Driver/Src/stm32l4xx_hal.o
 .debug_aranges
                0x000005f8      0x118 ./Drivers/STM32L4xx_HAL_Driver/Src/stm32l4xx_hal_cortex.o
 .debug_aranges
                0x00000710       0x58 ./Drivers/STM32L4xx_HAL_Driver/Src/stm32l4xx_hal_gpio.o
 .debug_aranges
                0x00000768      0x2a0 ./Drivers/STM32L4xx_HAL_Driver/Src/stm32l4xx_hal_i2c.o
 .debug_aranges
                0x00000a08       0x48 ./Drivers/STM32L4xx_HAL_Driver/Src/stm32l4xx_hal_i2c_ex.o
 .debug_aranges
                0x00000a50      0x170 ./Drivers/STM32L4xx_HAL_Driver/Src/stm32l4xx_hal_pwr_ex.o
 .debug_aranges
                0x00000bc0       0x98 ./Drivers/STM32L4xx_HAL_Driver/Src/stm32l4xx_hal_rcc.o
 .debug_aranges
                0x00000c58      0x110 ./Drivers/STM32L4xx_HAL_Driver/Src/stm32l4xx_hal_rcc_ex.o
 .debug_aranges
                0x00000d68      0x1d8 ./Drivers/STM32L4xx_HAL_Driver/Src/stm32l4xx_hal_spi.o
 .debug_aranges
                0x00000f40      0x248 ./Drivers/STM32L4xx_HAL_Driver/Src/stm32l4xx_hal_uart.o
 .debug_aranges
                0x00001188       0xa8 ./Drivers/STM32L4xx_HAL_Driver/Src/stm32l4xx_hal_uart_ex.o

.debug_rnglists
                0x00000000      0xe17
 .debug_rnglists
                0x00000000       0x4d ./Core/Src/Pills.o
 .debug_rnglists
                0x0000004d       0x28 ./Core/Src/Screens.o
 .debug_rnglists
                0x00000075       0xa9 ./Core/Src/ds1307.o
 .debug_rnglists
                0x0000011e       0xce ./Core/Src/ili9488.o
 .debug_rnglists
                0x000001ec       0x49 ./Core/Src/main.o
 .debug_rnglists
                0x00000235       0x3a ./Core/Src/stm32l4xx_hal_msp.o
 .debug_rnglists
                0x0000026f       0x43 ./Core/Src/stm32l4xx_it.o
 .debug_rnglists
                0x000002b2       0x13 ./Core/Src/sysmem.o
 .debug_rnglists
                0x000002c5       0x1a ./Core/Src/system_stm32l4xx.o
 .debug_rnglists
                0x000002df       0x50 ./Core/Src/xbee.o
 .debug_rnglists
                0x0000032f       0x38 ./Core/Src/xpt2046.o
 .debug_rnglists
                0x00000367       0x19 ./Core/Startup/startup_stm32l4r5zitxp.o
 .debug_rnglists
                0x00000380       0xdf ./Drivers/STM32L4xx_HAL_Driver/Src/stm32l4xx_hal.o
 .debug_rnglists
                0x0000045f       0xce ./Drivers/STM32L4xx_HAL_Driver/Src/stm32l4xx_hal_cortex.o
 .debug_rnglists
                0x0000052d       0x3f ./Drivers/STM32L4xx_HAL_Driver/Src/stm32l4xx_hal_gpio.o
 .debug_rnglists
                0x0000056c      0x228 ./Drivers/STM32L4xx_HAL_Driver/Src/stm32l4xx_hal_i2c.o
 .debug_rnglists
                0x00000794       0x35 ./Drivers/STM32L4xx_HAL_Driver/Src/stm32l4xx_hal_i2c_ex.o
 .debug_rnglists
                0x000007c9      0x115 ./Drivers/STM32L4xx_HAL_Driver/Src/stm32l4xx_hal_pwr_ex.o
 .debug_rnglists
                0x000008de       0x74 ./Drivers/STM32L4xx_HAL_Driver/Src/stm32l4xx_hal_rcc.o
 .debug_rnglists
                0x00000952       0xd4 ./Drivers/STM32L4xx_HAL_Driver/Src/stm32l4xx_hal_rcc_ex.o
 .debug_rnglists
                0x00000a26      0x178 ./Drivers/STM32L4xx_HAL_Driver/Src/stm32l4xx_hal_spi.o
 .debug_rnglists
                0x00000b9e      0x1fa ./Drivers/STM32L4xx_HAL_Driver/Src/stm32l4xx_hal_uart.o
 .debug_rnglists
                0x00000d98       0x7f ./Drivers/STM32L4xx_HAL_Driver/Src/stm32l4xx_hal_uart_ex.o

.debug_macro    0x00000000    0x2c317
 .debug_macro   0x00000000      0x394 ./Core/Src/Pills.o
 .debug_macro   0x00000394      0xab4 ./Core/Src/Pills.o
 .debug_macro   0x00000e48      0x1ad ./Core/Src/Pills.o
 .debug_macro   0x00000ff5       0x2e ./Core/Src/Pills.o
 .debug_macro   0x00001023       0x28 ./Core/Src/Pills.o
 .debug_macro   0x0000104b       0x22 ./Core/Src/Pills.o
 .debug_macro   0x0000106d       0x8e ./Core/Src/Pills.o
 .debug_macro   0x000010fb       0x51 ./Core/Src/Pills.o
 .debug_macro   0x0000114c      0x103 ./Core/Src/Pills.o
 .debug_macro   0x0000124f       0x6a ./Core/Src/Pills.o
 .debug_macro   0x000012b9      0x1df ./Core/Src/Pills.o
 .debug_macro   0x00001498       0x1c ./Core/Src/Pills.o
 .debug_macro   0x000014b4       0x22 ./Core/Src/Pills.o
 .debug_macro   0x000014d6       0xfb ./Core/Src/Pills.o
 .debug_macro   0x000015d1     0x1011 ./Core/Src/Pills.o
 .debug_macro   0x000025e2      0x11f ./Core/Src/Pills.o
 .debug_macro   0x00002701    0x1cb71 ./Core/Src/Pills.o
 .debug_macro   0x0001f272       0x6d ./Core/Src/Pills.o
 .debug_macro   0x0001f2df     0x38ed ./Core/Src/Pills.o
 .debug_macro   0x00022bcc      0x189 ./Core/Src/Pills.o
 .debug_macro   0x00022d55       0x5c ./Core/Src/Pills.o
 .debug_macro   0x00022db1     0x1884 ./Core/Src/Pills.o
 .debug_macro   0x00024635      0x7dc ./Core/Src/Pills.o
 .debug_macro   0x00024e11      0x1b9 ./Core/Src/Pills.o
 .debug_macro   0x00024fca      0x225 ./Core/Src/Pills.o
 .debug_macro   0x000251ef      0x486 ./Core/Src/Pills.o
 .debug_macro   0x00025675      0x1ce ./Core/Src/Pills.o
 .debug_macro   0x00025843       0x43 ./Core/Src/Pills.o
 .debug_macro   0x00025886      0x23d ./Core/Src/Pills.o
 .debug_macro   0x00025ac3      0x241 ./Core/Src/Pills.o
 .debug_macro   0x00025d04      0x416 ./Core/Src/Pills.o
 .debug_macro   0x0002611a       0x1c ./Core/Src/Pills.o
 .debug_macro   0x00026136       0xf2 ./Core/Src/Pills.o
 .debug_macro   0x00026228      0x22c ./Core/Src/Pills.o
 .debug_macro   0x00026454       0x61 ./Core/Src/Pills.o
 .debug_macro   0x000264b5       0xa5 ./Core/Src/Pills.o
 .debug_macro   0x0002655a      0x122 ./Core/Src/Pills.o
 .debug_macro   0x0002667c      0x3f6 ./Core/Src/Pills.o
 .debug_macro   0x00026a72      0x2fe ./Core/Src/Pills.o
 .debug_macro   0x00026d70      0x693 ./Core/Src/Pills.o
 .debug_macro   0x00027403       0xa6 ./Core/Src/Pills.o
 .debug_macro   0x000274a9      0x432 ./Core/Src/Pills.o
 .debug_macro   0x000278db       0x61 ./Core/Src/Pills.o
 .debug_macro   0x0002793c       0x2a ./Core/Src/Pills.o
 .debug_macro   0x00027966       0x43 ./Core/Src/Pills.o
 .debug_macro   0x000279a9       0x34 ./Core/Src/Pills.o
 .debug_macro   0x000279dd       0x16 ./Core/Src/Pills.o
 .debug_macro   0x000279f3       0x43 ./Core/Src/Pills.o
 .debug_macro   0x00027a36       0x34 ./Core/Src/Pills.o
 .debug_macro   0x00027a6a       0x10 ./Core/Src/Pills.o
 .debug_macro   0x00027a7a       0x58 ./Core/Src/Pills.o
 .debug_macro   0x00027ad2       0x8e ./Core/Src/Pills.o
 .debug_macro   0x00027b60       0x1c ./Core/Src/Pills.o
 .debug_macro   0x00027b7c      0x177 ./Core/Src/Pills.o
 .debug_macro   0x00027cf3      0x369 ./Core/Src/Pills.o
 .debug_macro   0x0002805c      0x19b ./Core/Src/Pills.o
 .debug_macro   0x000281f7       0x22 ./Core/Src/Pills.o
 .debug_macro   0x00028219       0x16 ./Core/Src/Pills.o
 .debug_macro   0x0002822f       0x35 ./Core/Src/Pills.o
 .debug_macro   0x00028264       0x16 ./Core/Src/Pills.o
 .debug_macro   0x0002827a       0x29 ./Core/Src/Pills.o
 .debug_macro   0x000282a3       0x1c ./Core/Src/Pills.o
 .debug_macro   0x000282bf       0x10 ./Core/Src/Pills.o
 .debug_macro   0x000282cf       0x1c ./Core/Src/Pills.o
 .debug_macro   0x000282eb       0x16 ./Core/Src/Pills.o
 .debug_macro   0x00028301      0x146 ./Core/Src/Pills.o
 .debug_macro   0x00028447       0x16 ./Core/Src/Pills.o
 .debug_macro   0x0002845d       0x20 ./Core/Src/Pills.o
 .debug_macro   0x0002847d      0x251 ./Core/Src/Pills.o
 .debug_macro   0x000286ce       0x7c ./Core/Src/Pills.o
 .debug_macro   0x0002874a       0x70 ./Core/Src/Pills.o
 .debug_macro   0x000287ba       0x58 ./Core/Src/Pills.o
 .debug_macro   0x00028812      0x396 ./Core/Src/Screens.o
 .debug_macro   0x00028ba8       0x5b ./Core/Src/Screens.o
 .debug_macro   0x00028c03       0x94 ./Core/Src/Screens.o
 .debug_macro   0x00028c97       0x57 ./Core/Src/Screens.o
 .debug_macro   0x00028cee       0x56 ./Core/Src/Screens.o
 .debug_macro   0x00028d44       0x76 ./Core/Src/Screens.o
 .debug_macro   0x00028dba       0x5e ./Core/Src/Screens.o
 .debug_macro   0x00028e18      0x394 ./Core/Src/ds1307.o
 .debug_macro   0x000291ac      0x38a ./Core/Src/ili9488.o
 .debug_macro   0x00029536      0x386 ./Core/Src/main.o
 .debug_macro   0x000298bc      0x386 ./Core/Src/stm32l4xx_hal_msp.o
 .debug_macro   0x00029c42      0x390 ./Core/Src/stm32l4xx_it.o
 .debug_macro   0x00029fd2       0xff ./Core/Src/sysmem.o
 .debug_macro   0x0002a0d1      0x23c ./Core/Src/sysmem.o
 .debug_macro   0x0002a30d      0x1e8 ./Core/Src/system_stm32l4xx.o
 .debug_macro   0x0002a4f5      0x398 ./Core/Src/xbee.o
 .debug_macro   0x0002a88d      0x390 ./Core/Src/xpt2046.o
 .debug_macro   0x0002ac1d      0x236 ./Drivers/STM32L4xx_HAL_Driver/Src/stm32l4xx_hal.o
 .debug_macro   0x0002ae53      0x1e8 ./Drivers/STM32L4xx_HAL_Driver/Src/stm32l4xx_hal_cortex.o
 .debug_macro   0x0002b03b      0x1ef ./Drivers/STM32L4xx_HAL_Driver/Src/stm32l4xx_hal_gpio.o
 .debug_macro   0x0002b22a      0x2b4 ./Drivers/STM32L4xx_HAL_Driver/Src/stm32l4xx_hal_i2c.o
 .debug_macro   0x0002b4de      0x1e8 ./Drivers/STM32L4xx_HAL_Driver/Src/stm32l4xx_hal_i2c_ex.o
 .debug_macro   0x0002b6c6      0x212 ./Drivers/STM32L4xx_HAL_Driver/Src/stm32l4xx_hal_pwr_ex.o
 .debug_macro   0x0002b8d8      0x22a ./Drivers/STM32L4xx_HAL_Driver/Src/stm32l4xx_hal_rcc.o
 .debug_macro   0x0002bb02      0x21e ./Drivers/STM32L4xx_HAL_Driver/Src/stm32l4xx_hal_rcc_ex.o
 .debug_macro   0x0002bd20      0x1f0 ./Drivers/STM32L4xx_HAL_Driver/Src/stm32l4xx_hal_spi.o
 .debug_macro   0x0002bf10      0x213 ./Drivers/STM32L4xx_HAL_Driver/Src/stm32l4xx_hal_uart.o
 .debug_macro   0x0002c123      0x1f4 ./Drivers/STM32L4xx_HAL_Driver/Src/stm32l4xx_hal_uart_ex.o

.debug_line     0x00000000    0x182dd
 .debug_line    0x00000000      0xb4f ./Core/Src/Pills.o
 .debug_line    0x00000b4f      0xc43 ./Core/Src/Screens.o
 .debug_line    0x00001792      0xbff ./Core/Src/ds1307.o
 .debug_line    0x00002391     0x1547 ./Core/Src/ili9488.o
 .debug_line    0x000038d8      0xbc6 ./Core/Src/main.o
 .debug_line    0x0000449e      0xacc ./Core/Src/stm32l4xx_hal_msp.o
 .debug_line    0x00004f6a      0x9fe ./Core/Src/stm32l4xx_it.o
 .debug_line    0x00005968      0x51c ./Core/Src/sysmem.o
 .debug_line    0x00005e84      0x7ca ./Core/Src/system_stm32l4xx.o
 .debug_line    0x0000664e      0xae0 ./Core/Src/xbee.o
 .debug_line    0x0000712e      0xa2a ./Core/Src/xpt2046.o
 .debug_line    0x00007b58       0x7a ./Core/Startup/startup_stm32l4r5zitxp.o
 .debug_line    0x00007bd2      0xb25 ./Drivers/STM32L4xx_HAL_Driver/Src/stm32l4xx_hal.o
 .debug_line    0x000086f7      0xcc4 ./Drivers/STM32L4xx_HAL_Driver/Src/stm32l4xx_hal_cortex.o
 .debug_line    0x000093bb      0xb99 ./Drivers/STM32L4xx_HAL_Driver/Src/stm32l4xx_hal_gpio.o
 .debug_line    0x00009f54     0x39a1 ./Drivers/STM32L4xx_HAL_Driver/Src/stm32l4xx_hal_i2c.o
 .debug_line    0x0000d8f5      0x94d ./Drivers/STM32L4xx_HAL_Driver/Src/stm32l4xx_hal_i2c_ex.o
 .debug_line    0x0000e242      0xd8c ./Drivers/STM32L4xx_HAL_Driver/Src/stm32l4xx_hal_pwr_ex.o
 .debug_line    0x0000efce     0x1076 ./Drivers/STM32L4xx_HAL_Driver/Src/stm32l4xx_hal_rcc.o
 .debug_line    0x00010044     0x1987 ./Drivers/STM32L4xx_HAL_Driver/Src/stm32l4xx_hal_rcc_ex.o
 .debug_line    0x000119cb     0x1fd7 ./Drivers/STM32L4xx_HAL_Driver/Src/stm32l4xx_hal_spi.o
 .debug_line    0x000139a2     0x3bbd ./Drivers/STM32L4xx_HAL_Driver/Src/stm32l4xx_hal_uart.o
 .debug_line    0x0001755f      0xd7e ./Drivers/STM32L4xx_HAL_Driver/Src/stm32l4xx_hal_uart_ex.o

.debug_str      0x00000000   0x1041c7
 .debug_str     0x00000000    0xfe3fc ./Core/Src/Pills.o
                              0xfe6bf (size before relaxing)
 .debug_str     0x000fe3fc      0x21d ./Core/Src/Screens.o
                              0xfe861 (size before relaxing)
 .debug_str     0x000fe619      0x799 ./Core/Src/ds1307.o
                              0xfee65 (size before relaxing)
 .debug_str     0x000fedb2      0x43b ./Core/Src/ili9488.o
                              0xfee05 (size before relaxing)
 .debug_str     0x000ff1ed      0x689 ./Core/Src/main.o
                              0xff579 (size before relaxing)
 .debug_str     0x000ff876      0x357 ./Core/Src/stm32l4xx_hal_msp.o
                              0xff4ba (size before relaxing)
 .debug_str     0x000ffbcd       0xc9 ./Core/Src/stm32l4xx_it.o
                              0xfe627 (size before relaxing)
 .debug_str     0x000ffc96      0x4dc ./Core/Src/sysmem.o
                               0x60ca (size before relaxing)
 .debug_str     0x00100172       0xf2 ./Core/Src/system_stm32l4xx.o
                              0xf999e (size before relaxing)
 .debug_str     0x00100264       0xfe ./Core/Src/xbee.o
                              0xfed1b (size before relaxing)
 .debug_str     0x00100362       0x59 ./Core/Src/xpt2046.o
                              0xfeb8d (size before relaxing)
 .debug_str     0x001003bb       0x45 ./Core/Startup/startup_stm32l4r5zitxp.o
                                 0x7e (size before relaxing)
 .debug_str     0x00100400      0xaac ./Drivers/STM32L4xx_HAL_Driver/Src/stm32l4xx_hal.o
                              0xfa56e (size before relaxing)
 .debug_str     0x00100eac      0x344 ./Drivers/STM32L4xx_HAL_Driver/Src/stm32l4xx_hal_cortex.o
                              0xfa1fd (size before relaxing)
 .debug_str     0x001011f0      0x123 ./Drivers/STM32L4xx_HAL_Driver/Src/stm32l4xx_hal_gpio.o
                              0xf9b18 (size before relaxing)
 .debug_str     0x00101313      0xdc0 ./Drivers/STM32L4xx_HAL_Driver/Src/stm32l4xx_hal_i2c.o
                              0xfac89 (size before relaxing)
 .debug_str     0x001020d3       0xb8 ./Drivers/STM32L4xx_HAL_Driver/Src/stm32l4xx_hal_i2c_ex.o
                              0xf9fd6 (size before relaxing)
 .debug_str     0x0010218b      0x575 ./Drivers/STM32L4xx_HAL_Driver/Src/stm32l4xx_hal_pwr_ex.o
                              0xf9f71 (size before relaxing)
 .debug_str     0x00102700      0x3c7 ./Drivers/STM32L4xx_HAL_Driver/Src/stm32l4xx_hal_rcc.o
                              0xfa011 (size before relaxing)
 .debug_str     0x00102ac7      0x5b3 ./Drivers/STM32L4xx_HAL_Driver/Src/stm32l4xx_hal_rcc_ex.o
                              0xfa3d2 (size before relaxing)
 .debug_str     0x0010307a      0x54b ./Drivers/STM32L4xx_HAL_Driver/Src/stm32l4xx_hal_spi.o
                              0xfa29b (size before relaxing)
 .debug_str     0x001035c5      0x997 ./Drivers/STM32L4xx_HAL_Driver/Src/stm32l4xx_hal_uart.o
                              0xfa942 (size before relaxing)
 .debug_str     0x00103f5c      0x26b ./Drivers/STM32L4xx_HAL_Driver/Src/stm32l4xx_hal_uart_ex.o
                              0xfa152 (size before relaxing)

.comment        0x00000000       0x43
 .comment       0x00000000       0x43 ./Core/Src/Pills.o
                                 0x44 (size before relaxing)
 .comment       0x00000043       0x44 ./Core/Src/Screens.o
 .comment       0x00000043       0x44 ./Core/Src/ds1307.o
 .comment       0x00000043       0x44 ./Core/Src/ili9488.o
 .comment       0x00000043       0x44 ./Core/Src/main.o
 .comment       0x00000043       0x44 ./Core/Src/stm32l4xx_hal_msp.o
 .comment       0x00000043       0x44 ./Core/Src/stm32l4xx_it.o
 .comment       0x00000043       0x44 ./Core/Src/sysmem.o
 .comment       0x00000043       0x44 ./Core/Src/system_stm32l4xx.o
 .comment       0x00000043       0x44 ./Core/Src/xbee.o
 .comment       0x00000043       0x44 ./Core/Src/xpt2046.o
 .comment       0x00000043       0x44 ./Drivers/STM32L4xx_HAL_Driver/Src/stm32l4xx_hal.o
 .comment       0x00000043       0x44 ./Drivers/STM32L4xx_HAL_Driver/Src/stm32l4xx_hal_cortex.o
 .comment       0x00000043       0x44 ./Drivers/STM32L4xx_HAL_Driver/Src/stm32l4xx_hal_gpio.o
 .comment       0x00000043       0x44 ./Drivers/STM32L4xx_HAL_Driver/Src/stm32l4xx_hal_i2c.o
 .comment       0x00000043       0x44 ./Drivers/STM32L4xx_HAL_Driver/Src/stm32l4xx_hal_i2c_ex.o
 .comment       0x00000043       0x44 ./Drivers/STM32L4xx_HAL_Driver/Src/stm32l4xx_hal_pwr_ex.o
 .comment       0x00000043       0x44 ./Drivers/STM32L4xx_HAL_Driver/Src/stm32l4xx_hal_rcc.o
 .comment       0x00000043       0x44 ./Drivers/STM32L4xx_HAL_Driver/Src/stm32l4xx_hal_rcc_ex.o
 .comment       0x00000043       0x44 ./Drivers/STM32L4xx_HAL_Driver/Src/stm32l4xx_hal_spi.o
 .comment       0x00000043       0x44 ./Drivers/STM32L4xx_HAL_Driver/Src/stm32l4xx_hal_uart.o
 .comment       0x00000043       0x44 ./Drivers/STM32L4xx_HAL_Driver/Src/stm32l4xx_hal_uart_ex.o

.debug_frame    0x00000000     0x508c
 .debug_frame   0x00000000      0x190 ./Core/Src/Pills.o
 .debug_frame   0x00000190       0xb0 ./Core/Src/Screens.o
 .debug_frame   0x00000240      0x378 ./Core/Src/ds1307.o
 .debug_frame   0x000005b8      0x480 ./Core/Src/ili9488.o
 .debug_frame   0x00000a38      0x11c ./Core/Src/main.o
 .debug_frame   0x00000b54      0x118 ./Core/Src/stm32l4xx_hal_msp.o
 .debug_frame   0x00000c6c      0x104 ./Core/Src/stm32l4xx_it.o
 .debug_frame   0x00000d70       0x34 ./Core/Src/sysmem.o
 .debug_frame   0x00000da4       0x58 ./Core/Src/system_stm32l4xx.o
 .debug_frame   0x00000dfc      0x19c ./Core/Src/xbee.o
 .debug_frame   0x00000f98      0x108 ./Core/Src/xpt2046.o
 .debug_frame   0x000010a0      0x498 ./Drivers/STM32L4xx_HAL_Driver/Src/stm32l4xx_hal.o
 .debug_frame   0x00001538      0x498 ./Drivers/STM32L4xx_HAL_Driver/Src/stm32l4xx_hal_cortex.o
 .debug_frame   0x000019d0      0x14c ./Drivers/STM32L4xx_HAL_Driver/Src/stm32l4xx_hal_gpio.o
 .debug_frame   0x00001b1c      0xc38 ./Drivers/STM32L4xx_HAL_Driver/Src/stm32l4xx_hal_i2c.o
 .debug_frame   0x00002754      0x100 ./Drivers/STM32L4xx_HAL_Driver/Src/stm32l4xx_hal_i2c_ex.o
 .debug_frame   0x00002854      0x5c4 ./Drivers/STM32L4xx_HAL_Driver/Src/stm32l4xx_hal_pwr_ex.o
 .debug_frame   0x00002e18      0x248 ./Drivers/STM32L4xx_HAL_Driver/Src/stm32l4xx_hal_rcc.o
 .debug_frame   0x00003060      0x464 ./Drivers/STM32L4xx_HAL_Driver/Src/stm32l4xx_hal_rcc_ex.o
 .debug_frame   0x000034c4      0x860 ./Drivers/STM32L4xx_HAL_Driver/Src/stm32l4xx_hal_spi.o
 .debug_frame   0x00003d24      0xa94 ./Drivers/STM32L4xx_HAL_Driver/Src/stm32l4xx_hal_uart.o
 .debug_frame   0x000047b8      0x2c0 ./Drivers/STM32L4xx_HAL_Driver/Src/stm32l4xx_hal_uart_ex.o
 .debug_frame   0x00004a78       0x30 /Applications/STM32CubeIDE.app/Contents/Eclipse/plugins/com.st.stm32cube.ide.mcu.externaltools.gnu-tools-for-stm32.12.3.rel1.macos64_1.0.100.202403111906/tools/bin/../lib/gcc/arm-none-eabi/12.3.1/../../../../arm-none-eabi/lib/thumb/v7e-m+fp/hard/libc_nano.a(libc_a-malloc.o)
 .debug_frame   0x00004aa8       0x50 /Applications/STM32CubeIDE.app/Contents/Eclipse/plugins/com.st.stm32cube.ide.mcu.externaltools.gnu-tools-for-stm32.12.3.rel1.macos64_1.0.100.202403111906/tools/bin/../lib/gcc/arm-none-eabi/12.3.1/../../../../arm-none-eabi/lib/thumb/v7e-m+fp/hard/libc_nano.a(libc_a-mallocr.o)
 .debug_frame   0x00004af8       0x30 /Applications/STM32CubeIDE.app/Contents/Eclipse/plugins/com.st.stm32cube.ide.mcu.externaltools.gnu-tools-for-stm32.12.3.rel1.macos64_1.0.100.202403111906/tools/bin/../lib/gcc/arm-none-eabi/12.3.1/../../../../arm-none-eabi/lib/thumb/v7e-m+fp/hard/libc_nano.a(libc_a-mlock.o)
 .debug_frame   0x00004b28       0x6c /Applications/STM32CubeIDE.app/Contents/Eclipse/plugins/com.st.stm32cube.ide.mcu.externaltools.gnu-tools-for-stm32.12.3.rel1.macos64_1.0.100.202403111906/tools/bin/../lib/gcc/arm-none-eabi/12.3.1/../../../../arm-none-eabi/lib/thumb/v7e-m+fp/hard/libc_nano.a(libc_a-sprintf.o)
 .debug_frame   0x00004b94      0x144 /Applications/STM32CubeIDE.app/Contents/Eclipse/plugins/com.st.stm32cube.ide.mcu.externaltools.gnu-tools-for-stm32.12.3.rel1.macos64_1.0.100.202403111906/tools/bin/../lib/gcc/arm-none-eabi/12.3.1/../../../../arm-none-eabi/lib/thumb/v7e-m+fp/hard/libc_nano.a(libc_a-findfp.o)
 .debug_frame   0x00004cd8       0x20 /Applications/STM32CubeIDE.app/Contents/Eclipse/plugins/com.st.stm32cube.ide.mcu.externaltools.gnu-tools-for-stm32.12.3.rel1.macos64_1.0.100.202403111906/tools/bin/../lib/gcc/arm-none-eabi/12.3.1/../../../../arm-none-eabi/lib/thumb/v7e-m+fp/hard/libc_nano.a(libc_a-memset.o)
 .debug_frame   0x00004cf8       0x2c /Applications/STM32CubeIDE.app/Contents/Eclipse/plugins/com.st.stm32cube.ide.mcu.externaltools.gnu-tools-for-stm32.12.3.rel1.macos64_1.0.100.202403111906/tools/bin/../lib/gcc/arm-none-eabi/12.3.1/../../../../arm-none-eabi/lib/thumb/v7e-m+fp/hard/libc_nano.a(libc_a-sbrkr.o)
 .debug_frame   0x00004d24       0x20 /Applications/STM32CubeIDE.app/Contents/Eclipse/plugins/com.st.stm32cube.ide.mcu.externaltools.gnu-tools-for-stm32.12.3.rel1.macos64_1.0.100.202403111906/tools/bin/../lib/gcc/arm-none-eabi/12.3.1/../../../../arm-none-eabi/lib/thumb/v7e-m+fp/hard/libc_nano.a(libc_a-errno.o)
 .debug_frame   0x00004d44       0x2c /Applications/STM32CubeIDE.app/Contents/Eclipse/plugins/com.st.stm32cube.ide.mcu.externaltools.gnu-tools-for-stm32.12.3.rel1.macos64_1.0.100.202403111906/tools/bin/../lib/gcc/arm-none-eabi/12.3.1/../../../../arm-none-eabi/lib/thumb/v7e-m+fp/hard/libc_nano.a(libc_a-init.o)
 .debug_frame   0x00004d70       0xb0 /Applications/STM32CubeIDE.app/Contents/Eclipse/plugins/com.st.stm32cube.ide.mcu.externaltools.gnu-tools-for-stm32.12.3.rel1.macos64_1.0.100.202403111906/tools/bin/../lib/gcc/arm-none-eabi/12.3.1/../../../../arm-none-eabi/lib/thumb/v7e-m+fp/hard/libc_nano.a(libc_a-lock.o)
 .debug_frame   0x00004e20       0x28 /Applications/STM32CubeIDE.app/Contents/Eclipse/plugins/com.st.stm32cube.ide.mcu.externaltools.gnu-tools-for-stm32.12.3.rel1.macos64_1.0.100.202403111906/tools/bin/../lib/gcc/arm-none-eabi/12.3.1/../../../../arm-none-eabi/lib/thumb/v7e-m+fp/hard/libc_nano.a(libc_a-memcpy-stub.o)