../Core/Src/main.c:80:6:fill_LUT	32	static
../Core/Src/main.c:92:6:setComp	16	static
../Core/Src/main.c:112:6:changeNote	16	static
../Core/Src/main.c:118:6:TIM2_ISR	8	static
../Core/Src/main.c:138:5:main	32	static
../Core/Src/main.c:266:6:SystemClock_Config	96	static
../Core/Src/main.c:317:13:MX_DAC1_Init	48	static
../Core/Src/main.c:361:13:MX_I2C1_Init	8	static
../Core/Src/main.c:409:13:MX_I2C2_Init	8	static
../Core/Src/main.c:457:13:MX_SPI1_Init	8	static
../Core/Src/main.c:497:13:MX_SPI2_Init	8	static
../Core/Src/main.c:537:13:MX_SPI3_Init	8	static
../Core/Src/main.c:577:13:MX_TIM2_Init	40	static
../Core/Src/main.c:622:13:MX_USART2_UART_Init	8	static
../Core/Src/main.c:670:13:MX_USART3_UART_Init	8	static
../Core/Src/main.c:718:13:MX_GPIO_Init	56	static
../Core/Src/main.c:797:6:Error_Handler	4	static,ignoring_inline_asm
