../Core/Src/Pills.c:10:6:addNewEntry	56	static
../Core/Src/Pills.c:20:6:sortEntries	112	static
../Core/Src/Pills.c:42:9:compPillEntry	8	static
../Core/Src/Pills.c:59:9:update_last_due_pill_idx	24	static
../Core/Src/Pills.c:87:9:get_next_pill_idx	4	static
../Core/Src/Pills.c:96:9:getNumDuePills	4	static
../Core/Src/Pills.c:101:9:updatelastTakenPill	8	static
../Core/Src/Pills.c:113:11:getPillInfo	24	static
../Core/Src/Pills.c:117:9:getNumPills	4	static
../Core/Src/Pills.c:121:9:dispenserAvailable	16	static
../Core/Src/Pills.c:125:6:deleteDispenser	104	dynamic
../Core/Src/Pills.c:151:6:clearPillList	4	static
../Core/Src/Pills.c:155:6:loadNewPillsDisplay	64	static
../Core/Src/Pills.c:186:6:loadNewPillEntry	56	static
../Core/Src/Pills.c:197:6:automaticDispense	16	static
../Core/Src/Pills.c:215:6:Dispense1	8	static
../Core/Src/Pills.c:231:6:Dispense2	8	static
../Core/Src/Pills.c:244:6:Dispense3	8	static
