16:42:07 **** Clean-only build of configuration Debug for project LCD_TOUCH_out ****
make -j7 clean 
rm -rf ./Drivers/STM32L4xx_HAL_Driver/Src/stm32l4xx_hal.cyclo ./Drivers/STM32L4xx_HAL_Driver/Src/stm32l4xx_hal.d ./Drivers/STM32L4xx_HAL_Driver/Src/stm32l4xx_hal.o ./Drivers/STM32L4xx_HAL_Driver/Src/stm32l4xx_hal.su ./Drivers/STM32L4xx_HAL_Driver/Src/stm32l4xx_hal_cortex.cyclo ./Drivers/STM32L4xx_HAL_Driver/Src/stm32l4xx_hal_cortex.d ./Drivers/STM32L4xx_HAL_Driver/Src/stm32l4xx_hal_cortex.o ./Drivers/STM32L4xx_HAL_Driver/Src/stm32l4xx_hal_cortex.su ./Drivers/STM32L4xx_HAL_Driver/Src/stm32l4xx_hal_dma.cyclo ./Drivers/STM32L4xx_HAL_Driver/Src/stm32l4xx_hal_dma.d ./Drivers/STM32L4xx_HAL_Driver/Src/stm32l4xx_hal_dma.o ./Drivers/STM32L4xx_HAL_Driver/Src/stm32l4xx_hal_dma.su ./Drivers/STM32L4xx_HAL_Driver/Src/stm32l4xx_hal_dma_ex.cyclo ./Drivers/STM32L4xx_HAL_Driver/Src/stm32l4xx_hal_dma_ex.d ./Drivers/STM32L4xx_HAL_Driver/Src/stm32l4xx_hal_dma_ex.o ./Drivers/STM32L4xx_HAL_Driver/Src/stm32l4xx_hal_dma_ex.su ./Drivers/STM32L4xx_HAL_Driver/Src/stm32l4xx_hal_exti.cyclo ./Drivers/STM32L4xx_HAL_Driver/Src/stm32l4xx_hal_exti.d ./Drivers/STM32L4xx_HAL_Driver/Src/stm32l4xx_hal_exti.o ./Drivers/STM32L4xx_HAL_Driver/Src/stm32l4xx_hal_exti.su ./Drivers/STM32L4xx_HAL_Driver/Src/stm32l4xx_hal_flash.cyclo ./Drivers/STM32L4xx_HAL_Driver/Src/stm32l4xx_hal_flash.d ./Drivers/STM32L4xx_HAL_Driver/Src/stm32l4xx_hal_flash.o ./Drivers/STM32L4xx_HAL_Driver/Src/stm32l4xx_hal_flash.su ./Drivers/STM32L4xx_HAL_Driver/Src/stm32l4xx_hal_flash_ex.cyclo ./Drivers/STM32L4xx_HAL_Driver/Src/stm32l4xx_hal_flash_ex.d ./Drivers/STM32L4xx_HAL_Driver/Src/stm32l4xx_hal_flash_ex.o ./Drivers/STM32L4xx_HAL_Driver/Src/stm32l4xx_hal_flash_ex.su ./Drivers/STM32L4xx_HAL_Driver/Src/stm32l4xx_hal_flash_ramfunc.cyclo ./Drivers/STM32L4xx_HAL_Driver/Src/stm32l4xx_hal_flash_ramfunc.d ./Drivers/STM32L4xx_HAL_Driver/Src/stm32l4xx_hal_flash_ramfunc.o ./Drivers/STM32L4xx_HAL_Driver/Src/stm32l4xx_hal_flash_ramfunc.su ./Drivers/STM32L4xx_HAL_Driver/Src/stm32l4xx_hal_gpio.cyclo ./Drivers/STM32L4xx_HAL_Driver/Src/stm32l4xx_hal_gpio.d ./Drivers/STM32L4xx_HAL_Driver/Src/stm32l4xx_hal_gpio.o ./Drivers/STM32L4xx_HAL_Driver/Src/stm32l4xx_hal_gpio.su ./Drivers/STM32L4xx_HAL_Driver/Src/stm32l4xx_hal_i2c.cyclo ./Drivers/STM32L4xx_HAL_Driver/Src/stm32l4xx_hal_i2c.d ./Drivers/STM32L4xx_HAL_Driver/Src/stm32l4xx_hal_i2c.o ./Drivers/STM32L4xx_HAL_Driver/Src/stm32l4xx_hal_i2c.su ./Drivers/STM32L4xx_HAL_Driver/Src/stm32l4xx_hal_i2c_ex.cyclo ./Drivers/STM32L4xx_HAL_Driver/Src/stm32l4xx_hal_i2c_ex.d ./Drivers/STM32L4xx_HAL_Driver/Src/stm32l4xx_hal_i2c_ex.o ./Drivers/STM32L4xx_HAL_Driver/Src/stm32l4xx_hal_i2c_ex.su ./Drivers/STM32L4xx_HAL_Driver/Src/stm32l4xx_hal_pwr.cyclo ./Drivers/STM32L4xx_HAL_Driver/Src/stm32l4xx_hal_pwr.d ./Drivers/STM32L4xx_HAL_Driver/Src/stm32l4xx_hal_pwr.o ./Drivers/STM32L4xx_HAL_Driver/Src/stm32l4xx_hal_pwr.su ./Drivers/STM32L4xx_HAL_Driver/Src/stm32l4xx_hal_pwr_ex.cyclo ./Drivers/STM32L4xx_HAL_Driver/Src/stm32l4xx_hal_pwr_ex.d ./Drivers/STM32L4xx_HAL_Driver/Src/stm32l4xx_hal_pwr_ex.o ./Drivers/STM32L4xx_HAL_Driver/Src/stm32l4xx_hal_pwr_ex.su ./Drivers/STM32L4xx_HAL_Driver/Src/stm32l4xx_hal_rcc.cyclo ./Drivers/STM32L4xx_HAL_Driver/Src/stm32l4xx_hal_rcc.d ./Drivers/STM32L4xx_HAL_Driver/Src/stm32l4xx_hal_rcc.o ./Drivers/STM32L4xx_HAL_Driver/Src/stm32l4xx_hal_rcc.su ./Drivers/STM32L4xx_HAL_Driver/Src/stm32l4xx_hal_rcc_ex.cyclo ./Drivers/STM32L4xx_HAL_Driver/Src/stm32l4xx_hal_rcc_ex.d ./Drivers/STM32L4xx_HAL_Driver/Src/stm32l4xx_hal_rcc_ex.o ./Drivers/STM32L4xx_HAL_Driver/Src/stm32l4xx_hal_rcc_ex.su ./Drivers/STM32L4xx_HAL_Driver/Src/stm32l4xx_hal_spi.cyclo ./Drivers/STM32L4xx_HAL_Driver/Src/stm32l4xx_hal_spi.d ./Drivers/STM32L4xx_HAL_Driver/Src/stm32l4xx_hal_spi.o ./Drivers/STM32L4xx_HAL_Driver/Src/stm32l4xx_hal_spi.su ./Drivers/STM32L4xx_HAL_Driver/Src/stm32l4xx_hal_spi_ex.cyclo ./Drivers/STM32L4xx_HAL_Driver/Src/stm32l4xx_hal_spi_ex.d ./Drivers/STM32L4xx_HAL_Driver/Src/stm32l4xx_hal_spi_ex.o ./Drivers/STM32L4xx_HAL_Driver/Src/stm32l4xx_hal_spi_ex.su ./Drivers/STM32L4xx_HAL_Driver/Src/stm32l4xx_hal_tim.cyclo ./Drivers/STM32L4xx_HAL_Driver/Src/stm32l4xx_hal_tim.d ./Drivers/STM32L4xx_HAL_Driver/Src/stm32l4xx_hal_tim.o ./Drivers/STM32L4xx_HAL_Driver/Src/stm32l4xx_hal_tim.su ./Drivers/STM32L4xx_HAL_Driver/Src/stm32l4xx_hal_tim_ex.cyclo ./Drivers/STM32L4xx_HAL_Driver/Src/stm32l4xx_hal_tim_ex.d ./Drivers/STM32L4xx_HAL_Driver/Src/stm32l4xx_hal_tim_ex.o ./Drivers/STM32L4xx_HAL_Driver/Src/stm32l4xx_hal_tim_ex.su
rm -rf ./Core/Startup/startup_stm32l4r5zitxp.d ./Core/Startup/startup_stm32l4r5zitxp.o
rm -rf ./Core/Src/ili9488.cyclo ./Core/Src/ili9488.d ./Core/Src/ili9488.o ./Core/Src/ili9488.su ./Core/Src/main.cyclo ./Core/Src/main.d ./Core/Src/main.o ./Core/Src/main.su ./Core/Src/stm32l4xx_hal_msp.cyclo ./Core/Src/stm32l4xx_hal_msp.d ./Core/Src/stm32l4xx_hal_msp.o ./Core/Src/stm32l4xx_hal_msp.su ./Core/Src/stm32l4xx_it.cyclo ./Core/Src/stm32l4xx_it.d ./Core/Src/stm32l4xx_it.o ./Core/Src/stm32l4xx_it.su ./Core/Src/syscalls.cyclo ./Core/Src/syscalls.d ./Core/Src/syscalls.o ./Core/Src/syscalls.su ./Core/Src/sysmem.cyclo ./Core/Src/sysmem.d ./Core/Src/sysmem.o ./Core/Src/sysmem.su ./Core/Src/system_stm32l4xx.cyclo ./Core/Src/system_stm32l4xx.d ./Core/Src/system_stm32l4xx.o ./Core/Src/system_stm32l4xx.su ./Core/Src/xpt2046.cyclo ./Core/Src/xpt2046.d ./Core/Src/xpt2046.o ./Core/Src/xpt2046.su
rm -rf LCD_TOUCH_out.elf LCD_TOUCH_out.list LCD_TOUCH_out.map default.size.stdout
 
16:42:07 **** Build of configuration Debug for project LCD_TOUCH_out ****
make -j7 all 
arm-none-eabi-gcc "../Drivers/STM32L4xx_HAL_Driver/Src/stm32l4xx_hal.c" -mcpu=cortex-m4 -std=gnu11 -g3 -DDEBUG -DUSE_HAL_DRIVER -DSTM32L4R5xx -c -I../Core/Inc -I../Drivers/STM32L4xx_HAL_Driver/Inc -I../Drivers/STM32L4xx_HAL_Driver/Inc/Legacy -I../Drivers/CMSIS/Device/ST/STM32L4xx/Include -I../Drivers/CMSIS/Include -O0 -ffunction-sections -fdata-sections -Wall -fstack-usage -fcyclomatic-complexity -MMD -MP -MF"Drivers/STM32L4xx_HAL_Driver/Src/stm32l4xx_hal.d" -MT"Drivers/STM32L4xx_HAL_Driver/Src/stm32l4xx_hal.o" --specs=nano.specs -mfpu=fpv4-sp-d16 -mfloat-abi=hard -mthumb -o "Drivers/STM32L4xx_HAL_Driver/Src/stm32l4xx_hal.o"
arm-none-eabi-gcc "../Drivers/STM32L4xx_HAL_Driver/Src/stm32l4xx_hal_cortex.c" -mcpu=cortex-m4 -std=gnu11 -g3 -DDEBUG -DUSE_HAL_DRIVER -DSTM32L4R5xx -c -I../Core/Inc -I../Drivers/STM32L4xx_HAL_Driver/Inc -I../Drivers/STM32L4xx_HAL_Driver/Inc/Legacy -I../Drivers/CMSIS/Device/ST/STM32L4xx/Include -I../Drivers/CMSIS/Include -O0 -ffunction-sections -fdata-sections -Wall -fstack-usage -fcyclomatic-complexity -MMD -MP -MF"Drivers/STM32L4xx_HAL_Driver/Src/stm32l4xx_hal_cortex.d" -MT"Drivers/STM32L4xx_HAL_Driver/Src/stm32l4xx_hal_cortex.o" --specs=nano.specs -mfpu=fpv4-sp-d16 -mfloat-abi=hard -mthumb -o "Drivers/STM32L4xx_HAL_Driver/Src/stm32l4xx_hal_cortex.o"
arm-none-eabi-gcc "../Drivers/STM32L4xx_HAL_Driver/Src/stm32l4xx_hal_dma.c" -mcpu=cortex-m4 -std=gnu11 -g3 -DDEBUG -DUSE_HAL_DRIVER -DSTM32L4R5xx -c -I../Core/Inc -I../Drivers/STM32L4xx_HAL_Driver/Inc -I../Drivers/STM32L4xx_HAL_Driver/Inc/Legacy -I../Drivers/CMSIS/Device/ST/STM32L4xx/Include -I../Drivers/CMSIS/Include -O0 -ffunction-sections -fdata-sections -Wall -fstack-usage -fcyclomatic-complexity -MMD -MP -MF"Drivers/STM32L4xx_HAL_Driver/Src/stm32l4xx_hal_dma.d" -MT"Drivers/STM32L4xx_HAL_Driver/Src/stm32l4xx_hal_dma.o" --specs=nano.specs -mfpu=fpv4-sp-d16 -mfloat-abi=hard -mthumb -o "Drivers/STM32L4xx_HAL_Driver/Src/stm32l4xx_hal_dma.o"
arm-none-eabi-gcc "../Drivers/STM32L4xx_HAL_Driver/Src/stm32l4xx_hal_dma_ex.c" -mcpu=cortex-m4 -std=gnu11 -g3 -DDEBUG -DUSE_HAL_DRIVER -DSTM32L4R5xx -c -I../Core/Inc -I../Drivers/STM32L4xx_HAL_Driver/Inc -I../Drivers/STM32L4xx_HAL_Driver/Inc/Legacy -I../Drivers/CMSIS/Device/ST/STM32L4xx/Include -I../Drivers/CMSIS/Include -O0 -ffunction-sections -fdata-sections -Wall -fstack-usage -fcyclomatic-complexity -MMD -MP -MF"Drivers/STM32L4xx_HAL_Driver/Src/stm32l4xx_hal_dma_ex.d" -MT"Drivers/STM32L4xx_HAL_Driver/Src/stm32l4xx_hal_dma_ex.o" --specs=nano.specs -mfpu=fpv4-sp-d16 -mfloat-abi=hard -mthumb -o "Drivers/STM32L4xx_HAL_Driver/Src/stm32l4xx_hal_dma_ex.o"
arm-none-eabi-gcc "../Drivers/STM32L4xx_HAL_Driver/Src/stm32l4xx_hal_exti.c" -mcpu=cortex-m4 -std=gnu11 -g3 -DDEBUG -DUSE_HAL_DRIVER -DSTM32L4R5xx -c -I../Core/Inc -I../Drivers/STM32L4xx_HAL_Driver/Inc -I../Drivers/STM32L4xx_HAL_Driver/Inc/Legacy -I../Drivers/CMSIS/Device/ST/STM32L4xx/Include -I../Drivers/CMSIS/Include -O0 -ffunction-sections -fdata-sections -Wall -fstack-usage -fcyclomatic-complexity -MMD -MP -MF"Drivers/STM32L4xx_HAL_Driver/Src/stm32l4xx_hal_exti.d" -MT"Drivers/STM32L4xx_HAL_Driver/Src/stm32l4xx_hal_exti.o" --specs=nano.specs -mfpu=fpv4-sp-d16 -mfloat-abi=hard -mthumb -o "Drivers/STM32L4xx_HAL_Driver/Src/stm32l4xx_hal_exti.o"
arm-none-eabi-gcc "../Drivers/STM32L4xx_HAL_Driver/Src/stm32l4xx_hal_flash.c" -mcpu=cortex-m4 -std=gnu11 -g3 -DDEBUG -DUSE_HAL_DRIVER -DSTM32L4R5xx -c -I../Core/Inc -I../Drivers/STM32L4xx_HAL_Driver/Inc -I../Drivers/STM32L4xx_HAL_Driver/Inc/Legacy -I../Drivers/CMSIS/Device/ST/STM32L4xx/Include -I../Drivers/CMSIS/Include -O0 -ffunction-sections -fdata-sections -Wall -fstack-usage -fcyclomatic-complexity -MMD -MP -MF"Drivers/STM32L4xx_HAL_Driver/Src/stm32l4xx_hal_flash.d" -MT"Drivers/STM32L4xx_HAL_Driver/Src/stm32l4xx_hal_flash.o" --specs=nano.specs -mfpu=fpv4-sp-d16 -mfloat-abi=hard -mthumb -o "Drivers/STM32L4xx_HAL_Driver/Src/stm32l4xx_hal_flash.o"
arm-none-eabi-gcc "../Drivers/STM32L4xx_HAL_Driver/Src/stm32l4xx_hal_flash_ex.c" -mcpu=cortex-m4 -std=gnu11 -g3 -DDEBUG -DUSE_HAL_DRIVER -DSTM32L4R5xx -c -I../Core/Inc -I../Drivers/STM32L4xx_HAL_Driver/Inc -I../Drivers/STM32L4xx_HAL_Driver/Inc/Legacy -I../Drivers/CMSIS/Device/ST/STM32L4xx/Include -I../Drivers/CMSIS/Include -O0 -ffunction-sections -fdata-sections -Wall -fstack-usage -fcyclomatic-complexity -MMD -MP -MF"Drivers/STM32L4xx_HAL_Driver/Src/stm32l4xx_hal_flash_ex.d" -MT"Drivers/STM32L4xx_HAL_Driver/Src/stm32l4xx_hal_flash_ex.o" --specs=nano.specs -mfpu=fpv4-sp-d16 -mfloat-abi=hard -mthumb -o "Drivers/STM32L4xx_HAL_Driver/Src/stm32l4xx_hal_flash_ex.o"
arm-none-eabi-gcc "../Drivers/STM32L4xx_HAL_Driver/Src/stm32l4xx_hal_flash_ramfunc.c" -mcpu=cortex-m4 -std=gnu11 -g3 -DDEBUG -DUSE_HAL_DRIVER -DSTM32L4R5xx -c -I../Core/Inc -I../Drivers/STM32L4xx_HAL_Driver/Inc -I../Drivers/STM32L4xx_HAL_Driver/Inc/Legacy -I../Drivers/CMSIS/Device/ST/STM32L4xx/Include -I../Drivers/CMSIS/Include -O0 -ffunction-sections -fdata-sections -Wall -fstack-usage -fcyclomatic-complexity -MMD -MP -MF"Drivers/STM32L4xx_HAL_Driver/Src/stm32l4xx_hal_flash_ramfunc.d" -MT"Drivers/STM32L4xx_HAL_Driver/Src/stm32l4xx_hal_flash_ramfunc.o" --specs=nano.specs -mfpu=fpv4-sp-d16 -mfloat-abi=hard -mthumb -o "Drivers/STM32L4xx_HAL_Driver/Src/stm32l4xx_hal_flash_ramfunc.o"
arm-none-eabi-gcc "../Drivers/STM32L4xx_HAL_Driver/Src/stm32l4xx_hal_gpio.c" -mcpu=cortex-m4 -std=gnu11 -g3 -DDEBUG -DUSE_HAL_DRIVER -DSTM32L4R5xx -c -I../Core/Inc -I../Drivers/STM32L4xx_HAL_Driver/Inc -I../Drivers/STM32L4xx_HAL_Driver/Inc/Legacy -I../Drivers/CMSIS/Device/ST/STM32L4xx/Include -I../Drivers/CMSIS/Include -O0 -ffunction-sections -fdata-sections -Wall -fstack-usage -fcyclomatic-complexity -MMD -MP -MF"Drivers/STM32L4xx_HAL_Driver/Src/stm32l4xx_hal_gpio.d" -MT"Drivers/STM32L4xx_HAL_Driver/Src/stm32l4xx_hal_gpio.o" --specs=nano.specs -mfpu=fpv4-sp-d16 -mfloat-abi=hard -mthumb -o "Drivers/STM32L4xx_HAL_Driver/Src/stm32l4xx_hal_gpio.o"
arm-none-eabi-gcc "../Drivers/STM32L4xx_HAL_Driver/Src/stm32l4xx_hal_i2c.c" -mcpu=cortex-m4 -std=gnu11 -g3 -DDEBUG -DUSE_HAL_DRIVER -DSTM32L4R5xx -c -I../Core/Inc -I../Drivers/STM32L4xx_HAL_Driver/Inc -I../Drivers/STM32L4xx_HAL_Driver/Inc/Legacy -I../Drivers/CMSIS/Device/ST/STM32L4xx/Include -I../Drivers/CMSIS/Include -O0 -ffunction-sections -fdata-sections -Wall -fstack-usage -fcyclomatic-complexity -MMD -MP -MF"Drivers/STM32L4xx_HAL_Driver/Src/stm32l4xx_hal_i2c.d" -MT"Drivers/STM32L4xx_HAL_Driver/Src/stm32l4xx_hal_i2c.o" --specs=nano.specs -mfpu=fpv4-sp-d16 -mfloat-abi=hard -mthumb -o "Drivers/STM32L4xx_HAL_Driver/Src/stm32l4xx_hal_i2c.o"
arm-none-eabi-gcc "../Drivers/STM32L4xx_HAL_Driver/Src/stm32l4xx_hal_i2c_ex.c" -mcpu=cortex-m4 -std=gnu11 -g3 -DDEBUG -DUSE_HAL_DRIVER -DSTM32L4R5xx -c -I../Core/Inc -I../Drivers/STM32L4xx_HAL_Driver/Inc -I../Drivers/STM32L4xx_HAL_Driver/Inc/Legacy -I../Drivers/CMSIS/Device/ST/STM32L4xx/Include -I../Drivers/CMSIS/Include -O0 -ffunction-sections -fdata-sections -Wall -fstack-usage -fcyclomatic-complexity -MMD -MP -MF"Drivers/STM32L4xx_HAL_Driver/Src/stm32l4xx_hal_i2c_ex.d" -MT"Drivers/STM32L4xx_HAL_Driver/Src/stm32l4xx_hal_i2c_ex.o" --specs=nano.specs -mfpu=fpv4-sp-d16 -mfloat-abi=hard -mthumb -o "Drivers/STM32L4xx_HAL_Driver/Src/stm32l4xx_hal_i2c_ex.o"
arm-none-eabi-gcc "../Drivers/STM32L4xx_HAL_Driver/Src/stm32l4xx_hal_pwr.c" -mcpu=cortex-m4 -std=gnu11 -g3 -DDEBUG -DUSE_HAL_DRIVER -DSTM32L4R5xx -c -I../Core/Inc -I../Drivers/STM32L4xx_HAL_Driver/Inc -I../Drivers/STM32L4xx_HAL_Driver/Inc/Legacy -I../Drivers/CMSIS/Device/ST/STM32L4xx/Include -I../Drivers/CMSIS/Include -O0 -ffunction-sections -fdata-sections -Wall -fstack-usage -fcyclomatic-complexity -MMD -MP -MF"Drivers/STM32L4xx_HAL_Driver/Src/stm32l4xx_hal_pwr.d" -MT"Drivers/STM32L4xx_HAL_Driver/Src/stm32l4xx_hal_pwr.o" --specs=nano.specs -mfpu=fpv4-sp-d16 -mfloat-abi=hard -mthumb -o "Drivers/STM32L4xx_HAL_Driver/Src/stm32l4xx_hal_pwr.o"
arm-none-eabi-gcc "../Drivers/STM32L4xx_HAL_Driver/Src/stm32l4xx_hal_pwr_ex.c" -mcpu=cortex-m4 -std=gnu11 -g3 -DDEBUG -DUSE_HAL_DRIVER -DSTM32L4R5xx -c -I../Core/Inc -I../Drivers/STM32L4xx_HAL_Driver/Inc -I../Drivers/STM32L4xx_HAL_Driver/Inc/Legacy -I../Drivers/CMSIS/Device/ST/STM32L4xx/Include -I../Drivers/CMSIS/Include -O0 -ffunction-sections -fdata-sections -Wall -fstack-usage -fcyclomatic-complexity -MMD -MP -MF"Drivers/STM32L4xx_HAL_Driver/Src/stm32l4xx_hal_pwr_ex.d" -MT"Drivers/STM32L4xx_HAL_Driver/Src/stm32l4xx_hal_pwr_ex.o" --specs=nano.specs -mfpu=fpv4-sp-d16 -mfloat-abi=hard -mthumb -o "Drivers/STM32L4xx_HAL_Driver/Src/stm32l4xx_hal_pwr_ex.o"
arm-none-eabi-gcc "../Drivers/STM32L4xx_HAL_Driver/Src/stm32l4xx_hal_rcc.c" -mcpu=cortex-m4 -std=gnu11 -g3 -DDEBUG -DUSE_HAL_DRIVER -DSTM32L4R5xx -c -I../Core/Inc -I../Drivers/STM32L4xx_HAL_Driver/Inc -I../Drivers/STM32L4xx_HAL_Driver/Inc/Legacy -I../Drivers/CMSIS/Device/ST/STM32L4xx/Include -I../Drivers/CMSIS/Include -O0 -ffunction-sections -fdata-sections -Wall -fstack-usage -fcyclomatic-complexity -MMD -MP -MF"Drivers/STM32L4xx_HAL_Driver/Src/stm32l4xx_hal_rcc.d" -MT"Drivers/STM32L4xx_HAL_Driver/Src/stm32l4xx_hal_rcc.o" --specs=nano.specs -mfpu=fpv4-sp-d16 -mfloat-abi=hard -mthumb -o "Drivers/STM32L4xx_HAL_Driver/Src/stm32l4xx_hal_rcc.o"
arm-none-eabi-gcc "../Drivers/STM32L4xx_HAL_Driver/Src/stm32l4xx_hal_rcc_ex.c" -mcpu=cortex-m4 -std=gnu11 -g3 -DDEBUG -DUSE_HAL_DRIVER -DSTM32L4R5xx -c -I../Core/Inc -I../Drivers/STM32L4xx_HAL_Driver/Inc -I../Drivers/STM32L4xx_HAL_Driver/Inc/Legacy -I../Drivers/CMSIS/Device/ST/STM32L4xx/Include -I../Drivers/CMSIS/Include -O0 -ffunction-sections -fdata-sections -Wall -fstack-usage -fcyclomatic-complexity -MMD -MP -MF"Drivers/STM32L4xx_HAL_Driver/Src/stm32l4xx_hal_rcc_ex.d" -MT"Drivers/STM32L4xx_HAL_Driver/Src/stm32l4xx_hal_rcc_ex.o" --specs=nano.specs -mfpu=fpv4-sp-d16 -mfloat-abi=hard -mthumb -o "Drivers/STM32L4xx_HAL_Driver/Src/stm32l4xx_hal_rcc_ex.o"
arm-none-eabi-gcc "../Drivers/STM32L4xx_HAL_Driver/Src/stm32l4xx_hal_spi.c" -mcpu=cortex-m4 -std=gnu11 -g3 -DDEBUG -DUSE_HAL_DRIVER -DSTM32L4R5xx -c -I../Core/Inc -I../Drivers/STM32L4xx_HAL_Driver/Inc -I../Drivers/STM32L4xx_HAL_Driver/Inc/Legacy -I../Drivers/CMSIS/Device/ST/STM32L4xx/Include -I../Drivers/CMSIS/Include -O0 -ffunction-sections -fdata-sections -Wall -fstack-usage -fcyclomatic-complexity -MMD -MP -MF"Drivers/STM32L4xx_HAL_Driver/Src/stm32l4xx_hal_spi.d" -MT"Drivers/STM32L4xx_HAL_Driver/Src/stm32l4xx_hal_spi.o" --specs=nano.specs -mfpu=fpv4-sp-d16 -mfloat-abi=hard -mthumb -o "Drivers/STM32L4xx_HAL_Driver/Src/stm32l4xx_hal_spi.o"
arm-none-eabi-gcc "../Drivers/STM32L4xx_HAL_Driver/Src/stm32l4xx_hal_spi_ex.c" -mcpu=cortex-m4 -std=gnu11 -g3 -DDEBUG -DUSE_HAL_DRIVER -DSTM32L4R5xx -c -I../Core/Inc -I../Drivers/STM32L4xx_HAL_Driver/Inc -I../Drivers/STM32L4xx_HAL_Driver/Inc/Legacy -I../Drivers/CMSIS/Device/ST/STM32L4xx/Include -I../Drivers/CMSIS/Include -O0 -ffunction-sections -fdata-sections -Wall -fstack-usage -fcyclomatic-complexity -MMD -MP -MF"Drivers/STM32L4xx_HAL_Driver/Src/stm32l4xx_hal_spi_ex.d" -MT"Drivers/STM32L4xx_HAL_Driver/Src/stm32l4xx_hal_spi_ex.o" --specs=nano.specs -mfpu=fpv4-sp-d16 -mfloat-abi=hard -mthumb -o "Drivers/STM32L4xx_HAL_Driver/Src/stm32l4xx_hal_spi_ex.o"
arm-none-eabi-gcc "../Drivers/STM32L4xx_HAL_Driver/Src/stm32l4xx_hal_tim.c" -mcpu=cortex-m4 -std=gnu11 -g3 -DDEBUG -DUSE_HAL_DRIVER -DSTM32L4R5xx -c -I../Core/Inc -I../Drivers/STM32L4xx_HAL_Driver/Inc -I../Drivers/STM32L4xx_HAL_Driver/Inc/Legacy -I../Drivers/CMSIS/Device/ST/STM32L4xx/Include -I../Drivers/CMSIS/Include -O0 -ffunction-sections -fdata-sections -Wall -fstack-usage -fcyclomatic-complexity -MMD -MP -MF"Drivers/STM32L4xx_HAL_Driver/Src/stm32l4xx_hal_tim.d" -MT"Drivers/STM32L4xx_HAL_Driver/Src/stm32l4xx_hal_tim.o" --specs=nano.specs -mfpu=fpv4-sp-d16 -mfloat-abi=hard -mthumb -o "Drivers/STM32L4xx_HAL_Driver/Src/stm32l4xx_hal_tim.o"
arm-none-eabi-gcc "../Drivers/STM32L4xx_HAL_Driver/Src/stm32l4xx_hal_tim_ex.c" -mcpu=cortex-m4 -std=gnu11 -g3 -DDEBUG -DUSE_HAL_DRIVER -DSTM32L4R5xx -c -I../Core/Inc -I../Drivers/STM32L4xx_HAL_Driver/Inc -I../Drivers/STM32L4xx_HAL_Driver/Inc/Legacy -I../Drivers/CMSIS/Device/ST/STM32L4xx/Include -I../Drivers/CMSIS/Include -O0 -ffunction-sections -fdata-sections -Wall -fstack-usage -fcyclomatic-complexity -MMD -MP -MF"Drivers/STM32L4xx_HAL_Driver/Src/stm32l4xx_hal_tim_ex.d" -MT"Drivers/STM32L4xx_HAL_Driver/Src/stm32l4xx_hal_tim_ex.o" --specs=nano.specs -mfpu=fpv4-sp-d16 -mfloat-abi=hard -mthumb -o "Drivers/STM32L4xx_HAL_Driver/Src/stm32l4xx_hal_tim_ex.o"
arm-none-eabi-gcc -mcpu=cortex-m4 -g3 -DDEBUG -c -x assembler-with-cpp -MMD -MP -MF"Core/Startup/startup_stm32l4r5zitxp.d" -MT"Core/Startup/startup_stm32l4r5zitxp.o" --specs=nano.specs -mfpu=fpv4-sp-d16 -mfloat-abi=hard -mthumb -o "Core/Startup/startup_stm32l4r5zitxp.o" "../Core/Startup/startup_stm32l4r5zitxp.s"
arm-none-eabi-gcc "../Core/Src/ili9488.c" -mcpu=cortex-m4 -std=gnu11 -g3 -DDEBUG -DUSE_HAL_DRIVER -DSTM32L4R5xx -c -I../Core/Inc -I../Drivers/STM32L4xx_HAL_Driver/Inc -I../Drivers/STM32L4xx_HAL_Driver/Inc/Legacy -I../Drivers/CMSIS/Device/ST/STM32L4xx/Include -I../Drivers/CMSIS/Include -O0 -ffunction-sections -fdata-sections -Wall -fstack-usage -fcyclomatic-complexity -MMD -MP -MF"Core/Src/ili9488.d" -MT"Core/Src/ili9488.o" --specs=nano.specs -mfpu=fpv4-sp-d16 -mfloat-abi=hard -mthumb -o "Core/Src/ili9488.o"
arm-none-eabi-gcc "../Core/Src/main.c" -mcpu=cortex-m4 -std=gnu11 -g3 -DDEBUG -DUSE_HAL_DRIVER -DSTM32L4R5xx -c -I../Core/Inc -I../Drivers/STM32L4xx_HAL_Driver/Inc -I../Drivers/STM32L4xx_HAL_Driver/Inc/Legacy -I../Drivers/CMSIS/Device/ST/STM32L4xx/Include -I../Drivers/CMSIS/Include -O0 -ffunction-sections -fdata-sections -Wall -fstack-usage -fcyclomatic-complexity -MMD -MP -MF"Core/Src/main.d" -MT"Core/Src/main.o" --specs=nano.specs -mfpu=fpv4-sp-d16 -mfloat-abi=hard -mthumb -o "Core/Src/main.o"
../Core/Src/ili9488.c: In function 'WaitLastData':
../Core/Src/ili9488.c:358:9: warning: this 'while' clause does not guard... [-Wmisleading-indentation]
  358 |         while(!(SPI1->SR & SPI_SR_TXE));
      |         ^~~~~
../Core/Src/ili9488.c:359:17: note: ...this statement, but the latter is misleadingly indented as if it were guarded by the 'while'
  359 |                 while(SPI1->SR & SPI_SR_BSY);
      |                 ^~~~~
../Core/Src/ili9488.c: In function 'ILI9488_printText':
../Core/Src/ili9488.c:874:42: warning: comparison between pointer and integer
  874 |         for(uint16_t i=0; i<40 && text[i]!=NULL; i++)
      |                                          ^~
../Core/Src/ili9488.c: In function 'testLines':
../Core/Src/ili9488.c:882:30: warning: unused variable 't' [-Wunused-variable]
  882 |         unsigned long start, t;
      |                              ^
../Core/Src/ili9488.c:882:23: warning: unused variable 'start' [-Wunused-variable]
  882 |         unsigned long start, t;
      |                       ^~~~~
../Core/Src/ili9488.c: At top level:
../Core/Src/ili9488.c:23:17: warning: 'tftRESET_PIN' defined but not used [-Wunused-variable]
   23 | static uint16_t tftRESET_PIN;
      |                 ^~~~~~~~~~~~
../Core/Src/ili9488.c:22:23: warning: 'tftRESET_GPIO' defined but not used [-Wunused-variable]
   22 | static GPIO_TypeDef  *tftRESET_GPIO;
      |                       ^~~~~~~~~~~~~
../Core/Src/main.c:65:10: warning: "/*" within comment [-Wcomment]
   65 |         //*(__IO uint8_t *)(0x60000000) = com;
      |           
../Core/Src/main.c:85:10: warning: "/*" within comment [-Wcomment]
   85 |         //*(__IO uint8_t *)(0x60000000) = com;
      |           
../Core/Src/main.c: In function 'main':
../Core/Src/main.c:112:17: warning: unused variable 'y' [-Wunused-variable]
  112 |         int16_t y;
      |                 ^
../Core/Src/main.c:111:17: warning: unused variable 'x' [-Wunused-variable]
  111 |         int16_t x;
      |                 ^
arm-none-eabi-gcc "../Core/Src/stm32l4xx_hal_msp.c" -mcpu=cortex-m4 -std=gnu11 -g3 -DDEBUG -DUSE_HAL_DRIVER -DSTM32L4R5xx -c -I../Core/Inc -I../Drivers/STM32L4xx_HAL_Driver/Inc -I../Drivers/STM32L4xx_HAL_Driver/Inc/Legacy -I../Drivers/CMSIS/Device/ST/STM32L4xx/Include -I../Drivers/CMSIS/Include -O0 -ffunction-sections -fdata-sections -Wall -fstack-usage -fcyclomatic-complexity -MMD -MP -MF"Core/Src/stm32l4xx_hal_msp.d" -MT"Core/Src/stm32l4xx_hal_msp.o" --specs=nano.specs -mfpu=fpv4-sp-d16 -mfloat-abi=hard -mthumb -o "Core/Src/stm32l4xx_hal_msp.o"
arm-none-eabi-gcc "../Core/Src/stm32l4xx_it.c" -mcpu=cortex-m4 -std=gnu11 -g3 -DDEBUG -DUSE_HAL_DRIVER -DSTM32L4R5xx -c -I../Core/Inc -I../Drivers/STM32L4xx_HAL_Driver/Inc -I../Drivers/STM32L4xx_HAL_Driver/Inc/Legacy -I../Drivers/CMSIS/Device/ST/STM32L4xx/Include -I../Drivers/CMSIS/Include -O0 -ffunction-sections -fdata-sections -Wall -fstack-usage -fcyclomatic-complexity -MMD -MP -MF"Core/Src/stm32l4xx_it.d" -MT"Core/Src/stm32l4xx_it.o" --specs=nano.specs -mfpu=fpv4-sp-d16 -mfloat-abi=hard -mthumb -o "Core/Src/stm32l4xx_it.o"
arm-none-eabi-gcc "../Core/Src/syscalls.c" -mcpu=cortex-m4 -std=gnu11 -g3 -DDEBUG -DUSE_HAL_DRIVER -DSTM32L4R5xx -c -I../Core/Inc -I../Drivers/STM32L4xx_HAL_Driver/Inc -I../Drivers/STM32L4xx_HAL_Driver/Inc/Legacy -I../Drivers/CMSIS/Device/ST/STM32L4xx/Include -I../Drivers/CMSIS/Include -O0 -ffunction-sections -fdata-sections -Wall -fstack-usage -fcyclomatic-complexity -MMD -MP -MF"Core/Src/syscalls.d" -MT"Core/Src/syscalls.o" --specs=nano.specs -mfpu=fpv4-sp-d16 -mfloat-abi=hard -mthumb -o "Core/Src/syscalls.o"
arm-none-eabi-gcc "../Core/Src/sysmem.c" -mcpu=cortex-m4 -std=gnu11 -g3 -DDEBUG -DUSE_HAL_DRIVER -DSTM32L4R5xx -c -I../Core/Inc -I../Drivers/STM32L4xx_HAL_Driver/Inc -I../Drivers/STM32L4xx_HAL_Driver/Inc/Legacy -I../Drivers/CMSIS/Device/ST/STM32L4xx/Include -I../Drivers/CMSIS/Include -O0 -ffunction-sections -fdata-sections -Wall -fstack-usage -fcyclomatic-complexity -MMD -MP -MF"Core/Src/sysmem.d" -MT"Core/Src/sysmem.o" --specs=nano.specs -mfpu=fpv4-sp-d16 -mfloat-abi=hard -mthumb -o "Core/Src/sysmem.o"
arm-none-eabi-gcc "../Core/Src/system_stm32l4xx.c" -mcpu=cortex-m4 -std=gnu11 -g3 -DDEBUG -DUSE_HAL_DRIVER -DSTM32L4R5xx -c -I../Core/Inc -I../Drivers/STM32L4xx_HAL_Driver/Inc -I../Drivers/STM32L4xx_HAL_Driver/Inc/Legacy -I../Drivers/CMSIS/Device/ST/STM32L4xx/Include -I../Drivers/CMSIS/Include -O0 -ffunction-sections -fdata-sections -Wall -fstack-usage -fcyclomatic-complexity -MMD -MP -MF"Core/Src/system_stm32l4xx.d" -MT"Core/Src/system_stm32l4xx.o" --specs=nano.specs -mfpu=fpv4-sp-d16 -mfloat-abi=hard -mthumb -o "Core/Src/system_stm32l4xx.o"
arm-none-eabi-gcc "../Core/Src/xpt2046.c" -mcpu=cortex-m4 -std=gnu11 -g3 -DDEBUG -DUSE_HAL_DRIVER -DSTM32L4R5xx -c -I../Core/Inc -I../Drivers/STM32L4xx_HAL_Driver/Inc -I../Drivers/STM32L4xx_HAL_Driver/Inc/Legacy -I../Drivers/CMSIS/Device/ST/STM32L4xx/Include -I../Drivers/CMSIS/Include -O0 -ffunction-sections -fdata-sections -Wall -fstack-usage -fcyclomatic-complexity -MMD -MP -MF"Core/Src/xpt2046.d" -MT"Core/Src/xpt2046.o" --specs=nano.specs -mfpu=fpv4-sp-d16 -mfloat-abi=hard -mthumb -o "Core/Src/xpt2046.o"
arm-none-eabi-gcc -o "LCD_TOUCH_out.elf" @"objects.list"   -mcpu=cortex-m4 -T"/Users/zawad/Documents/EECS373/project/LCD_TOUCH_out/STM32L4R5ZITXP_FLASH.ld" --specs=nosys.specs -Wl,-Map="LCD_TOUCH_out.map" -Wl,--gc-sections -static --specs=nano.specs -mfpu=fpv4-sp-d16 -mfloat-abi=hard -mthumb -Wl,--start-group -lc -lm -Wl,--end-group
/Applications/STM32CubeIDE.app/Contents/Eclipse/plugins/com.st.stm32cube.ide.mcu.externaltools.gnu-tools-for-stm32.12.3.rel1.macos64_1.0.100.202403111906/tools/bin/../lib/gcc/arm-none-eabi/12.3.1/../../../../arm-none-eabi/bin/ld: warning: LCD_TOUCH_out.elf has a LOAD segment with RWX permissions
Finished building target: LCD_TOUCH_out.elf
 
arm-none-eabi-size  LCD_TOUCH_out.elf 
arm-none-eabi-objdump -h -S LCD_TOUCH_out.elf  > "LCD_TOUCH_out.list"
   text	   data	    bss	    dec	    hex	filename
  17548	    104	   2128	  19780	   4d44	LCD_TOUCH_out.elf
Finished building: default.size.stdout
 
Finished building: LCD_TOUCH_out.list
 
16:42:56 **** Incremental Build of configuration Debug for project LCD_TOUCH_out ****
make -j7 all 
arm-none-eabi-gcc "../Core/Src/main.c" -mcpu=cortex-m4 -std=gnu11 -g3 -DDEBUG -DUSE_HAL_DRIVER -DSTM32L4R5xx -c -I../Core/Inc -I../Drivers/STM32L4xx_HAL_Driver/Inc -I../Drivers/STM32L4xx_HAL_Driver/Inc/Legacy -I../Drivers/CMSIS/Device/ST/STM32L4xx/Include -I../Drivers/CMSIS/Include -O0 -ffunction-sections -fdata-sections -Wall -fstack-usage -fcyclomatic-complexity -MMD -MP -MF"Core/Src/main.d" -MT"Core/Src/main.o" --specs=nano.specs -mfpu=fpv4-sp-d16 -mfloat-abi=hard -mthumb -o "Core/Src/main.o"
../Core/Src/main.c:65:10: warning: "/*" within comment [-Wcomment]
   65 |         //*(__IO uint8_t *)(0x60000000) = com;
      |           
../Core/Src/main.c:85:10: warning: "/*" within comment [-Wcomment]
   85 |         //*(__IO uint8_t *)(0x60000000) = com;
      |           
../Core/Src/main.c: In function 'main':
../Core/Src/main.c:112:17: warning: unused variable 'y' [-Wunused-variable]
  112 |         int16_t y;
      |                 ^
../Core/Src/main.c:111:17: warning: unused variable 'x' [-Wunused-variable]
  111 |         int16_t x;
      |                 ^
arm-none-eabi-gcc -o "LCD_TOUCH_out.elf" @"objects.list"   -mcpu=cortex-m4 -T"/Users/zawad/Documents/EECS373/project/LCD_TOUCH_out/STM32L4R5ZITXP_FLASH.ld" --specs=nosys.specs -Wl,-Map="LCD_TOUCH_out.map" -Wl,--gc-sections -static --specs=nano.specs -mfpu=fpv4-sp-d16 -mfloat-abi=hard -mthumb -Wl,--start-group -lc -lm -Wl,--end-group
/Applications/STM32CubeIDE.app/Contents/Eclipse/plugins/com.st.stm32cube.ide.mcu.externaltools.gnu-tools-for-stm32.12.3.rel1.macos64_1.0.100.202403111906/tools/bin/../lib/gcc/arm-none-eabi/12.3.1/../../../../arm-none-eabi/bin/ld: warning: LCD_TOUCH_out.elf has a LOAD segment with RWX permissions
Finished building target: LCD_TOUCH_out.elf
 
arm-none-eabi-size  LCD_TOUCH_out.elf 
arm-none-eabi-objdump -h -S LCD_TOUCH_out.elf  > "LCD_TOUCH_out.list"
   text	   data	    bss	    dec	    hex	filename
  17548	    104	   2128	  19780	   4d44	LCD_TOUCH_out.elf
Finished building: default.size.stdout
 
Finished building: LCD_TOUCH_out.list
 
16:43:25 **** Incremental Build of configuration Debug for project LCD_TOUCH_out ****
make -j7 all 
arm-none-eabi-gcc "../Core/Src/main.c" -mcpu=cortex-m4 -std=gnu11 -g3 -DDEBUG -DUSE_HAL_DRIVER -DSTM32L4R5xx -c -I../Core/Inc -I../Drivers/STM32L4xx_HAL_Driver/Inc -I../Drivers/STM32L4xx_HAL_Driver/Inc/Legacy -I../Drivers/CMSIS/Device/ST/STM32L4xx/Include -I../Drivers/CMSIS/Include -O0 -ffunction-sections -fdata-sections -Wall -fstack-usage -fcyclomatic-complexity -MMD -MP -MF"Core/Src/main.d" -MT"Core/Src/main.o" --specs=nano.specs -mfpu=fpv4-sp-d16 -mfloat-abi=hard -mthumb -o "Core/Src/main.o"
../Core/Src/main.c:65:10: warning: "/*" within comment [-Wcomment]
   65 |         //*(__IO uint8_t *)(0x60000000) = com;
      |           
../Core/Src/main.c:85:10: warning: "/*" within comment [-Wcomment]
   85 |         //*(__IO uint8_t *)(0x60000000) = com;
      |           
../Core/Src/main.c: In function 'main':
../Core/Src/main.c:112:17: warning: unused variable 'y' [-Wunused-variable]
  112 |         int16_t y;
      |                 ^
../Core/Src/main.c:111:17: warning: unused variable 'x' [-Wunused-variable]
  111 |         int16_t x;
      |                 ^
arm-none-eabi-gcc -o "LCD_TOUCH_out.elf" @"objects.list"   -mcpu=cortex-m4 -T"/Users/zawad/Documents/EECS373/project/LCD_TOUCH_out/STM32L4R5ZITXP_FLASH.ld" --specs=nosys.specs -Wl,-Map="LCD_TOUCH_out.map" -Wl,--gc-sections -static --specs=nano.specs -mfpu=fpv4-sp-d16 -mfloat-abi=hard -mthumb -Wl,--start-group -lc -lm -Wl,--end-group
/Applications/STM32CubeIDE.app/Contents/Eclipse/plugins/com.st.stm32cube.ide.mcu.externaltools.gnu-tools-for-stm32.12.3.rel1.macos64_1.0.100.202403111906/tools/bin/../lib/gcc/arm-none-eabi/12.3.1/../../../../arm-none-eabi/bin/ld: warning: LCD_TOUCH_out.elf has a LOAD segment with RWX permissions
Finished building target: LCD_TOUCH_out.elf
 
arm-none-eabi-size  LCD_TOUCH_out.elf 
arm-none-eabi-objdump -h -S LCD_TOUCH_out.elf  > "LCD_TOUCH_out.list"
   text	   data	    bss	    dec	    hex	filename
  17548	    104	   2128	  19780	   4d44	LCD_TOUCH_out.elf
Finished building: default.size.stdout
 
Finished building: LCD_TOUCH_out.list
 
16:43:49 **** Incremental Build of configuration Debug for project LCD_TOUCH_out ****
make -j7 all 
arm-none-eabi-gcc "../Core/Src/main.c" -mcpu=cortex-m4 -std=gnu11 -g3 -DDEBUG -DUSE_HAL_DRIVER -DSTM32L4R5xx -c -I../Core/Inc -I../Drivers/STM32L4xx_HAL_Driver/Inc -I../Drivers/STM32L4xx_HAL_Driver/Inc/Legacy -I../Drivers/CMSIS/Device/ST/STM32L4xx/Include -I../Drivers/CMSIS/Include -O0 -ffunction-sections -fdata-sections -Wall -fstack-usage -fcyclomatic-complexity -MMD -MP -MF"Core/Src/main.d" -MT"Core/Src/main.o" --specs=nano.specs -mfpu=fpv4-sp-d16 -mfloat-abi=hard -mthumb -o "Core/Src/main.o"
../Core/Src/main.c:65:10: warning: "/*" within comment [-Wcomment]
   65 |         //*(__IO uint8_t *)(0x60000000) = com;
      |           
../Core/Src/main.c:85:10: warning: "/*" within comment [-Wcomment]
   85 |         //*(__IO uint8_t *)(0x60000000) = com;
      |           
../Core/Src/main.c: In function 'main':
../Core/Src/main.c:112:17: warning: unused variable 'y' [-Wunused-variable]
  112 |         int16_t y;
      |                 ^
../Core/Src/main.c:111:17: warning: unused variable 'x' [-Wunused-variable]
  111 |         int16_t x;
      |                 ^
arm-none-eabi-gcc -o "LCD_TOUCH_out.elf" @"objects.list"   -mcpu=cortex-m4 -T"/Users/zawad/Documents/EECS373/project/LCD_TOUCH_out/STM32L4R5ZITXP_FLASH.ld" --specs=nosys.specs -Wl,-Map="LCD_TOUCH_out.map" -Wl,--gc-sections -static --specs=nano.specs -mfpu=fpv4-sp-d16 -mfloat-abi=hard -mthumb -Wl,--start-group -lc -lm -Wl,--end-group
/Applications/STM32CubeIDE.app/Contents/Eclipse/plugins/com.st.stm32cube.ide.mcu.externaltools.gnu-tools-for-stm32.12.3.rel1.macos64_1.0.100.202403111906/tools/bin/../lib/gcc/arm-none-eabi/12.3.1/../../../../arm-none-eabi/bin/ld: warning: LCD_TOUCH_out.elf has a LOAD segment with RWX permissions
Finished building target: LCD_TOUCH_out.elf
 
arm-none-eabi-size  LCD_TOUCH_out.elf 
arm-none-eabi-objdump -h -S LCD_TOUCH_out.elf  > "LCD_TOUCH_out.list"
   text	   data	    bss	    dec	    hex	filename
  17548	    104	   2128	  19780	   4d44	LCD_TOUCH_out.elf
Finished building: default.size.stdout
 
Finished building: LCD_TOUCH_out.list
 
16:45:11 **** Incremental Build of configuration Debug for project LCD_TOUCH_out ****
make -j7 all 
arm-none-eabi-gcc "../Drivers/STM32L4xx_HAL_Driver/Src/stm32l4xx_hal.c" -mcpu=cortex-m4 -std=gnu11 -g3 -DDEBUG -DUSE_HAL_DRIVER -DSTM32L4R5xx -c -I../Core/Inc -I../Drivers/STM32L4xx_HAL_Driver/Inc -I../Drivers/STM32L4xx_HAL_Driver/Inc/Legacy -I../Drivers/CMSIS/Device/ST/STM32L4xx/Include -I../Drivers/CMSIS/Include -O0 -ffunction-sections -fdata-sections -Wall -fstack-usage -fcyclomatic-complexity -MMD -MP -MF"Drivers/STM32L4xx_HAL_Driver/Src/stm32l4xx_hal.d" -MT"Drivers/STM32L4xx_HAL_Driver/Src/stm32l4xx_hal.o" --specs=nano.specs -mfpu=fpv4-sp-d16 -mfloat-abi=hard -mthumb -o "Drivers/STM32L4xx_HAL_Driver/Src/stm32l4xx_hal.o"
arm-none-eabi-gcc "../Drivers/STM32L4xx_HAL_Driver/Src/stm32l4xx_hal_cortex.c" -mcpu=cortex-m4 -std=gnu11 -g3 -DDEBUG -DUSE_HAL_DRIVER -DSTM32L4R5xx -c -I../Core/Inc -I../Drivers/STM32L4xx_HAL_Driver/Inc -I../Drivers/STM32L4xx_HAL_Driver/Inc/Legacy -I../Drivers/CMSIS/Device/ST/STM32L4xx/Include -I../Drivers/CMSIS/Include -O0 -ffunction-sections -fdata-sections -Wall -fstack-usage -fcyclomatic-complexity -MMD -MP -MF"Drivers/STM32L4xx_HAL_Driver/Src/stm32l4xx_hal_cortex.d" -MT"Drivers/STM32L4xx_HAL_Driver/Src/stm32l4xx_hal_cortex.o" --specs=nano.specs -mfpu=fpv4-sp-d16 -mfloat-abi=hard -mthumb -o "Drivers/STM32L4xx_HAL_Driver/Src/stm32l4xx_hal_cortex.o"
arm-none-eabi-gcc "../Drivers/STM32L4xx_HAL_Driver/Src/stm32l4xx_hal_dma.c" -mcpu=cortex-m4 -std=gnu11 -g3 -DDEBUG -DUSE_HAL_DRIVER -DSTM32L4R5xx -c -I../Core/Inc -I../Drivers/STM32L4xx_HAL_Driver/Inc -I../Drivers/STM32L4xx_HAL_Driver/Inc/Legacy -I../Drivers/CMSIS/Device/ST/STM32L4xx/Include -I../Drivers/CMSIS/Include -O0 -ffunction-sections -fdata-sections -Wall -fstack-usage -fcyclomatic-complexity -MMD -MP -MF"Drivers/STM32L4xx_HAL_Driver/Src/stm32l4xx_hal_dma.d" -MT"Drivers/STM32L4xx_HAL_Driver/Src/stm32l4xx_hal_dma.o" --specs=nano.specs -mfpu=fpv4-sp-d16 -mfloat-abi=hard -mthumb -o "Drivers/STM32L4xx_HAL_Driver/Src/stm32l4xx_hal_dma.o"
arm-none-eabi-gcc "../Drivers/STM32L4xx_HAL_Driver/Src/stm32l4xx_hal_dma_ex.c" -mcpu=cortex-m4 -std=gnu11 -g3 -DDEBUG -DUSE_HAL_DRIVER -DSTM32L4R5xx -c -I../Core/Inc -I../Drivers/STM32L4xx_HAL_Driver/Inc -I../Drivers/STM32L4xx_HAL_Driver/Inc/Legacy -I../Drivers/CMSIS/Device/ST/STM32L4xx/Include -I../Drivers/CMSIS/Include -O0 -ffunction-sections -fdata-sections -Wall -fstack-usage -fcyclomatic-complexity -MMD -MP -MF"Drivers/STM32L4xx_HAL_Driver/Src/stm32l4xx_hal_dma_ex.d" -MT"Drivers/STM32L4xx_HAL_Driver/Src/stm32l4xx_hal_dma_ex.o" --specs=nano.specs -mfpu=fpv4-sp-d16 -mfloat-abi=hard -mthumb -o "Drivers/STM32L4xx_HAL_Driver/Src/stm32l4xx_hal_dma_ex.o"
arm-none-eabi-gcc "../Drivers/STM32L4xx_HAL_Driver/Src/stm32l4xx_hal_exti.c" -mcpu=cortex-m4 -std=gnu11 -g3 -DDEBUG -DUSE_HAL_DRIVER -DSTM32L4R5xx -c -I../Core/Inc -I../Drivers/STM32L4xx_HAL_Driver/Inc -I../Drivers/STM32L4xx_HAL_Driver/Inc/Legacy -I../Drivers/CMSIS/Device/ST/STM32L4xx/Include -I../Drivers/CMSIS/Include -O0 -ffunction-sections -fdata-sections -Wall -fstack-usage -fcyclomatic-complexity -MMD -MP -MF"Drivers/STM32L4xx_HAL_Driver/Src/stm32l4xx_hal_exti.d" -MT"Drivers/STM32L4xx_HAL_Driver/Src/stm32l4xx_hal_exti.o" --specs=nano.specs -mfpu=fpv4-sp-d16 -mfloat-abi=hard -mthumb -o "Drivers/STM32L4xx_HAL_Driver/Src/stm32l4xx_hal_exti.o"
arm-none-eabi-gcc "../Drivers/STM32L4xx_HAL_Driver/Src/stm32l4xx_hal_flash.c" -mcpu=cortex-m4 -std=gnu11 -g3 -DDEBUG -DUSE_HAL_DRIVER -DSTM32L4R5xx -c -I../Core/Inc -I../Drivers/STM32L4xx_HAL_Driver/Inc -I../Drivers/STM32L4xx_HAL_Driver/Inc/Legacy -I../Drivers/CMSIS/Device/ST/STM32L4xx/Include -I../Drivers/CMSIS/Include -O0 -ffunction-sections -fdata-sections -Wall -fstack-usage -fcyclomatic-complexity -MMD -MP -MF"Drivers/STM32L4xx_HAL_Driver/Src/stm32l4xx_hal_flash.d" -MT"Drivers/STM32L4xx_HAL_Driver/Src/stm32l4xx_hal_flash.o" --specs=nano.specs -mfpu=fpv4-sp-d16 -mfloat-abi=hard -mthumb -o "Drivers/STM32L4xx_HAL_Driver/Src/stm32l4xx_hal_flash.o"
arm-none-eabi-gcc "../Drivers/STM32L4xx_HAL_Driver/Src/stm32l4xx_hal_flash_ex.c" -mcpu=cortex-m4 -std=gnu11 -g3 -DDEBUG -DUSE_HAL_DRIVER -DSTM32L4R5xx -c -I../Core/Inc -I../Drivers/STM32L4xx_HAL_Driver/Inc -I../Drivers/STM32L4xx_HAL_Driver/Inc/Legacy -I../Drivers/CMSIS/Device/ST/STM32L4xx/Include -I../Drivers/CMSIS/Include -O0 -ffunction-sections -fdata-sections -Wall -fstack-usage -fcyclomatic-complexity -MMD -MP -MF"Drivers/STM32L4xx_HAL_Driver/Src/stm32l4xx_hal_flash_ex.d" -MT"Drivers/STM32L4xx_HAL_Driver/Src/stm32l4xx_hal_flash_ex.o" --specs=nano.specs -mfpu=fpv4-sp-d16 -mfloat-abi=hard -mthumb -o "Drivers/STM32L4xx_HAL_Driver/Src/stm32l4xx_hal_flash_ex.o"
arm-none-eabi-gcc "../Drivers/STM32L4xx_HAL_Driver/Src/stm32l4xx_hal_flash_ramfunc.c" -mcpu=cortex-m4 -std=gnu11 -g3 -DDEBUG -DUSE_HAL_DRIVER -DSTM32L4R5xx -c -I../Core/Inc -I../Drivers/STM32L4xx_HAL_Driver/Inc -I../Drivers/STM32L4xx_HAL_Driver/Inc/Legacy -I../Drivers/CMSIS/Device/ST/STM32L4xx/Include -I../Drivers/CMSIS/Include -O0 -ffunction-sections -fdata-sections -Wall -fstack-usage -fcyclomatic-complexity -MMD -MP -MF"Drivers/STM32L4xx_HAL_Driver/Src/stm32l4xx_hal_flash_ramfunc.d" -MT"Drivers/STM32L4xx_HAL_Driver/Src/stm32l4xx_hal_flash_ramfunc.o" --specs=nano.specs -mfpu=fpv4-sp-d16 -mfloat-abi=hard -mthumb -o "Drivers/STM32L4xx_HAL_Driver/Src/stm32l4xx_hal_flash_ramfunc.o"
arm-none-eabi-gcc "../Drivers/STM32L4xx_HAL_Driver/Src/stm32l4xx_hal_gpio.c" -mcpu=cortex-m4 -std=gnu11 -g3 -DDEBUG -DUSE_HAL_DRIVER -DSTM32L4R5xx -c -I../Core/Inc -I../Drivers/STM32L4xx_HAL_Driver/Inc -I../Drivers/STM32L4xx_HAL_Driver/Inc/Legacy -I../Drivers/CMSIS/Device/ST/STM32L4xx/Include -I../Drivers/CMSIS/Include -O0 -ffunction-sections -fdata-sections -Wall -fstack-usage -fcyclomatic-complexity -MMD -MP -MF"Drivers/STM32L4xx_HAL_Driver/Src/stm32l4xx_hal_gpio.d" -MT"Drivers/STM32L4xx_HAL_Driver/Src/stm32l4xx_hal_gpio.o" --specs=nano.specs -mfpu=fpv4-sp-d16 -mfloat-abi=hard -mthumb -o "Drivers/STM32L4xx_HAL_Driver/Src/stm32l4xx_hal_gpio.o"
arm-none-eabi-gcc "../Drivers/STM32L4xx_HAL_Driver/Src/stm32l4xx_hal_i2c.c" -mcpu=cortex-m4 -std=gnu11 -g3 -DDEBUG -DUSE_HAL_DRIVER -DSTM32L4R5xx -c -I../Core/Inc -I../Drivers/STM32L4xx_HAL_Driver/Inc -I../Drivers/STM32L4xx_HAL_Driver/Inc/Legacy -I../Drivers/CMSIS/Device/ST/STM32L4xx/Include -I../Drivers/CMSIS/Include -O0 -ffunction-sections -fdata-sections -Wall -fstack-usage -fcyclomatic-complexity -MMD -MP -MF"Drivers/STM32L4xx_HAL_Driver/Src/stm32l4xx_hal_i2c.d" -MT"Drivers/STM32L4xx_HAL_Driver/Src/stm32l4xx_hal_i2c.o" --specs=nano.specs -mfpu=fpv4-sp-d16 -mfloat-abi=hard -mthumb -o "Drivers/STM32L4xx_HAL_Driver/Src/stm32l4xx_hal_i2c.o"
arm-none-eabi-gcc "../Drivers/STM32L4xx_HAL_Driver/Src/stm32l4xx_hal_i2c_ex.c" -mcpu=cortex-m4 -std=gnu11 -g3 -DDEBUG -DUSE_HAL_DRIVER -DSTM32L4R5xx -c -I../Core/Inc -I../Drivers/STM32L4xx_HAL_Driver/Inc -I../Drivers/STM32L4xx_HAL_Driver/Inc/Legacy -I../Drivers/CMSIS/Device/ST/STM32L4xx/Include -I../Drivers/CMSIS/Include -O0 -ffunction-sections -fdata-sections -Wall -fstack-usage -fcyclomatic-complexity -MMD -MP -MF"Drivers/STM32L4xx_HAL_Driver/Src/stm32l4xx_hal_i2c_ex.d" -MT"Drivers/STM32L4xx_HAL_Driver/Src/stm32l4xx_hal_i2c_ex.o" --specs=nano.specs -mfpu=fpv4-sp-d16 -mfloat-abi=hard -mthumb -o "Drivers/STM32L4xx_HAL_Driver/Src/stm32l4xx_hal_i2c_ex.o"
arm-none-eabi-gcc "../Drivers/STM32L4xx_HAL_Driver/Src/stm32l4xx_hal_pwr.c" -mcpu=cortex-m4 -std=gnu11 -g3 -DDEBUG -DUSE_HAL_DRIVER -DSTM32L4R5xx -c -I../Core/Inc -I../Drivers/STM32L4xx_HAL_Driver/Inc -I../Drivers/STM32L4xx_HAL_Driver/Inc/Legacy -I../Drivers/CMSIS/Device/ST/STM32L4xx/Include -I../Drivers/CMSIS/Include -O0 -ffunction-sections -fdata-sections -Wall -fstack-usage -fcyclomatic-complexity -MMD -MP -MF"Drivers/STM32L4xx_HAL_Driver/Src/stm32l4xx_hal_pwr.d" -MT"Drivers/STM32L4xx_HAL_Driver/Src/stm32l4xx_hal_pwr.o" --specs=nano.specs -mfpu=fpv4-sp-d16 -mfloat-abi=hard -mthumb -o "Drivers/STM32L4xx_HAL_Driver/Src/stm32l4xx_hal_pwr.o"
arm-none-eabi-gcc "../Drivers/STM32L4xx_HAL_Driver/Src/stm32l4xx_hal_pwr_ex.c" -mcpu=cortex-m4 -std=gnu11 -g3 -DDEBUG -DUSE_HAL_DRIVER -DSTM32L4R5xx -c -I../Core/Inc -I../Drivers/STM32L4xx_HAL_Driver/Inc -I../Drivers/STM32L4xx_HAL_Driver/Inc/Legacy -I../Drivers/CMSIS/Device/ST/STM32L4xx/Include -I../Drivers/CMSIS/Include -O0 -ffunction-sections -fdata-sections -Wall -fstack-usage -fcyclomatic-complexity -MMD -MP -MF"Drivers/STM32L4xx_HAL_Driver/Src/stm32l4xx_hal_pwr_ex.d" -MT"Drivers/STM32L4xx_HAL_Driver/Src/stm32l4xx_hal_pwr_ex.o" --specs=nano.specs -mfpu=fpv4-sp-d16 -mfloat-abi=hard -mthumb -o "Drivers/STM32L4xx_HAL_Driver/Src/stm32l4xx_hal_pwr_ex.o"
arm-none-eabi-gcc "../Drivers/STM32L4xx_HAL_Driver/Src/stm32l4xx_hal_rcc.c" -mcpu=cortex-m4 -std=gnu11 -g3 -DDEBUG -DUSE_HAL_DRIVER -DSTM32L4R5xx -c -I../Core/Inc -I../Drivers/STM32L4xx_HAL_Driver/Inc -I../Drivers/STM32L4xx_HAL_Driver/Inc/Legacy -I../Drivers/CMSIS/Device/ST/STM32L4xx/Include -I../Drivers/CMSIS/Include -O0 -ffunction-sections -fdata-sections -Wall -fstack-usage -fcyclomatic-complexity -MMD -MP -MF"Drivers/STM32L4xx_HAL_Driver/Src/stm32l4xx_hal_rcc.d" -MT"Drivers/STM32L4xx_HAL_Driver/Src/stm32l4xx_hal_rcc.o" --specs=nano.specs -mfpu=fpv4-sp-d16 -mfloat-abi=hard -mthumb -o "Drivers/STM32L4xx_HAL_Driver/Src/stm32l4xx_hal_rcc.o"
arm-none-eabi-gcc "../Drivers/STM32L4xx_HAL_Driver/Src/stm32l4xx_hal_rcc_ex.c" -mcpu=cortex-m4 -std=gnu11 -g3 -DDEBUG -DUSE_HAL_DRIVER -DSTM32L4R5xx -c -I../Core/Inc -I../Drivers/STM32L4xx_HAL_Driver/Inc -I../Drivers/STM32L4xx_HAL_Driver/Inc/Legacy -I../Drivers/CMSIS/Device/ST/STM32L4xx/Include -I../Drivers/CMSIS/Include -O0 -ffunction-sections -fdata-sections -Wall -fstack-usage -fcyclomatic-complexity -MMD -MP -MF"Drivers/STM32L4xx_HAL_Driver/Src/stm32l4xx_hal_rcc_ex.d" -MT"Drivers/STM32L4xx_HAL_Driver/Src/stm32l4xx_hal_rcc_ex.o" --specs=nano.specs -mfpu=fpv4-sp-d16 -mfloat-abi=hard -mthumb -o "Drivers/STM32L4xx_HAL_Driver/Src/stm32l4xx_hal_rcc_ex.o"
arm-none-eabi-gcc "../Drivers/STM32L4xx_HAL_Driver/Src/stm32l4xx_hal_spi.c" -mcpu=cortex-m4 -std=gnu11 -g3 -DDEBUG -DUSE_HAL_DRIVER -DSTM32L4R5xx -c -I../Core/Inc -I../Drivers/STM32L4xx_HAL_Driver/Inc -I../Drivers/STM32L4xx_HAL_Driver/Inc/Legacy -I../Drivers/CMSIS/Device/ST/STM32L4xx/Include -I../Drivers/CMSIS/Include -O0 -ffunction-sections -fdata-sections -Wall -fstack-usage -fcyclomatic-complexity -MMD -MP -MF"Drivers/STM32L4xx_HAL_Driver/Src/stm32l4xx_hal_spi.d" -MT"Drivers/STM32L4xx_HAL_Driver/Src/stm32l4xx_hal_spi.o" --specs=nano.specs -mfpu=fpv4-sp-d16 -mfloat-abi=hard -mthumb -o "Drivers/STM32L4xx_HAL_Driver/Src/stm32l4xx_hal_spi.o"
arm-none-eabi-gcc "../Drivers/STM32L4xx_HAL_Driver/Src/stm32l4xx_hal_spi_ex.c" -mcpu=cortex-m4 -std=gnu11 -g3 -DDEBUG -DUSE_HAL_DRIVER -DSTM32L4R5xx -c -I../Core/Inc -I../Drivers/STM32L4xx_HAL_Driver/Inc -I../Drivers/STM32L4xx_HAL_Driver/Inc/Legacy -I../Drivers/CMSIS/Device/ST/STM32L4xx/Include -I../Drivers/CMSIS/Include -O0 -ffunction-sections -fdata-sections -Wall -fstack-usage -fcyclomatic-complexity -MMD -MP -MF"Drivers/STM32L4xx_HAL_Driver/Src/stm32l4xx_hal_spi_ex.d" -MT"Drivers/STM32L4xx_HAL_Driver/Src/stm32l4xx_hal_spi_ex.o" --specs=nano.specs -mfpu=fpv4-sp-d16 -mfloat-abi=hard -mthumb -o "Drivers/STM32L4xx_HAL_Driver/Src/stm32l4xx_hal_spi_ex.o"
arm-none-eabi-gcc "../Drivers/STM32L4xx_HAL_Driver/Src/stm32l4xx_hal_tim.c" -mcpu=cortex-m4 -std=gnu11 -g3 -DDEBUG -DUSE_HAL_DRIVER -DSTM32L4R5xx -c -I../Core/Inc -I../Drivers/STM32L4xx_HAL_Driver/Inc -I../Drivers/STM32L4xx_HAL_Driver/Inc/Legacy -I../Drivers/CMSIS/Device/ST/STM32L4xx/Include -I../Drivers/CMSIS/Include -O0 -ffunction-sections -fdata-sections -Wall -fstack-usage -fcyclomatic-complexity -MMD -MP -MF"Drivers/STM32L4xx_HAL_Driver/Src/stm32l4xx_hal_tim.d" -MT"Drivers/STM32L4xx_HAL_Driver/Src/stm32l4xx_hal_tim.o" --specs=nano.specs -mfpu=fpv4-sp-d16 -mfloat-abi=hard -mthumb -o "Drivers/STM32L4xx_HAL_Driver/Src/stm32l4xx_hal_tim.o"
arm-none-eabi-gcc "../Drivers/STM32L4xx_HAL_Driver/Src/stm32l4xx_hal_tim_ex.c" -mcpu=cortex-m4 -std=gnu11 -g3 -DDEBUG -DUSE_HAL_DRIVER -DSTM32L4R5xx -c -I../Core/Inc -I../Drivers/STM32L4xx_HAL_Driver/Inc -I../Drivers/STM32L4xx_HAL_Driver/Inc/Legacy -I../Drivers/CMSIS/Device/ST/STM32L4xx/Include -I../Drivers/CMSIS/Include -O0 -ffunction-sections -fdata-sections -Wall -fstack-usage -fcyclomatic-complexity -MMD -MP -MF"Drivers/STM32L4xx_HAL_Driver/Src/stm32l4xx_hal_tim_ex.d" -MT"Drivers/STM32L4xx_HAL_Driver/Src/stm32l4xx_hal_tim_ex.o" --specs=nano.specs -mfpu=fpv4-sp-d16 -mfloat-abi=hard -mthumb -o "Drivers/STM32L4xx_HAL_Driver/Src/stm32l4xx_hal_tim_ex.o"
arm-none-eabi-gcc "../Core/Src/ili9488.c" -mcpu=cortex-m4 -std=gnu11 -g3 -DDEBUG -DUSE_HAL_DRIVER -DSTM32L4R5xx -c -I../Core/Inc -I../Drivers/STM32L4xx_HAL_Driver/Inc -I../Drivers/STM32L4xx_HAL_Driver/Inc/Legacy -I../Drivers/CMSIS/Device/ST/STM32L4xx/Include -I../Drivers/CMSIS/Include -O0 -ffunction-sections -fdata-sections -Wall -fstack-usage -fcyclomatic-complexity -MMD -MP -MF"Core/Src/ili9488.d" -MT"Core/Src/ili9488.o" --specs=nano.specs -mfpu=fpv4-sp-d16 -mfloat-abi=hard -mthumb -o "Core/Src/ili9488.o"
arm-none-eabi-gcc "../Core/Src/main.c" -mcpu=cortex-m4 -std=gnu11 -g3 -DDEBUG -DUSE_HAL_DRIVER -DSTM32L4R5xx -c -I../Core/Inc -I../Drivers/STM32L4xx_HAL_Driver/Inc -I../Drivers/STM32L4xx_HAL_Driver/Inc/Legacy -I../Drivers/CMSIS/Device/ST/STM32L4xx/Include -I../Drivers/CMSIS/Include -O0 -ffunction-sections -fdata-sections -Wall -fstack-usage -fcyclomatic-complexity -MMD -MP -MF"Core/Src/main.d" -MT"Core/Src/main.o" --specs=nano.specs -mfpu=fpv4-sp-d16 -mfloat-abi=hard -mthumb -o "Core/Src/main.o"
../Core/Src/ili9488.c: In function 'WaitLastData':
../Core/Src/ili9488.c:358:9: warning: this 'while' clause does not guard... [-Wmisleading-indentation]
  358 |         while(!(SPI1->SR & SPI_SR_TXE));
      |         ^~~~~
../Core/Src/ili9488.c:359:17: note: ...this statement, but the latter is misleadingly indented as if it were guarded by the 'while'
  359 |                 while(SPI1->SR & SPI_SR_BSY);
      |                 ^~~~~
../Core/Src/main.c:65:10: warning: "/*" within comment [-Wcomment]
   65 |         //*(__IO uint8_t *)(0x60000000) = com;
      |           
../Core/Src/main.c:85:10: warning: "/*" within comment [-Wcomment]
   85 |         //*(__IO uint8_t *)(0x60000000) = com;
      |           
../Core/Src/main.c: In function 'main':
../Core/Src/main.c:112:17: warning: unused variable 'y' [-Wunused-variable]
  112 |         int16_t y;
      |                 ^
../Core/Src/main.c:111:17: warning: unused variable 'x' [-Wunused-variable]
  111 |         int16_t x;
      |                 ^
../Core/Src/ili9488.c: In function 'ILI9488_printText':
../Core/Src/ili9488.c:874:42: warning: comparison between pointer and integer
  874 |         for(uint16_t i=0; i<40 && text[i]!=NULL; i++)
      |                                          ^~
../Core/Src/ili9488.c: In function 'testLines':
../Core/Src/ili9488.c:882:30: warning: unused variable 't' [-Wunused-variable]
  882 |         unsigned long start, t;
      |                              ^
../Core/Src/ili9488.c:882:23: warning: unused variable 'start' [-Wunused-variable]
  882 |         unsigned long start, t;
      |                       ^~~~~
../Core/Src/ili9488.c: At top level:
arm-none-eabi-gcc "../Core/Src/stm32l4xx_hal_msp.c" -mcpu=cortex-m4 -std=gnu11 -g3 -DDEBUG -DUSE_HAL_DRIVER -DSTM32L4R5xx -c -I../Core/Inc -I../Drivers/STM32L4xx_HAL_Driver/Inc -I../Drivers/STM32L4xx_HAL_Driver/Inc/Legacy -I../Drivers/CMSIS/Device/ST/STM32L4xx/Include -I../Drivers/CMSIS/Include -O0 -ffunction-sections -fdata-sections -Wall -fstack-usage -fcyclomatic-complexity -MMD -MP -MF"Core/Src/stm32l4xx_hal_msp.d" -MT"Core/Src/stm32l4xx_hal_msp.o" --specs=nano.specs -mfpu=fpv4-sp-d16 -mfloat-abi=hard -mthumb -o "Core/Src/stm32l4xx_hal_msp.o"
arm-none-eabi-gcc "../Core/Src/stm32l4xx_it.c" -mcpu=cortex-m4 -std=gnu11 -g3 -DDEBUG -DUSE_HAL_DRIVER -DSTM32L4R5xx -c -I../Core/Inc -I../Drivers/STM32L4xx_HAL_Driver/Inc -I../Drivers/STM32L4xx_HAL_Driver/Inc/Legacy -I../Drivers/CMSIS/Device/ST/STM32L4xx/Include -I../Drivers/CMSIS/Include -O0 -ffunction-sections -fdata-sections -Wall -fstack-usage -fcyclomatic-complexity -MMD -MP -MF"Core/Src/stm32l4xx_it.d" -MT"Core/Src/stm32l4xx_it.o" --specs=nano.specs -mfpu=fpv4-sp-d16 -mfloat-abi=hard -mthumb -o "Core/Src/stm32l4xx_it.o"
arm-none-eabi-gcc "../Core/Src/system_stm32l4xx.c" -mcpu=cortex-m4 -std=gnu11 -g3 -DDEBUG -DUSE_HAL_DRIVER -DSTM32L4R5xx -c -I../Core/Inc -I../Drivers/STM32L4xx_HAL_Driver/Inc -I../Drivers/STM32L4xx_HAL_Driver/Inc/Legacy -I../Drivers/CMSIS/Device/ST/STM32L4xx/Include -I../Drivers/CMSIS/Include -O0 -ffunction-sections -fdata-sections -Wall -fstack-usage -fcyclomatic-complexity -MMD -MP -MF"Core/Src/system_stm32l4xx.d" -MT"Core/Src/system_stm32l4xx.o" --specs=nano.specs -mfpu=fpv4-sp-d16 -mfloat-abi=hard -mthumb -o "Core/Src/system_stm32l4xx.o"
../Core/Src/ili9488.c:23:17: warning: 'tftRESET_PIN' defined but not used [-Wunused-variable]
   23 | static uint16_t tftRESET_PIN;
      |                 ^~~~~~~~~~~~
../Core/Src/ili9488.c:22:23: warning: 'tftRESET_GPIO' defined but not used [-Wunused-variable]
   22 | static GPIO_TypeDef  *tftRESET_GPIO;
      |                       ^~~~~~~~~~~~~
arm-none-eabi-gcc "../Core/Src/xpt2046.c" -mcpu=cortex-m4 -std=gnu11 -g3 -DDEBUG -DUSE_HAL_DRIVER -DSTM32L4R5xx -c -I../Core/Inc -I../Drivers/STM32L4xx_HAL_Driver/Inc -I../Drivers/STM32L4xx_HAL_Driver/Inc/Legacy -I../Drivers/CMSIS/Device/ST/STM32L4xx/Include -I../Drivers/CMSIS/Include -O0 -ffunction-sections -fdata-sections -Wall -fstack-usage -fcyclomatic-complexity -MMD -MP -MF"Core/Src/xpt2046.d" -MT"Core/Src/xpt2046.o" --specs=nano.specs -mfpu=fpv4-sp-d16 -mfloat-abi=hard -mthumb -o "Core/Src/xpt2046.o"
arm-none-eabi-gcc -o "LCD_TOUCH_out.elf" @"objects.list"   -mcpu=cortex-m4 -T"/Users/zawad/Documents/EECS373/project/LCD_TOUCH_out/STM32L4R5ZITXP_FLASH.ld" --specs=nosys.specs -Wl,-Map="LCD_TOUCH_out.map" -Wl,--gc-sections -static --specs=nano.specs -mfpu=fpv4-sp-d16 -mfloat-abi=hard -mthumb -Wl,--start-group -lc -lm -Wl,--end-group
/Applications/STM32CubeIDE.app/Contents/Eclipse/plugins/com.st.stm32cube.ide.mcu.externaltools.gnu-tools-for-stm32.12.3.rel1.macos64_1.0.100.202403111906/tools/bin/../lib/gcc/arm-none-eabi/12.3.1/../../../../arm-none-eabi/bin/ld: warning: LCD_TOUCH_out.elf has a LOAD segment with RWX permissions
Finished building target: LCD_TOUCH_out.elf
 
arm-none-eabi-size  LCD_TOUCH_out.elf 
arm-none-eabi-objdump -h -S LCD_TOUCH_out.elf  > "LCD_TOUCH_out.list"
   text	   data	    bss	    dec	    hex	filename
  17568	    104	   2128	  19800	   4d58	LCD_TOUCH_out.elf
Finished building: default.size.stdout
 
Finished building: LCD_TOUCH_out.list
 
16:56:54 **** Incremental Build of configuration Debug for project LCD_TOUCH_out ****
make -j7 all 
arm-none-eabi-size  LCD_TOUCH_out.elf 
   text	   data	    bss	    dec	    hex	filename
  17568	    104	   2128	  19800	   4d58	LCD_TOUCH_out.elf
Finished building: default.size.stdout
 
16:57:09 **** Incremental Build of configuration Debug for project LCD_TOUCH_out ****
make -j7 all 
arm-none-eabi-size  LCD_TOUCH_out.elf 
   text	   data	    bss	    dec	    hex	filename
  17568	    104	   2128	  19800	   4d58	LCD_TOUCH_out.elf
Finished building: default.size.stdout
 
16:59:52 **** Incremental Build of configuration Debug for project LCD_TOUCH_out ****
make -j7 all 
arm-none-eabi-size  LCD_TOUCH_out.elf 
   text	   data	    bss	    dec	    hex	filename
  17568	    104	   2128	  19800	   4d58	LCD_TOUCH_out.elf
Finished building: default.size.stdout
 
17:00:39 **** Incremental Build of configuration Debug for project LCD_TOUCH_out ****
make -j7 all 
arm-none-eabi-gcc "../Core/Src/main.c" -mcpu=cortex-m4 -std=gnu11 -g3 -DDEBUG -DUSE_HAL_DRIVER -DSTM32L4R5xx -c -I../Core/Inc -I../Drivers/STM32L4xx_HAL_Driver/Inc -I../Drivers/STM32L4xx_HAL_Driver/Inc/Legacy -I../Drivers/CMSIS/Device/ST/STM32L4xx/Include -I../Drivers/CMSIS/Include -O0 -ffunction-sections -fdata-sections -Wall -fstack-usage -fcyclomatic-complexity -MMD -MP -MF"Core/Src/main.d" -MT"Core/Src/main.o" --specs=nano.specs -mfpu=fpv4-sp-d16 -mfloat-abi=hard -mthumb -o "Core/Src/main.o"
../Core/Src/main.c:65:10: warning: "/*" within comment [-Wcomment]
   65 |         //*(__IO uint8_t *)(0x60000000) = com;
      |           
../Core/Src/main.c:85:10: warning: "/*" within comment [-Wcomment]
   85 |         //*(__IO uint8_t *)(0x60000000) = com;
      |           
../Core/Src/main.c: In function 'main':
../Core/Src/main.c:112:17: warning: unused variable 'y' [-Wunused-variable]
  112 |         int16_t y;
      |                 ^
../Core/Src/main.c:111:17: warning: unused variable 'x' [-Wunused-variable]
  111 |         int16_t x;
      |                 ^
arm-none-eabi-gcc -o "LCD_TOUCH_out.elf" @"objects.list"   -mcpu=cortex-m4 -T"/Users/zawad/Documents/EECS373/project/LCD_TOUCH_out/STM32L4R5ZITXP_FLASH.ld" --specs=nosys.specs -Wl,-Map="LCD_TOUCH_out.map" -Wl,--gc-sections -static --specs=nano.specs -mfpu=fpv4-sp-d16 -mfloat-abi=hard -mthumb -Wl,--start-group -lc -lm -Wl,--end-group
/Applications/STM32CubeIDE.app/Contents/Eclipse/plugins/com.st.stm32cube.ide.mcu.externaltools.gnu-tools-for-stm32.12.3.rel1.macos64_1.0.100.202403111906/tools/bin/../lib/gcc/arm-none-eabi/12.3.1/../../../../arm-none-eabi/bin/ld: warning: LCD_TOUCH_out.elf has a LOAD segment with RWX permissions
Finished building target: LCD_TOUCH_out.elf
 
arm-none-eabi-size  LCD_TOUCH_out.elf 
arm-none-eabi-objdump -h -S LCD_TOUCH_out.elf  > "LCD_TOUCH_out.list"
   text	   data	    bss	    dec	    hex	filename
  17568	    104	   2128	  19800	   4d58	LCD_TOUCH_out.elf
Finished building: default.size.stdout
 
Finished building: LCD_TOUCH_out.list
 
17:04:30 **** Incremental Build of configuration Debug for project LCD_TOUCH_out ****
make -j7 all 
arm-none-eabi-gcc "../Core/Src/main.c" -mcpu=cortex-m4 -std=gnu11 -g3 -DDEBUG -DUSE_HAL_DRIVER -DSTM32L4R5xx -c -I../Core/Inc -I../Drivers/STM32L4xx_HAL_Driver/Inc -I../Drivers/STM32L4xx_HAL_Driver/Inc/Legacy -I../Drivers/CMSIS/Device/ST/STM32L4xx/Include -I../Drivers/CMSIS/Include -O0 -ffunction-sections -fdata-sections -Wall -fstack-usage -fcyclomatic-complexity -MMD -MP -MF"Core/Src/main.d" -MT"Core/Src/main.o" --specs=nano.specs -mfpu=fpv4-sp-d16 -mfloat-abi=hard -mthumb -o "Core/Src/main.o"
../Core/Src/main.c:65:10: warning: "/*" within comment [-Wcomment]
   65 |         //*(__IO uint8_t *)(0x60000000) = com;
      |           
../Core/Src/main.c:85:10: warning: "/*" within comment [-Wcomment]
   85 |         //*(__IO uint8_t *)(0x60000000) = com;
      |           
../Core/Src/main.c: In function 'main':
../Core/Src/main.c:112:17: warning: unused variable 'y' [-Wunused-variable]
  112 |         int16_t y;
      |                 ^
../Core/Src/main.c:111:17: warning: unused variable 'x' [-Wunused-variable]
  111 |         int16_t x;
      |                 ^
arm-none-eabi-gcc -o "LCD_TOUCH_out.elf" @"objects.list"   -mcpu=cortex-m4 -T"/Users/zawad/Documents/EECS373/project/LCD_TOUCH_out/STM32L4R5ZITXP_FLASH.ld" --specs=nosys.specs -Wl,-Map="LCD_TOUCH_out.map" -Wl,--gc-sections -static --specs=nano.specs -mfpu=fpv4-sp-d16 -mfloat-abi=hard -mthumb -Wl,--start-group -lc -lm -Wl,--end-group
/Applications/STM32CubeIDE.app/Contents/Eclipse/plugins/com.st.stm32cube.ide.mcu.externaltools.gnu-tools-for-stm32.12.3.rel1.macos64_1.0.100.202403111906/tools/bin/../lib/gcc/arm-none-eabi/12.3.1/../../../../arm-none-eabi/bin/ld: warning: LCD_TOUCH_out.elf has a LOAD segment with RWX permissions
Finished building target: LCD_TOUCH_out.elf
 
arm-none-eabi-size  LCD_TOUCH_out.elf 
arm-none-eabi-objdump -h -S LCD_TOUCH_out.elf  > "LCD_TOUCH_out.list"
   text	   data	    bss	    dec	    hex	filename
  17568	    104	   2128	  19800	   4d58	LCD_TOUCH_out.elf
Finished building: default.size.stdout
 
Finished building: LCD_TOUCH_out.list
 
17:05:08 **** Incremental Build of configuration Debug for project LCD_TOUCH_out ****
make -j7 all 
arm-none-eabi-size  LCD_TOUCH_out.elf 
   text	   data	    bss	    dec	    hex	filename
  17568	    104	   2128	  19800	   4d58	LCD_TOUCH_out.elf
Finished building: default.size.stdout
 
17:06:51 **** Incremental Build of configuration Debug for project LCD_TOUCH_out ****
make -j7 all 
arm-none-eabi-gcc "../Core/Src/main.c" -mcpu=cortex-m4 -std=gnu11 -g3 -DDEBUG -DUSE_HAL_DRIVER -DSTM32L4R5xx -c -I../Core/Inc -I../Drivers/STM32L4xx_HAL_Driver/Inc -I../Drivers/STM32L4xx_HAL_Driver/Inc/Legacy -I../Drivers/CMSIS/Device/ST/STM32L4xx/Include -I../Drivers/CMSIS/Include -O0 -ffunction-sections -fdata-sections -Wall -fstack-usage -fcyclomatic-complexity -MMD -MP -MF"Core/Src/main.d" -MT"Core/Src/main.o" --specs=nano.specs -mfpu=fpv4-sp-d16 -mfloat-abi=hard -mthumb -o "Core/Src/main.o"
../Core/Src/main.c:65:10: warning: "/*" within comment [-Wcomment]
   65 |         //*(__IO uint8_t *)(0x60000000) = com;
      |           
../Core/Src/main.c:85:10: warning: "/*" within comment [-Wcomment]
   85 |         //*(__IO uint8_t *)(0x60000000) = com;
      |           
../Core/Src/main.c: In function 'main':
../Core/Src/main.c:112:17: warning: unused variable 'y' [-Wunused-variable]
  112 |         int16_t y;
      |                 ^
../Core/Src/main.c:111:17: warning: unused variable 'x' [-Wunused-variable]
  111 |         int16_t x;
      |                 ^
arm-none-eabi-gcc -o "LCD_TOUCH_out.elf" @"objects.list"   -mcpu=cortex-m4 -T"/Users/zawad/Documents/EECS373/project/LCD_TOUCH_out/STM32L4R5ZITXP_FLASH.ld" --specs=nosys.specs -Wl,-Map="LCD_TOUCH_out.map" -Wl,--gc-sections -static --specs=nano.specs -mfpu=fpv4-sp-d16 -mfloat-abi=hard -mthumb -Wl,--start-group -lc -lm -Wl,--end-group
/Applications/STM32CubeIDE.app/Contents/Eclipse/plugins/com.st.stm32cube.ide.mcu.externaltools.gnu-tools-for-stm32.12.3.rel1.macos64_1.0.100.202403111906/tools/bin/../lib/gcc/arm-none-eabi/12.3.1/../../../../arm-none-eabi/bin/ld: warning: LCD_TOUCH_out.elf has a LOAD segment with RWX permissions
Finished building target: LCD_TOUCH_out.elf
 
arm-none-eabi-size  LCD_TOUCH_out.elf 
arm-none-eabi-objdump -h -S LCD_TOUCH_out.elf  > "LCD_TOUCH_out.list"
   text	   data	    bss	    dec	    hex	filename
  17568	    104	   2128	  19800	   4d58	LCD_TOUCH_out.elf
Finished building: default.size.stdout
 
Finished building: LCD_TOUCH_out.list
 
17:07:21 **** Incremental Build of configuration Debug for project LCD_TOUCH_out ****
make -j7 all 
arm-none-eabi-gcc "../Core/Src/main.c" -mcpu=cortex-m4 -std=gnu11 -g3 -DDEBUG -DUSE_HAL_DRIVER -DSTM32L4R5xx -c -I../Core/Inc -I../Drivers/STM32L4xx_HAL_Driver/Inc -I../Drivers/STM32L4xx_HAL_Driver/Inc/Legacy -I../Drivers/CMSIS/Device/ST/STM32L4xx/Include -I../Drivers/CMSIS/Include -O0 -ffunction-sections -fdata-sections -Wall -fstack-usage -fcyclomatic-complexity -MMD -MP -MF"Core/Src/main.d" -MT"Core/Src/main.o" --specs=nano.specs -mfpu=fpv4-sp-d16 -mfloat-abi=hard -mthumb -o "Core/Src/main.o"
../Core/Src/main.c:65:10: warning: "/*" within comment [-Wcomment]
   65 |         //*(__IO uint8_t *)(0x60000000) = com;
      |           
../Core/Src/main.c:85:10: warning: "/*" within comment [-Wcomment]
   85 |         //*(__IO uint8_t *)(0x60000000) = com;
      |           
../Core/Src/main.c: In function 'main':
../Core/Src/main.c:112:17: warning: unused variable 'y' [-Wunused-variable]
  112 |         int16_t y;
      |                 ^
../Core/Src/main.c:111:17: warning: unused variable 'x' [-Wunused-variable]
  111 |         int16_t x;
      |                 ^
arm-none-eabi-gcc -o "LCD_TOUCH_out.elf" @"objects.list"   -mcpu=cortex-m4 -T"/Users/zawad/Documents/EECS373/project/LCD_TOUCH_out/STM32L4R5ZITXP_FLASH.ld" --specs=nosys.specs -Wl,-Map="LCD_TOUCH_out.map" -Wl,--gc-sections -static --specs=nano.specs -mfpu=fpv4-sp-d16 -mfloat-abi=hard -mthumb -Wl,--start-group -lc -lm -Wl,--end-group
/Applications/STM32CubeIDE.app/Contents/Eclipse/plugins/com.st.stm32cube.ide.mcu.externaltools.gnu-tools-for-stm32.12.3.rel1.macos64_1.0.100.202403111906/tools/bin/../lib/gcc/arm-none-eabi/12.3.1/../../../../arm-none-eabi/bin/ld: warning: LCD_TOUCH_out.elf has a LOAD segment with RWX permissions
Finished building target: LCD_TOUCH_out.elf
 
arm-none-eabi-size  LCD_TOUCH_out.elf 
arm-none-eabi-objdump -h -S LCD_TOUCH_out.elf  > "LCD_TOUCH_out.list"
   text	   data	    bss	    dec	    hex	filename
  17548	    104	   2128	  19780	   4d44	LCD_TOUCH_out.elf
Finished building: default.size.stdout
 
Finished building: LCD_TOUCH_out.list
 
17:07:39 **** Incremental Build of configuration Debug for project LCD_TOUCH_out ****
make -j7 all 
arm-none-eabi-gcc "../Core/Src/main.c" -mcpu=cortex-m4 -std=gnu11 -g3 -DDEBUG -DUSE_HAL_DRIVER -DSTM32L4R5xx -c -I../Core/Inc -I../Drivers/STM32L4xx_HAL_Driver/Inc -I../Drivers/STM32L4xx_HAL_Driver/Inc/Legacy -I../Drivers/CMSIS/Device/ST/STM32L4xx/Include -I../Drivers/CMSIS/Include -O0 -ffunction-sections -fdata-sections -Wall -fstack-usage -fcyclomatic-complexity -MMD -MP -MF"Core/Src/main.d" -MT"Core/Src/main.o" --specs=nano.specs -mfpu=fpv4-sp-d16 -mfloat-abi=hard -mthumb -o "Core/Src/main.o"
../Core/Src/main.c:65:10: warning: "/*" within comment [-Wcomment]
   65 |         //*(__IO uint8_t *)(0x60000000) = com;
      |           
../Core/Src/main.c:85:10: warning: "/*" within comment [-Wcomment]
   85 |         //*(__IO uint8_t *)(0x60000000) = com;
      |           
../Core/Src/main.c: In function 'main':
../Core/Src/main.c:112:17: warning: unused variable 'y' [-Wunused-variable]
  112 |         int16_t y;
      |                 ^
../Core/Src/main.c:111:17: warning: unused variable 'x' [-Wunused-variable]
  111 |         int16_t x;
      |                 ^
arm-none-eabi-gcc -o "LCD_TOUCH_out.elf" @"objects.list"   -mcpu=cortex-m4 -T"/Users/zawad/Documents/EECS373/project/LCD_TOUCH_out/STM32L4R5ZITXP_FLASH.ld" --specs=nosys.specs -Wl,-Map="LCD_TOUCH_out.map" -Wl,--gc-sections -static --specs=nano.specs -mfpu=fpv4-sp-d16 -mfloat-abi=hard -mthumb -Wl,--start-group -lc -lm -Wl,--end-group
/Applications/STM32CubeIDE.app/Contents/Eclipse/plugins/com.st.stm32cube.ide.mcu.externaltools.gnu-tools-for-stm32.12.3.rel1.macos64_1.0.100.202403111906/tools/bin/../lib/gcc/arm-none-eabi/12.3.1/../../../../arm-none-eabi/bin/ld: warning: LCD_TOUCH_out.elf has a LOAD segment with RWX permissions
Finished building target: LCD_TOUCH_out.elf
 
arm-none-eabi-size  LCD_TOUCH_out.elf 
arm-none-eabi-objdump -h -S LCD_TOUCH_out.elf  > "LCD_TOUCH_out.list"
   text	   data	    bss	    dec	    hex	filename
  17548	    104	   2128	  19780	   4d44	LCD_TOUCH_out.elf
Finished building: default.size.stdout
 
Finished building: LCD_TOUCH_out.list
 
17:08:03 **** Incremental Build of configuration Debug for project LCD_TOUCH_out ****
make -j7 all 
arm-none-eabi-gcc "../Core/Src/main.c" -mcpu=cortex-m4 -std=gnu11 -g3 -DDEBUG -DUSE_HAL_DRIVER -DSTM32L4R5xx -c -I../Core/Inc -I../Drivers/STM32L4xx_HAL_Driver/Inc -I../Drivers/STM32L4xx_HAL_Driver/Inc/Legacy -I../Drivers/CMSIS/Device/ST/STM32L4xx/Include -I../Drivers/CMSIS/Include -O0 -ffunction-sections -fdata-sections -Wall -fstack-usage -fcyclomatic-complexity -MMD -MP -MF"Core/Src/main.d" -MT"Core/Src/main.o" --specs=nano.specs -mfpu=fpv4-sp-d16 -mfloat-abi=hard -mthumb -o "Core/Src/main.o"
../Core/Src/main.c:65:10: warning: "/*" within comment [-Wcomment]
   65 |         //*(__IO uint8_t *)(0x60000000) = com;
      |           
../Core/Src/main.c:85:10: warning: "/*" within comment [-Wcomment]
   85 |         //*(__IO uint8_t *)(0x60000000) = com;
      |           
../Core/Src/main.c: In function 'main':
../Core/Src/main.c:112:17: warning: unused variable 'y' [-Wunused-variable]
  112 |         int16_t y;
      |                 ^
../Core/Src/main.c:111:17: warning: unused variable 'x' [-Wunused-variable]
  111 |         int16_t x;
      |                 ^
arm-none-eabi-gcc -o "LCD_TOUCH_out.elf" @"objects.list"   -mcpu=cortex-m4 -T"/Users/zawad/Documents/EECS373/project/LCD_TOUCH_out/STM32L4R5ZITXP_FLASH.ld" --specs=nosys.specs -Wl,-Map="LCD_TOUCH_out.map" -Wl,--gc-sections -static --specs=nano.specs -mfpu=fpv4-sp-d16 -mfloat-abi=hard -mthumb -Wl,--start-group -lc -lm -Wl,--end-group
/Applications/STM32CubeIDE.app/Contents/Eclipse/plugins/com.st.stm32cube.ide.mcu.externaltools.gnu-tools-for-stm32.12.3.rel1.macos64_1.0.100.202403111906/tools/bin/../lib/gcc/arm-none-eabi/12.3.1/../../../../arm-none-eabi/bin/ld: warning: LCD_TOUCH_out.elf has a LOAD segment with RWX permissions
Finished building target: LCD_TOUCH_out.elf
 
arm-none-eabi-size  LCD_TOUCH_out.elf 
arm-none-eabi-objdump -h -S LCD_TOUCH_out.elf  > "LCD_TOUCH_out.list"
   text	   data	    bss	    dec	    hex	filename
  17548	    104	   2128	  19780	   4d44	LCD_TOUCH_out.elf
Finished building: default.size.stdout
 
Finished building: LCD_TOUCH_out.list
 
17:08:49 **** Incremental Build of configuration Debug for project LCD_TOUCH_out ****
make -j7 all 
arm-none-eabi-gcc "../Core/Src/main.c" -mcpu=cortex-m4 -std=gnu11 -g3 -DDEBUG -DUSE_HAL_DRIVER -DSTM32L4R5xx -c -I../Core/Inc -I../Drivers/STM32L4xx_HAL_Driver/Inc -I../Drivers/STM32L4xx_HAL_Driver/Inc/Legacy -I../Drivers/CMSIS/Device/ST/STM32L4xx/Include -I../Drivers/CMSIS/Include -O0 -ffunction-sections -fdata-sections -Wall -fstack-usage -fcyclomatic-complexity -MMD -MP -MF"Core/Src/main.d" -MT"Core/Src/main.o" --specs=nano.specs -mfpu=fpv4-sp-d16 -mfloat-abi=hard -mthumb -o "Core/Src/main.o"
../Core/Src/main.c:65:10: warning: "/*" within comment [-Wcomment]
   65 |         //*(__IO uint8_t *)(0x60000000) = com;
      |           
../Core/Src/main.c:85:10: warning: "/*" within comment [-Wcomment]
   85 |         //*(__IO uint8_t *)(0x60000000) = com;
      |           
../Core/Src/main.c: In function 'main':
../Core/Src/main.c:112:17: warning: unused variable 'y' [-Wunused-variable]
  112 |         int16_t y;
      |                 ^
../Core/Src/main.c:111:17: warning: unused variable 'x' [-Wunused-variable]
  111 |         int16_t x;
      |                 ^
arm-none-eabi-gcc -o "LCD_TOUCH_out.elf" @"objects.list"   -mcpu=cortex-m4 -T"/Users/zawad/Documents/EECS373/project/LCD_TOUCH_out/STM32L4R5ZITXP_FLASH.ld" --specs=nosys.specs -Wl,-Map="LCD_TOUCH_out.map" -Wl,--gc-sections -static --specs=nano.specs -mfpu=fpv4-sp-d16 -mfloat-abi=hard -mthumb -Wl,--start-group -lc -lm -Wl,--end-group
/Applications/STM32CubeIDE.app/Contents/Eclipse/plugins/com.st.stm32cube.ide.mcu.externaltools.gnu-tools-for-stm32.12.3.rel1.macos64_1.0.100.202403111906/tools/bin/../lib/gcc/arm-none-eabi/12.3.1/../../../../arm-none-eabi/bin/ld: warning: LCD_TOUCH_out.elf has a LOAD segment with RWX permissions
Finished building target: LCD_TOUCH_out.elf
 
arm-none-eabi-size  LCD_TOUCH_out.elf 
arm-none-eabi-objdump -h -S LCD_TOUCH_out.elf  > "LCD_TOUCH_out.list"
   text	   data	    bss	    dec	    hex	filename
  17524	    104	   2128	  19756	   4d2c	LCD_TOUCH_out.elf
Finished building: default.size.stdout
 
Finished building: LCD_TOUCH_out.list
 
17:10:44 **** Incremental Build of configuration Debug for project LCD_TOUCH_out ****
make -j7 all 
arm-none-eabi-size  LCD_TOUCH_out.elf 
   text	   data	    bss	    dec	    hex	filename
  17524	    104	   2128	  19756	   4d2c	LCD_TOUCH_out.elf
Finished building: default.size.stdout
 
17:13:36 **** Incremental Build of configuration Debug for project LCD_TOUCH_out ****
make -j7 all 
arm-none-eabi-gcc "../Core/Src/main.c" -mcpu=cortex-m4 -std=gnu11 -g3 -DDEBUG -DUSE_HAL_DRIVER -DSTM32L4R5xx -c -I../Core/Inc -I../Drivers/STM32L4xx_HAL_Driver/Inc -I../Drivers/STM32L4xx_HAL_Driver/Inc/Legacy -I../Drivers/CMSIS/Device/ST/STM32L4xx/Include -I../Drivers/CMSIS/Include -O0 -ffunction-sections -fdata-sections -Wall -fstack-usage -fcyclomatic-complexity -MMD -MP -MF"Core/Src/main.d" -MT"Core/Src/main.o" --specs=nano.specs -mfpu=fpv4-sp-d16 -mfloat-abi=hard -mthumb -o "Core/Src/main.o"
../Core/Src/main.c:65:10: warning: "/*" within comment [-Wcomment]
   65 |         //*(__IO uint8_t *)(0x60000000) = com;
      |           
../Core/Src/main.c:85:10: warning: "/*" within comment [-Wcomment]
   85 |         //*(__IO uint8_t *)(0x60000000) = com;
      |           
../Core/Src/main.c: In function 'main':
../Core/Src/main.c:253:4: warning: implicit declaration of function 'XPT2046_INIT'; did you mean 'XPT2046_Init'? [-Wimplicit-function-declaration]
  253 |    XPT2046_INIT();
      |    ^~~~~~~~~~~~
      |    XPT2046_Init
../Core/Src/main.c:112:17: warning: unused variable 'y' [-Wunused-variable]
  112 |         int16_t y;
      |                 ^
../Core/Src/main.c:111:17: warning: unused variable 'x' [-Wunused-variable]
  111 |         int16_t x;
      |                 ^
arm-none-eabi-gcc -o "LCD_TOUCH_out.elf" @"objects.list"   -mcpu=cortex-m4 -T"/Users/zawad/Documents/EECS373/project/LCD_TOUCH_out/STM32L4R5ZITXP_FLASH.ld" --specs=nosys.specs -Wl,-Map="LCD_TOUCH_out.map" -Wl,--gc-sections -static --specs=nano.specs -mfpu=fpv4-sp-d16 -mfloat-abi=hard -mthumb -Wl,--start-group -lc -lm -Wl,--end-group
/Applications/STM32CubeIDE.app/Contents/Eclipse/plugins/com.st.stm32cube.ide.mcu.externaltools.gnu-tools-for-stm32.12.3.rel1.macos64_1.0.100.202403111906/tools/bin/../lib/gcc/arm-none-eabi/12.3.1/../../../../arm-none-eabi/bin/ld: warning: LCD_TOUCH_out.elf has a LOAD segment with RWX permissions
/Applications/STM32CubeIDE.app/Contents/Eclipse/plugins/com.st.stm32cube.ide.mcu.externaltools.gnu-tools-for-stm32.12.3.rel1.macos64_1.0.100.202403111906/tools/bin/../lib/gcc/arm-none-eabi/12.3.1/../../../../arm-none-eabi/bin/ld: ./Core/Src/main.o: in function `main':
/Users/zawad/Documents/EECS373/project/LCD_TOUCH_out/Debug/../Core/Src/main.c:253: undefined reference to `XPT2046_INIT'
collect2: error: ld returned 1 exit status
make: *** [makefile:64: LCD_TOUCH_out.elf] Error 1
"make -j7 all" terminated with exit code 2. Build might be incomplete.
17:13:44 **** Incremental Build of configuration Debug for project LCD_TOUCH_out ****
make -j7 all 
arm-none-eabi-gcc "../Core/Src/main.c" -mcpu=cortex-m4 -std=gnu11 -g3 -DDEBUG -DUSE_HAL_DRIVER -DSTM32L4R5xx -c -I../Core/Inc -I../Drivers/STM32L4xx_HAL_Driver/Inc -I../Drivers/STM32L4xx_HAL_Driver/Inc/Legacy -I../Drivers/CMSIS/Device/ST/STM32L4xx/Include -I../Drivers/CMSIS/Include -O0 -ffunction-sections -fdata-sections -Wall -fstack-usage -fcyclomatic-complexity -MMD -MP -MF"Core/Src/main.d" -MT"Core/Src/main.o" --specs=nano.specs -mfpu=fpv4-sp-d16 -mfloat-abi=hard -mthumb -o "Core/Src/main.o"
../Core/Src/main.c:65:10: warning: "/*" within comment [-Wcomment]
   65 |         //*(__IO uint8_t *)(0x60000000) = com;
      |           
../Core/Src/main.c:85:10: warning: "/*" within comment [-Wcomment]
   85 |         //*(__IO uint8_t *)(0x60000000) = com;
      |           
../Core/Src/main.c: In function 'main':
../Core/Src/main.c:112:17: warning: unused variable 'y' [-Wunused-variable]
  112 |         int16_t y;
      |                 ^
../Core/Src/main.c:111:17: warning: unused variable 'x' [-Wunused-variable]
  111 |         int16_t x;
      |                 ^
arm-none-eabi-gcc -o "LCD_TOUCH_out.elf" @"objects.list"   -mcpu=cortex-m4 -T"/Users/zawad/Documents/EECS373/project/LCD_TOUCH_out/STM32L4R5ZITXP_FLASH.ld" --specs=nosys.specs -Wl,-Map="LCD_TOUCH_out.map" -Wl,--gc-sections -static --specs=nano.specs -mfpu=fpv4-sp-d16 -mfloat-abi=hard -mthumb -Wl,--start-group -lc -lm -Wl,--end-group
/Applications/STM32CubeIDE.app/Contents/Eclipse/plugins/com.st.stm32cube.ide.mcu.externaltools.gnu-tools-for-stm32.12.3.rel1.macos64_1.0.100.202403111906/tools/bin/../lib/gcc/arm-none-eabi/12.3.1/../../../../arm-none-eabi/bin/ld: warning: LCD_TOUCH_out.elf has a LOAD segment with RWX permissions
Finished building target: LCD_TOUCH_out.elf
 
arm-none-eabi-size  LCD_TOUCH_out.elf 
arm-none-eabi-objdump -h -S LCD_TOUCH_out.elf  > "LCD_TOUCH_out.list"
   text	   data	    bss	    dec	    hex	filename
  17612	    104	   2128	  19844	   4d84	LCD_TOUCH_out.elf
Finished building: default.size.stdout
 
Finished building: LCD_TOUCH_out.list
 
17:14:09 **** Incremental Build of configuration Debug for project LCD_TOUCH_out ****
make -j7 all 
arm-none-eabi-gcc "../Core/Src/main.c" -mcpu=cortex-m4 -std=gnu11 -g3 -DDEBUG -DUSE_HAL_DRIVER -DSTM32L4R5xx -c -I../Core/Inc -I../Drivers/STM32L4xx_HAL_Driver/Inc -I../Drivers/STM32L4xx_HAL_Driver/Inc/Legacy -I../Drivers/CMSIS/Device/ST/STM32L4xx/Include -I../Drivers/CMSIS/Include -O0 -ffunction-sections -fdata-sections -Wall -fstack-usage -fcyclomatic-complexity -MMD -MP -MF"Core/Src/main.d" -MT"Core/Src/main.o" --specs=nano.specs -mfpu=fpv4-sp-d16 -mfloat-abi=hard -mthumb -o "Core/Src/main.o"
../Core/Src/main.c:65:10: warning: "/*" within comment [-Wcomment]
   65 |         //*(__IO uint8_t *)(0x60000000) = com;
      |           
../Core/Src/main.c:85:10: warning: "/*" within comment [-Wcomment]
   85 |         //*(__IO uint8_t *)(0x60000000) = com;
      |           
../Core/Src/main.c: In function 'main':
../Core/Src/main.c:112:17: warning: unused variable 'y' [-Wunused-variable]
  112 |         int16_t y;
      |                 ^
../Core/Src/main.c:111:17: warning: unused variable 'x' [-Wunused-variable]
  111 |         int16_t x;
      |                 ^
arm-none-eabi-gcc -o "LCD_TOUCH_out.elf" @"objects.list"   -mcpu=cortex-m4 -T"/Users/zawad/Documents/EECS373/project/LCD_TOUCH_out/STM32L4R5ZITXP_FLASH.ld" --specs=nosys.specs -Wl,-Map="LCD_TOUCH_out.map" -Wl,--gc-sections -static --specs=nano.specs -mfpu=fpv4-sp-d16 -mfloat-abi=hard -mthumb -Wl,--start-group -lc -lm -Wl,--end-group
/Applications/STM32CubeIDE.app/Contents/Eclipse/plugins/com.st.stm32cube.ide.mcu.externaltools.gnu-tools-for-stm32.12.3.rel1.macos64_1.0.100.202403111906/tools/bin/../lib/gcc/arm-none-eabi/12.3.1/../../../../arm-none-eabi/bin/ld: warning: LCD_TOUCH_out.elf has a LOAD segment with RWX permissions
Finished building target: LCD_TOUCH_out.elf
 
arm-none-eabi-size  LCD_TOUCH_out.elf 
arm-none-eabi-objdump -h -S LCD_TOUCH_out.elf  > "LCD_TOUCH_out.list"
   text	   data	    bss	    dec	    hex	filename
  17636	    104	   2128	  19868	   4d9c	LCD_TOUCH_out.elf
Finished building: default.size.stdout
 
Finished building: LCD_TOUCH_out.list
 
17:20:48 **** Incremental Build of configuration Debug for project LCD_TOUCH_out ****
make -j7 all 
arm-none-eabi-gcc "../Core/Src/main.c" -mcpu=cortex-m4 -std=gnu11 -g3 -DDEBUG -DUSE_HAL_DRIVER -DSTM32L4R5xx -c -I../Core/Inc -I../Drivers/STM32L4xx_HAL_Driver/Inc -I../Drivers/STM32L4xx_HAL_Driver/Inc/Legacy -I../Drivers/CMSIS/Device/ST/STM32L4xx/Include -I../Drivers/CMSIS/Include -O0 -ffunction-sections -fdata-sections -Wall -fstack-usage -fcyclomatic-complexity -MMD -MP -MF"Core/Src/main.d" -MT"Core/Src/main.o" --specs=nano.specs -mfpu=fpv4-sp-d16 -mfloat-abi=hard -mthumb -o "Core/Src/main.o"
../Core/Src/main.c:65:10: warning: "/*" within comment [-Wcomment]
   65 |         //*(__IO uint8_t *)(0x60000000) = com;
      |           
../Core/Src/main.c:85:10: warning: "/*" within comment [-Wcomment]
   85 |         //*(__IO uint8_t *)(0x60000000) = com;
      |           
../Core/Src/main.c: In function 'main':
../Core/Src/main.c:112:17: warning: unused variable 'y' [-Wunused-variable]
  112 |         int16_t y;
      |                 ^
../Core/Src/main.c:111:17: warning: unused variable 'x' [-Wunused-variable]
  111 |         int16_t x;
      |                 ^
arm-none-eabi-gcc -o "LCD_TOUCH_out.elf" @"objects.list"   -mcpu=cortex-m4 -T"/Users/zawad/Documents/EECS373/project/LCD_TOUCH_out/STM32L4R5ZITXP_FLASH.ld" --specs=nosys.specs -Wl,-Map="LCD_TOUCH_out.map" -Wl,--gc-sections -static --specs=nano.specs -mfpu=fpv4-sp-d16 -mfloat-abi=hard -mthumb -Wl,--start-group -lc -lm -Wl,--end-group
/Applications/STM32CubeIDE.app/Contents/Eclipse/plugins/com.st.stm32cube.ide.mcu.externaltools.gnu-tools-for-stm32.12.3.rel1.macos64_1.0.100.202403111906/tools/bin/../lib/gcc/arm-none-eabi/12.3.1/../../../../arm-none-eabi/bin/ld: warning: LCD_TOUCH_out.elf has a LOAD segment with RWX permissions
Finished building target: LCD_TOUCH_out.elf
 
arm-none-eabi-size  LCD_TOUCH_out.elf 
arm-none-eabi-objdump -h -S LCD_TOUCH_out.elf  > "LCD_TOUCH_out.list"
   text	   data	    bss	    dec	    hex	filename
  17276	    104	   2128	  19508	   4c34	LCD_TOUCH_out.elf
Finished building: default.size.stdout
 
Finished building: LCD_TOUCH_out.list
 
17:22:01 **** Incremental Build of configuration Debug for project LCD_TOUCH_out ****
make -j7 all 
arm-none-eabi-gcc "../Core/Src/main.c" -mcpu=cortex-m4 -std=gnu11 -g3 -DDEBUG -DUSE_HAL_DRIVER -DSTM32L4R5xx -c -I../Core/Inc -I../Drivers/STM32L4xx_HAL_Driver/Inc -I../Drivers/STM32L4xx_HAL_Driver/Inc/Legacy -I../Drivers/CMSIS/Device/ST/STM32L4xx/Include -I../Drivers/CMSIS/Include -O0 -ffunction-sections -fdata-sections -Wall -fstack-usage -fcyclomatic-complexity -MMD -MP -MF"Core/Src/main.d" -MT"Core/Src/main.o" --specs=nano.specs -mfpu=fpv4-sp-d16 -mfloat-abi=hard -mthumb -o "Core/Src/main.o"
../Core/Src/main.c:65:10: warning: "/*" within comment [-Wcomment]
   65 |         //*(__IO uint8_t *)(0x60000000) = com;
      |           
../Core/Src/main.c:85:10: warning: "/*" within comment [-Wcomment]
   85 |         //*(__IO uint8_t *)(0x60000000) = com;
      |           
../Core/Src/main.c: In function 'main':
../Core/Src/main.c:112:17: warning: unused variable 'y' [-Wunused-variable]
  112 |         int16_t y;
      |                 ^
../Core/Src/main.c:111:17: warning: unused variable 'x' [-Wunused-variable]
  111 |         int16_t x;
      |                 ^
arm-none-eabi-gcc -o "LCD_TOUCH_out.elf" @"objects.list"   -mcpu=cortex-m4 -T"/Users/zawad/Documents/EECS373/project/LCD_TOUCH_out/STM32L4R5ZITXP_FLASH.ld" --specs=nosys.specs -Wl,-Map="LCD_TOUCH_out.map" -Wl,--gc-sections -static --specs=nano.specs -mfpu=fpv4-sp-d16 -mfloat-abi=hard -mthumb -Wl,--start-group -lc -lm -Wl,--end-group
/Applications/STM32CubeIDE.app/Contents/Eclipse/plugins/com.st.stm32cube.ide.mcu.externaltools.gnu-tools-for-stm32.12.3.rel1.macos64_1.0.100.202403111906/tools/bin/../lib/gcc/arm-none-eabi/12.3.1/../../../../arm-none-eabi/bin/ld: warning: LCD_TOUCH_out.elf has a LOAD segment with RWX permissions
Finished building target: LCD_TOUCH_out.elf
 
arm-none-eabi-size  LCD_TOUCH_out.elf 
arm-none-eabi-objdump -h -S LCD_TOUCH_out.elf  > "LCD_TOUCH_out.list"
   text	   data	    bss	    dec	    hex	filename
  17300	    104	   2128	  19532	   4c4c	LCD_TOUCH_out.elf
Finished building: default.size.stdout
 
Finished building: LCD_TOUCH_out.list
 
17:41:12 **** Incremental Build of configuration Debug for project LCD_TOUCH_out ****
make -j7 all 
arm-none-eabi-gcc "../Core/Src/main.c" -mcpu=cortex-m4 -std=gnu11 -g3 -DDEBUG -DUSE_HAL_DRIVER -DSTM32L4R5xx -c -I../Core/Inc -I../Drivers/STM32L4xx_HAL_Driver/Inc -I../Drivers/STM32L4xx_HAL_Driver/Inc/Legacy -I../Drivers/CMSIS/Device/ST/STM32L4xx/Include -I../Drivers/CMSIS/Include -O0 -ffunction-sections -fdata-sections -Wall -fstack-usage -fcyclomatic-complexity -MMD -MP -MF"Core/Src/main.d" -MT"Core/Src/main.o" --specs=nano.specs -mfpu=fpv4-sp-d16 -mfloat-abi=hard -mthumb -o "Core/Src/main.o"
../Core/Src/main.c:65:10: warning: "/*" within comment [-Wcomment]
   65 |         //*(__IO uint8_t *)(0x60000000) = com;
      |           
../Core/Src/main.c:85:10: warning: "/*" within comment [-Wcomment]
   85 |         //*(__IO uint8_t *)(0x60000000) = com;
      |           
../Core/Src/main.c: In function 'main':
../Core/Src/main.c:336:28: error: too many arguments to function 'getX'
  336 |                   touchX = getX(XPT2046_ADDR_X);
      |                            ^~~~
In file included from ../Core/Inc/main.h:35,
                 from ../Core/Src/main.c:20:
../Core/Inc/xpt2046.h:34:10: note: declared here
   34 | uint16_t getX(void);
      |          ^~~~
../Core/Src/main.c:337:28: error: too many arguments to function 'getY'
  337 |                   touchY = getY(XPT2046_ADDR_Y);
      |                            ^~~~
[...]
/Applications/STM32CubeIDE.app/Contents/Eclipse/plugins/com.st.stm32cube.ide.mcu.externaltools.gnu-tools-for-stm32.12.3.rel1.macos64_1.0.100.202403111906/tools/bin/../lib/gcc/arm-none-eabi/12.3.1/../../../../arm-none-eabi/bin/ld: ./Core/Src/ds1307.o:/Users/zawad/Documents/EECS373/project/Integration/Debug/../Core/Inc/Pills.h:13: multiple definition of `numPills'; ./Core/Src/Pills.o:/Users/zawad/Documents/EECS373/project/Integration/Debug/../Core/Inc/Pills.h:13: first defined here
/Applications/STM32CubeIDE.app/Contents/Eclipse/plugins/com.st.stm32cube.ide.mcu.externaltools.gnu-tools-for-stm32.12.3.rel1.macos64_1.0.100.202403111906/tools/bin/../lib/gcc/arm-none-eabi/12.3.1/../../../../arm-none-eabi/bin/ld: ./Core/Src/ili9488.o:/Users/zawad/Documents/EECS373/project/Integration/Debug/../Core/Inc/Pills.h:13: multiple definition of `numPills'; ./Core/Src/Pills.o:/Users/zawad/Documents/EECS373/project/Integration/Debug/../Core/Inc/Pills.h:13: first defined here
/Applications/STM32CubeIDE.app/Contents/Eclipse/plugins/com.st.stm32cube.ide.mcu.externaltools.gnu-tools-for-stm32.12.3.rel1.macos64_1.0.100.202403111906/tools/bin/../lib/gcc/arm-none-eabi/12.3.1/../../../../arm-none-eabi/bin/ld: ./Core/Src/main.o:/Users/zawad/Documents/EECS373/project/Integration/Debug/../Core/Inc/Pills.h:13: multiple definition of `numPills'; ./Core/Src/Pills.o:/Users/zawad/Documents/EECS373/project/Integration/Debug/../Core/Inc/Pills.h:13: first defined here
/Applications/STM32CubeIDE.app/Contents/Eclipse/plugins/com.st.stm32cube.ide.mcu.externaltools.gnu-tools-for-stm32.12.3.rel1.macos64_1.0.100.202403111906/tools/bin/../lib/gcc/arm-none-eabi/12.3.1/../../../../arm-none-eabi/bin/ld: ./Core/Src/stm32l4xx_hal_msp.o:/Users/zawad/Documents/EECS373/project/Integration/Debug/../Core/Inc/Pills.h:13: multiple definition of `numPills'; ./Core/Src/Pills.o:/Users/zawad/Documents/EECS373/project/Integration/Debug/../Core/Inc/Pills.h:13: first defined here
/Applications/STM32CubeIDE.app/Contents/Eclipse/plugins/com.st.stm32cube.ide.mcu.externaltools.gnu-tools-for-stm32.12.3.rel1.macos64_1.0.100.202403111906/tools/bin/../lib/gcc/arm-none-eabi/12.3.1/../../../../arm-none-eabi/bin/ld: ./Core/Src/stm32l4xx_it.o:/Users/zawad/Documents/EECS373/project/Integration/Debug/../Core/Inc/Pills.h:13: multiple definition of `numPills'; ./Core/Src/Pills.o:/Users/zawad/Documents/EECS373/project/Integration/Debug/../Core/Inc/Pills.h:13: first defined here
/Applications/STM32CubeIDE.app/Contents/Eclipse/plugins/com.st.stm32cube.ide.mcu.externaltools.gnu-tools-for-stm32.12.3.rel1.macos64_1.0.100.202403111906/tools/bin/../lib/gcc/arm-none-eabi/12.3.1/../../../../arm-none-eabi/bin/ld: ./Core/Src/xpt2046.o:/Users/zawad/Documents/EECS373/project/Integration/Debug/../Core/Inc/Pills.h:13: multiple definition of `numPills'; ./Core/Src/Pills.o:/Users/zawad/Documents/EECS373/project/Integration/Debug/../Core/Inc/Pills.h:13: first defined here
/Applications/STM32CubeIDE.app/Contents/Eclipse/plugins/com.st.stm32cube.ide.mcu.externaltools.gnu-tools-for-stm32.12.3.rel1.macos64_1.0.100.202403111906/tools/bin/../lib/gcc/arm-none-eabi/12.3.1/../../../../arm-none-eabi/bin/ld: warning: Integration.elf has a LOAD segment with RWX permissions
/Applications/STM32CubeIDE.app/Contents/Eclipse/plugins/com.st.stm32cube.ide.mcu.externaltools.gnu-tools-for-stm32.12.3.rel1.macos64_1.0.100.202403111906/tools/bin/../lib/gcc/arm-none-eabi/12.3.1/../../../../arm-none-eabi/bin/ld: ./Core/Src/main.o: in function `main':
/Users/zawad/Documents/EECS373/project/Integration/Debug/../Core/Src/main.c:141: undefined reference to `pillsInit'
collect2: error: ld returned 1 exit status
make: *** [makefile:64: Integration.elf] Error 1
"make -j7 all" terminated with exit code 2. Build might be incomplete.
00:13:49 **** Incremental Build of configuration Debug for project Integration ****
make -j7 all 
arm-none-eabi-gcc "../Core/Src/main.c" -mcpu=cortex-m4 -std=gnu11 -g3 -DDEBUG -DUSE_HAL_DRIVER -DSTM32L4R5xx -c -I../Core/Inc -I../Drivers/STM32L4xx_HAL_Driver/Inc -I../Drivers/STM32L4xx_HAL_Driver/Inc/Legacy -I../Drivers/CMSIS/Device/ST/STM32L4xx/Include -I../Drivers/CMSIS/Include -O0 -ffunction-sections -fdata-sections -Wall -fstack-usage -fcyclomatic-complexity -MMD -MP -MF"Core/Src/main.d" -MT"Core/Src/main.o" --specs=nano.specs -mfpu=fpv4-sp-d16 -mfloat-abi=hard -mthumb -o "Core/Src/main.o"
In file included from ../Core/Src/main.c:20:
../Core/Inc/main.h:38:19: warning: extra tokens at end of #include directive
   38 | #include "Pills.h";
      |                   ^
../Core/Src/main.c: In function 'main':
../Core/Src/main.c:141:9: warning: implicit declaration of function 'pillsinit' [-Wimplicit-function-declaration]
  141 |         pillsinit();
      |         ^~~~~~~~~
../Core/Src/main.c:81:17: warning: unused variable 'y' [-Wunused-variable]
   81 |         int16_t y;
      |                 ^
../Core/Src/main.c:80:17: warning: unused variable 'x' [-Wunused-variable]
   80 |         int16_t x;
      |                 ^
arm-none-eabi-gcc -o "Integration.elf" @"objects.list"   -mcpu=cortex-m4 -T"/Users/zawad/Documents/EECS373/project/Integration/STM32L4R5ZITXP_FLASH.ld" --specs=nosys.specs -Wl,-Map="Integration.map" -Wl,--gc-sections -static --specs=nano.specs -mfpu=fpv4-sp-d16 -mfloat-abi=hard -mthumb -Wl,--start-group -lc -lm -Wl,--end-group
/Applications/STM32CubeIDE.app/Contents/Eclipse/plugins/com.st.stm32cube.ide.mcu.externaltools.gnu-tools-for-stm32.12.3.rel1.macos64_1.0.100.202403111906/tools/bin/../lib/gcc/arm-none-eabi/12.3.1/../../../../arm-none-eabi/bin/ld: ./Core/Src/Screens.o:/Users/zawad/Documents/EECS373/project/Integration/Debug/../Core/Inc/Pills.h:13: multiple definition of `numPills'; ./Core/Src/Pills.o:/Users/zawad/Documents/EECS373/project/Integration/Debug/../Core/Inc/Pills.h:13: first defined here
/Applications/STM32CubeIDE.app/Contents/Eclipse/plugins/com.st.stm32cube.ide.mcu.externaltools.gnu-tools-for-stm32.12.3.rel1.macos64_1.0.100.202403111906/tools/bin/../lib/gcc/arm-none-eabi/12.3.1/../../../../arm-none-eabi/bin/ld: ./Core/Src/ds1307.o:/Users/zawad/Documents/EECS373/project/Integration/Debug/../Core/Inc/Pills.h:13: multiple definition of `numPills'; ./Core/Src/Pills.o:/Users/zawad/Documents/EECS373/project/Integration/Debug/../Core/Inc/Pills.h:13: first defined here
/Applications/STM32CubeIDE.app/Contents/Eclipse/plugins/com.st.stm32cube.ide.mcu.externaltools.gnu-tools-for-stm32.12.3.rel1.macos64_1.0.100.202403111906/tools/bin/../lib/gcc/arm-none-eabi/12.3.1/../../../../arm-none-eabi/bin/ld: ./Core/Src/ili9488.o:/Users/zawad/Documents/EECS373/project/Integration/Debug/../Core/Inc/Pills.h:13: multiple definition of `numPills'; ./Core/Src/Pills.o:/Users/zawad/Documents/EECS373/project/Integration/Debug/../Core/Inc/Pills.h:13: first defined here
/Applications/STM32CubeIDE.app/Contents/Eclipse/plugins/com.st.stm32cube.ide.mcu.externaltools.gnu-tools-for-stm32.12.3.rel1.macos64_1.0.100.202403111906/tools/bin/../lib/gcc/arm-none-eabi/12.3.1/../../../../arm-none-eabi/bin/ld: ./Core/Src/main.o:/Users/zawad/Documents/EECS373/project/Integration/Debug/../Core/Inc/Pills.h:13: multiple definition of `numPills'; ./Core/Src/Pills.o:/Users/zawad/Documents/EECS373/project/Integration/Debug/../Core/Inc/Pills.h:13: first defined here
/Applications/STM32CubeIDE.app/Contents/Eclipse/plugins/com.st.stm32cube.ide.mcu.externaltools.gnu-tools-for-stm32.12.3.rel1.macos64_1.0.100.202403111906/tools/bin/../lib/gcc/arm-none-eabi/12.3.1/../../../../arm-none-eabi/bin/ld: ./Core/Src/stm32l4xx_hal_msp.o:/Users/zawad/Documents/EECS373/project/Integration/Debug/../Core/Inc/Pills.h:13: multiple definition of `numPills'; ./Core/Src/Pills.o:/Users/zawad/Documents/EECS373/project/Integration/Debug/../Core/Inc/Pills.h:13: first defined here
/Applications/STM32CubeIDE.app/Contents/Eclipse/plugins/com.st.stm32cube.ide.mcu.externaltools.gnu-tools-for-stm32.12.3.rel1.macos64_1.0.100.202403111906/tools/bin/../lib/gcc/arm-none-eabi/12.3.1/../../../../arm-none-eabi/bin/ld: ./Core/Src/stm32l4xx_it.o:/Users/zawad/Documents/EECS373/project/Integration/Debug/../Core/Inc/Pills.h:13: multiple definition of `numPills'; ./Core/Src/Pills.o:/Users/zawad/Documents/EECS373/project/Integration/Debug/../Core/Inc/Pills.h:13: first defined here
/Applications/STM32CubeIDE.app/Contents/Eclipse/plugins/com.st.stm32cube.ide.mcu.externaltools.gnu-tools-for-stm32.12.3.rel1.macos64_1.0.100.202403111906/tools/bin/../lib/gcc/arm-none-eabi/12.3.1/../../../../arm-none-eabi/bin/ld: ./Core/Src/xpt2046.o:/Users/zawad/Documents/EECS373/project/Integration/Debug/../Core/Inc/Pills.h:13: multiple definition of `numPills'; ./Core/Src/Pills.o:/Users/zawad/Documents/EECS373/project/Integration/Debug/../Core/Inc/Pills.h:13: first defined here
/Applications/STM32CubeIDE.app/Contents/Eclipse/plugins/com.st.stm32cube.ide.mcu.externaltools.gnu-tools-for-stm32.12.3.rel1.macos64_1.0.100.202403111906/tools/bin/../lib/gcc/arm-none-eabi/12.3.1/../../../../arm-none-eabi/bin/ld: warning: Integration.elf has a LOAD segment with RWX permissions
collect2: error: ld returned 1 exit status
make: *** [makefile:64: Integration.elf] Error 1
"make -j7 all" terminated with exit code 2. Build might be incomplete.
00:19:10 **** Incremental Build of configuration Debug for project Integration ****
make -j7 all 
arm-none-eabi-gcc "../Core/Src/Pills.c" -mcpu=cortex-m4 -std=gnu11 -g3 -DDEBUG -DUSE_HAL_DRIVER -DSTM32L4R5xx -c -I../Core/Inc -I../Drivers/STM32L4xx_HAL_Driver/Inc -I../Drivers/STM32L4xx_HAL_Driver/Inc/Legacy -I../Drivers/CMSIS/Device/ST/STM32L4xx/Include -I../Drivers/CMSIS/Include -O0 -ffunction-sections -fdata-sections -Wall -fstack-usage -fcyclomatic-complexity -MMD -MP -MF"Core/Src/Pills.d" -MT"Core/Src/Pills.o" --specs=nano.specs -mfpu=fpv4-sp-d16 -mfloat-abi=hard -mthumb -o "Core/Src/Pills.o"
arm-none-eabi-gcc "../Core/Src/Screens.c" -mcpu=cortex-m4 -std=gnu11 -g3 -DDEBUG -DUSE_HAL_DRIVER -DSTM32L4R5xx -c -I../Core/Inc -I../Drivers/STM32L4xx_HAL_Driver/Inc -I../Drivers/STM32L4xx_HAL_Driver/Inc/Legacy -I../Drivers/CMSIS/Device/ST/STM32L4xx/Include -I../Drivers/CMSIS/Include -O0 -ffunction-sections -fdata-sections -Wall -fstack-usage -fcyclomatic-complexity -MMD -MP -MF"Core/Src/Screens.d" -MT"Core/Src/Screens.o" --specs=nano.specs -mfpu=fpv4-sp-d16 -mfloat-abi=hard -mthumb -o "Core/Src/Screens.o"
arm-none-eabi-gcc "../Core/Src/ds1307.c" -mcpu=cortex-m4 -std=gnu11 -g3 -DDEBUG -DUSE_HAL_DRIVER -DSTM32L4R5xx -c -I../Core/Inc -I../Drivers/STM32L4xx_HAL_Driver/Inc -I../Drivers/STM32L4xx_HAL_Driver/Inc/Legacy -I../Drivers/CMSIS/Device/ST/STM32L4xx/Include -I../Drivers/CMSIS/Include -O0 -ffunction-sections -fdata-sections -Wall -fstack-usage -fcyclomatic-complexity -MMD -MP -MF"Core/Src/ds1307.d" -MT"Core/Src/ds1307.o" --specs=nano.specs -mfpu=fpv4-sp-d16 -mfloat-abi=hard -mthumb -o "Core/Src/ds1307.o"
arm-none-eabi-gcc "../Core/Src/ili9488.c" -mcpu=cortex-m4 -std=gnu11 -g3 -DDEBUG -DUSE_HAL_DRIVER -DSTM32L4R5xx -c -I../Core/Inc -I../Drivers/STM32L4xx_HAL_Driver/Inc -I../Drivers/STM32L4xx_HAL_Driver/Inc/Legacy -I../Drivers/CMSIS/Device/ST/STM32L4xx/Include -I../Drivers/CMSIS/Include -O0 -ffunction-sections -fdata-sections -Wall -fstack-usage -fcyclomatic-complexity -MMD -MP -MF"Core/Src/ili9488.d" -MT"Core/Src/ili9488.o" --specs=nano.specs -mfpu=fpv4-sp-d16 -mfloat-abi=hard -mthumb -o "Core/Src/ili9488.o"
arm-none-eabi-gcc "../Core/Src/main.c" -mcpu=cortex-m4 -std=gnu11 -g3 -DDEBUG -DUSE_HAL_DRIVER -DSTM32L4R5xx -c -I../Core/Inc -I../Drivers/STM32L4xx_HAL_Driver/Inc -I../Drivers/STM32L4xx_HAL_Driver/Inc/Legacy -I../Drivers/CMSIS/Device/ST/STM32L4xx/Include -I../Drivers/CMSIS/Include -O0 -ffunction-sections -fdata-sections -Wall -fstack-usage -fcyclomatic-complexity -MMD -MP -MF"Core/Src/main.d" -MT"Core/Src/main.o" --specs=nano.specs -mfpu=fpv4-sp-d16 -mfloat-abi=hard -mthumb -o "Core/Src/main.o"
arm-none-eabi-gcc "../Core/Src/stm32l4xx_hal_msp.c" -mcpu=cortex-m4 -std=gnu11 -g3 -DDEBUG -DUSE_HAL_DRIVER -DSTM32L4R5xx -c -I../Core/Inc -I../Drivers/STM32L4xx_HAL_Driver/Inc -I../Drivers/STM32L4xx_HAL_Driver/Inc/Legacy -I../Drivers/CMSIS/Device/ST/STM32L4xx/Include -I../Drivers/CMSIS/Include -O0 -ffunction-sections -fdata-sections -Wall -fstack-usage -fcyclomatic-complexity -MMD -MP -MF"Core/Src/stm32l4xx_hal_msp.d" -MT"Core/Src/stm32l4xx_hal_msp.o" --specs=nano.specs -mfpu=fpv4-sp-d16 -mfloat-abi=hard -mthumb -o "Core/Src/stm32l4xx_hal_msp.o"
arm-none-eabi-gcc "../Core/Src/stm32l4xx_it.c" -mcpu=cortex-m4 -std=gnu11 -g3 -DDEBUG -DUSE_HAL_DRIVER -DSTM32L4R5xx -c -I../Core/Inc -I../Drivers/STM32L4xx_HAL_Driver/Inc -I../Drivers/STM32L4xx_HAL_Driver/Inc/Legacy -I../Drivers/CMSIS/Device/ST/STM32L4xx/Include -I../Drivers/CMSIS/Include -O0 -ffunction-sections -fdata-sections -Wall -fstack-usage -fcyclomatic-complexity -MMD -MP -MF"Core/Src/stm32l4xx_it.d" -MT"Core/Src/stm32l4xx_it.o" --specs=nano.specs -mfpu=fpv4-sp-d16 -mfloat-abi=hard -mthumb -o "Core/Src/stm32l4xx_it.o"
In file included from ../Core/Inc/ili9488.h:15,
                 from ../Core/Src/ili9488.c:7:
../Core/Inc/main.h:38:19: warning: extra tokens at end of #include directive
   38 | #include "Pills.h";
      |                   ^
In file included from ../Core/Inc/ili9488.h:15,
                 from ../Core/Inc/Screens.h:11,
                 from ../Core/Src/Screens.c:7:
../Core/Inc/main.h:38:19: warning: extra tokens at end of #include directive
   38 | #include "Pills.h";
      |                   ^
../Core/Src/ili9488.c: In function 'WaitLastData':
../Core/Src/ili9488.c:358:9: warning: this 'while' clause does not guard... [-Wmisleading-indentation]
  358 |         while(!(SPI1->SR & SPI_SR_TXE));
      |         ^~~~~
../Core/Src/ili9488.c:359:17: note: ...this statement, but the latter is misleadingly indented as if it were guarded by the 'while'
  359 |                 while(SPI1->SR & SPI_SR_BSY);
      |                 ^~~~~
In file included from ../Core/Src/main.c:20:
../Core/Inc/main.h:38:19: warning: extra tokens at end of #include directive
   38 | #include "Pills.h";
      |                   ^
In file included from ../Core/Src/stm32l4xx_hal_msp.c:22:
../Core/Inc/main.h:38:19: warning: extra tokens at end of #include directive
   38 | #include "Pills.h";
      |                   ^
In file included from ../Core/Inc/ds1307.h:5,
                 from ../Core/Src/ds1307.c:3:
../Core/Inc/main.h:38:19: warning: extra tokens at end of #include directive
   38 | #include "Pills.h";
      |                   ^
In file included from ../Core/Src/stm32l4xx_it.c:21:
../Core/Inc/main.h:38:19: warning: extra tokens at end of #include directive
   38 | #include "Pills.h";
      |                   ^
../Core/Src/ili9488.c: In function 'ILI9488_printText':
../Core/Src/main.c: In function 'main':
../Core/Src/main.c:141:9: warning: implicit declaration of function 'pillsinit' [-Wimplicit-function-declaration]
  141 |         pillsinit();
      |         ^~~~~~~~~
../Core/Src/ili9488.c:941:42: warning: comparison between pointer and integer
  941 |         for(uint16_t i=0; i<40 && text[i]!=NULL; i++)
      |                                          ^~
../Core/Src/main.c:81:17: warning: unused variable 'y' [-Wunused-variable]
   81 |         int16_t y;
      |                 ^
../Core/Src/main.c:80:17: warning: unused variable 'x' [-Wunused-variable]
   80 |         int16_t x;
      |                 ^
../Core/Src/ili9488.c: In function 'testLines':
../Core/Src/ili9488.c:949:30: warning: unused variable 't' [-Wunused-variable]
  949 |         unsigned long start, t;
      |                              ^
../Core/Src/ili9488.c:949:23: warning: unused variable 'start' [-Wunused-variable]
  949 |         unsigned long start, t;
      |                       ^~~~~
In file included from ../Core/Inc/main.h:38:
../Core/Inc/Pills.h:13:16: warning: 'numPills' defined but not used [-Wunused-variable]
   13 | static uint8_t numPills;
      |                ^~~~~~~~
In file included from ../Core/Inc/main.h:38:
../Core/Inc/Pills.h:13:16: warning: 'numPills' defined but not used [-Wunused-variable]
   13 | static uint8_t numPills;
      |                ^~~~~~~~
In file included from ../Core/Inc/main.h:38:
../Core/Inc/Pills.h:13:16: warning: 'numPills' defined but not used [-Wunused-variable]
   13 | static uint8_t numPills;
      |                ^~~~~~~~
In file included from ../Core/Inc/main.h:38:
../Core/Inc/Pills.h: At top level:
../Core/Inc/Pills.h:13:16: warning: 'numPills' defined but not used [-Wunused-variable]
   13 | static uint8_t numPills;
      |                ^~~~~~~~
../Core/Src/Screens.c: In function 'authenticate':
../Core/Src/Screens.c:14:12: warning: implicit declaration of function 'drawCharTest'; did you mean 'drawChar'? [-Wimplicit-function-declaration]
   14 |            drawCharTest(130, 55, '1', ILI9488_WHITE,ILI9488_RED, 3);
      |            ^~~~~~~~~~~~
      |            drawChar
../Core/Src/Screens.c: In function 'Dispense':
../Core/Src/Screens.c:213:33: warning: initializer-string for array of 'char' is too long
  213 |         char success_msg [10] = "Dispensing...";
      |                                 ^~~~~~~~~~~~~~~
../Core/Src/ili9488.c: At top level:
../Core/Src/ili9488.c:23:17: warning: 'tftRESET_PIN' defined but not used [-Wunused-variable]
   23 | static uint16_t tftRESET_PIN;
      |                 ^~~~~~~~~~~~
../Core/Src/ili9488.c:22:23: warning: 'tftRESET_GPIO' defined but not used [-Wunused-variable]
   22 | static GPIO_TypeDef  *tftRESET_GPIO;
      |                       ^~~~~~~~~~~~~
In file included from ../Core/Inc/main.h:38:
../Core/Inc/Pills.h:13:16: warning: 'numPills' defined but not used [-Wunused-variable]
   13 | static uint8_t numPills;
      |                ^~~~~~~~
In file included from ../Core/Inc/main.h:38:
../Core/Inc/Pills.h: At top level:
../Core/Inc/Pills.h:13:16: warning: 'numPills' defined but not used [-Wunused-variable]
   13 | static uint8_t numPills;
      |                ^~~~~~~~
arm-none-eabi-gcc "../Core/Src/xpt2046.c" -mcpu=cortex-m4 -std=gnu11 -g3 -DDEBUG -DUSE_HAL_DRIVER -DSTM32L4R5xx -c -I../Core/Inc -I../Drivers/STM32L4xx_HAL_Driver/Inc -I../Drivers/STM32L4xx_HAL_Driver/Inc/Legacy -I../Drivers/CMSIS/Device/ST/STM32L4xx/Include -I../Drivers/CMSIS/Include -O0 -ffunction-sections -fdata-sections -Wall -fstack-usage -fcyclomatic-complexity -MMD -MP -MF"Core/Src/xpt2046.d" -MT"Core/Src/xpt2046.o" --specs=nano.specs -mfpu=fpv4-sp-d16 -mfloat-abi=hard -mthumb -o "Core/Src/xpt2046.o"
In file included from ../Core/Inc/xpt2046.h:4,
                 from ../Core/Src/xpt2046.c:1:
../Core/Inc/main.h:38:19: warning: extra tokens at end of #include directive
   38 | #include "Pills.h";
      |                   ^
In file included from ../Core/Inc/main.h:38:
../Core/Inc/Pills.h:13:16: warning: 'numPills' defined but not used [-Wunused-variable]
   13 | static uint8_t numPills;
      |                ^~~~~~~~
arm-none-eabi-gcc -o "Integration.elf" @"objects.list"   -mcpu=cortex-m4 -T"/Users/zawad/Documents/EECS373/project/Integration/STM32L4R5ZITXP_FLASH.ld" --specs=nosys.specs -Wl,-Map="Integration.map" -Wl,--gc-sections -static --specs=nano.specs -mfpu=fpv4-sp-d16 -mfloat-abi=hard -mthumb -Wl,--start-group -lc -lm -Wl,--end-group
/Applications/STM32CubeIDE.app/Contents/Eclipse/plugins/com.st.stm32cube.ide.mcu.externaltools.gnu-tools-for-stm32.12.3.rel1.macos64_1.0.100.202403111906/tools/bin/../lib/gcc/arm-none-eabi/12.3.1/../../../../arm-none-eabi/bin/ld: warning: Integration.elf has a LOAD segment with RWX permissions
Finished building target: Integration.elf
 
arm-none-eabi-size  Integration.elf 
arm-none-eabi-objdump -h -S Integration.elf  > "Integration.list"
   text	   data	    bss	    dec	    hex	filename
  25704	     24	   3384	  29112	   71b8	Integration.elf
Finished building: default.size.stdout
 
Finished building: Integration.list
 
