00:19:10 **** Incremental Build of configuration Debug for project Integration ****
make -j7 all 
arm-none-eabi-gcc "../Core/Src/Pills.c" -mcpu=cortex-m4 -std=gnu11 -g3 -DDEBUG -DUSE_HAL_DRIVER -DSTM32L4R5xx -c -I../Core/Inc -I../Drivers/STM32L4xx_HAL_Driver/Inc -I../Drivers/STM32L4xx_HAL_Driver/Inc/Legacy -I../Drivers/CMSIS/Device/ST/STM32L4xx/Include -I../Drivers/CMSIS/Include -O0 -ffunction-sections -fdata-sections -Wall -fstack-usage -fcyclomatic-complexity -MMD -MP -MF"Core/Src/Pills.d" -MT"Core/Src/Pills.o" --specs=nano.specs -mfpu=fpv4-sp-d16 -mfloat-abi=hard -mthumb -o "Core/Src/Pills.o"
arm-none-eabi-gcc "../Core/Src/Screens.c" -mcpu=cortex-m4 -std=gnu11 -g3 -DDEBUG -DUSE_HAL_DRIVER -DSTM32L4R5xx -c -I../Core/Inc -I../Drivers/STM32L4xx_HAL_Driver/Inc -I../Drivers/STM32L4xx_HAL_Driver/Inc/Legacy -I../Drivers/CMSIS/Device/ST/STM32L4xx/Include -I../Drivers/CMSIS/Include -O0 -ffunction-sections -fdata-sections -Wall -fstack-usage -fcyclomatic-complexity -MMD -MP -MF"Core/Src/Screens.d" -MT"Core/Src/Screens.o" --specs=nano.specs -mfpu=fpv4-sp-d16 -mfloat-abi=hard -mthumb -o "Core/Src/Screens.o"
arm-none-eabi-gcc "../Core/Src/ds1307.c" -mcpu=cortex-m4 -std=gnu11 -g3 -DDEBUG -DUSE_HAL_DRIVER -DSTM32L4R5xx -c -I../Core/Inc -I../Drivers/STM32L4xx_HAL_Driver/Inc -I../Drivers/STM32L4xx_HAL_Driver/Inc/Legacy -I../Drivers/CMSIS/Device/ST/STM32L4xx/Include -I../Drivers/CMSIS/Include -O0 -ffunction-sections -fdata-sections -Wall -fstack-usage -fcyclomatic-complexity -MMD -MP -MF"Core/Src/ds1307.d" -MT"Core/Src/ds1307.o" --specs=nano.specs -mfpu=fpv4-sp-d16 -mfloat-abi=hard -mthumb -o "Core/Src/ds1307.o"
arm-none-eabi-gcc "../Core/Src/ili9488.c" -mcpu=cortex-m4 -std=gnu11 -g3 -DDEBUG -DUSE_HAL_DRIVER -DSTM32L4R5xx -c -I../Core/Inc -I../Drivers/STM32L4xx_HAL_Driver/Inc -I../Drivers/STM32L4xx_HAL_Driver/Inc/Legacy -I../Drivers/CMSIS/Device/ST/STM32L4xx/Include -I../Drivers/CMSIS/Include -O0 -ffunction-sections -fdata-sections -Wall -fstack-usage -fcyclomatic-complexity -MMD -MP -MF"Core/Src/ili9488.d" -MT"Core/Src/ili9488.o" --specs=nano.specs -mfpu=fpv4-sp-d16 -mfloat-abi=hard -mthumb -o "Core/Src/ili9488.o"
arm-none-eabi-gcc "../Core/Src/main.c" -mcpu=cortex-m4 -std=gnu11 -g3 -DDEBUG -DUSE_HAL_DRIVER -DSTM32L4R5xx -c -I../Core/Inc -I../Drivers/STM32L4xx_HAL_Driver/Inc -I../Drivers/STM32L4xx_HAL_Driver/Inc/Legacy -I../Drivers/CMSIS/Device/ST/STM32L4xx/Include -I../Drivers/CMSIS/Include -O0 -ffunction-sections -fdata-sections -Wall -fstack-usage -fcyclomatic-complexity -MMD -MP -MF"Core/Src/main.d" -MT"Core/Src/main.o" --specs=nano.specs -mfpu=fpv4-sp-d16 -mfloat-abi=hard -mthumb -o "Core/Src/main.o"
arm-none-eabi-gcc "../Core/Src/stm32l4xx_hal_msp.c" -mcpu=cortex-m4 -std=gnu11 -g3 -DDEBUG -DUSE_HAL_DRIVER -DSTM32L4R5xx -c -I../Core/Inc -I../Drivers/STM32L4xx_HAL_Driver/Inc -I../Drivers/STM32L4xx_HAL_Driver/Inc/Legacy -I../Drivers/CMSIS/Device/ST/STM32L4xx/Include -I../Drivers/CMSIS/Include -O0 -ffunction-sections -fdata-sections -Wall -fstack-usage -fcyclomatic-complexity -MMD -MP -MF"Core/Src/stm32l4xx_hal_msp.d" -MT"Core/Src/stm32l4xx_hal_msp.o" --specs=nano.specs -mfpu=fpv4-sp-d16 -mfloat-abi=hard -mthumb -o "Core/Src/stm32l4xx_hal_msp.o"
arm-none-eabi-gcc "../Core/Src/stm32l4xx_it.c" -mcpu=cortex-m4 -std=gnu11 -g3 -DDEBUG -DUSE_HAL_DRIVER -DSTM32L4R5xx -c -I../Core/Inc -I../Drivers/STM32L4xx_HAL_Driver/Inc -I../Drivers/STM32L4xx_HAL_Driver/Inc/Legacy -I../Drivers/CMSIS/Device/ST/STM32L4xx/Include -I../Drivers/CMSIS/Include -O0 -ffunction-sections -fdata-sections -Wall -fstack-usage -fcyclomatic-complexity -MMD -MP -MF"Core/Src/stm32l4xx_it.d" -MT"Core/Src/stm32l4xx_it.o" --specs=nano.specs -mfpu=fpv4-sp-d16 -mfloat-abi=hard -mthumb -o "Core/Src/stm32l4xx_it.o"
In file included from ../Core/Inc/ili9488.h:15,
                 from ../Core/Src/ili9488.c:7:
../Core/Inc/main.h:38:19: warning: extra tokens at end of #include directive
   38 | #include "Pills.h";
      |                   ^
In file included from ../Core/Inc/ili9488.h:15,
                 from ../Core/Inc/Screens.h:11,
                 from ../Core/Src/Screens.c:7:
../Core/Inc/main.h:38:19: warning: extra tokens at end of #include directive
   38 | #include "Pills.h";
      |                   ^
../Core/Src/ili9488.c: In function 'WaitLastData':
../Core/Src/ili9488.c:358:9: warning: this 'while' clause does not guard... [-Wmisleading-indentation]
  358 |         while(!(SPI1->SR & SPI_SR_TXE));
      |         ^~~~~
../Core/Src/ili9488.c:359:17: note: ...this statement, but the latter is misleadingly indented as if it were guarded by the 'while'
  359 |                 while(SPI1->SR & SPI_SR_BSY);
      |                 ^~~~~
In file included from ../Core/Src/main.c:20:
../Core/Inc/main.h:38:19: warning: extra tokens at end of #include directive
   38 | #include "Pills.h";
      |                   ^
In file included from ../Core/Src/stm32l4xx_hal_msp.c:22:
../Core/Inc/main.h:38:19: warning: extra tokens at end of #include directive
   38 | #include "Pills.h";
      |                   ^
In file included from ../Core/Inc/ds1307.h:5,
                 from ../Core/Src/ds1307.c:3:
../Core/Inc/main.h:38:19: warning: extra tokens at end of #include directive
   38 | #include "Pills.h";
      |                   ^
In file included from ../Core/Src/stm32l4xx_it.c:21:
../Core/Inc/main.h:38:19: warning: extra tokens at end of #include directive
   38 | #include "Pills.h";
      |                   ^
../Core/Src/ili9488.c: In function 'ILI9488_printText':
../Core/Src/main.c: In function 'main':
../Core/Src/main.c:141:9: warning: implicit declaration of function 'pillsinit' [-Wimplicit-function-declaration]
  141 |         pillsinit();
      |         ^~~~~~~~~
../Core/Src/ili9488.c:941:42: warning: comparison between pointer and integer
  941 |         for(uint16_t i=0; i<40 && text[i]!=NULL; i++)
      |                                          ^~
../Core/Src/main.c:81:17: warning: unused variable 'y' [-Wunused-variable]
   81 |         int16_t y;
      |                 ^
../Core/Src/main.c:80:17: warning: unused variable 'x' [-Wunused-variable]
   80 |         int16_t x;
      |                 ^
../Core/Src/ili9488.c: In function 'testLines':
../Core/Src/ili9488.c:949:30: warning: unused variable 't' [-Wunused-variable]
  949 |         unsigned long start, t;
      |                              ^
../Core/Src/ili9488.c:949:23: warning: unused variable 'start' [-Wunused-variable]
  949 |         unsigned long start, t;
      |                       ^~~~~
In file included from ../Core/Inc/main.h:38:
../Core/Inc/Pills.h:13:16: warning: 'numPills' defined but not used [-Wunused-variable]
   13 | static uint8_t numPills;
      |                ^~~~~~~~
In file included from ../Core/Inc/main.h:38:
../Core/Inc/Pills.h:13:16: warning: 'numPills' defined but not used [-Wunused-variable]
   13 | static uint8_t numPills;
      |                ^~~~~~~~
In file included from ../Core/Inc/main.h:38:
../Core/Inc/Pills.h:13:16: warning: 'numPills' defined but not used [-Wunused-variable]
   13 | static uint8_t numPills;
      |                ^~~~~~~~
In file included from ../Core/Inc/main.h:38:
../Core/Inc/Pills.h: At top level:
../Core/Inc/Pills.h:13:16: warning: 'numPills' defined but not used [-Wunused-variable]
   13 | static uint8_t numPills;
      |                ^~~~~~~~
../Core/Src/Screens.c: In function 'authenticate':
../Core/Src/Screens.c:14:12: warning: implicit declaration of function 'drawCharTest'; did you mean 'drawChar'? [-Wimplicit-function-declaration]
   14 |            drawCharTest(130, 55, '1', ILI9488_WHITE,ILI9488_RED, 3);
      |            ^~~~~~~~~~~~
      |            drawChar
../Core/Src/Screens.c: In function 'Dispense':
../Core/Src/Screens.c:213:33: warning: initializer-string for array of 'char' is too long
  213 |         char success_msg [10] = "Dispensing...";
      |                                 ^~~~~~~~~~~~~~~
../Core/Src/ili9488.c: At top level:
../Core/Src/ili9488.c:23:17: warning: 'tftRESET_PIN' defined but not used [-Wunused-variable]
   23 | static uint16_t tftRESET_PIN;
      |                 ^~~~~~~~~~~~
../Core/Src/ili9488.c:22:23: warning: 'tftRESET_GPIO' defined but not used [-Wunused-variable]
   22 | static GPIO_TypeDef  *tftRESET_GPIO;
      |                       ^~~~~~~~~~~~~
In file included from ../Core/Inc/main.h:38:
../Core/Inc/Pills.h:13:16: warning: 'numPills' defined but not used [-Wunused-variable]
   13 | static uint8_t numPills;
      |                ^~~~~~~~
In file included from ../Core/Inc/main.h:38:
../Core/Inc/Pills.h: At top level:
../Core/Inc/Pills.h:13:16: warning: 'numPills' defined but not used [-Wunused-variable]
   13 | static uint8_t numPills;
      |                ^~~~~~~~
arm-none-eabi-gcc "../Core/Src/xpt2046.c" -mcpu=cortex-m4 -std=gnu11 -g3 -DDEBUG -DUSE_HAL_DRIVER -DSTM32L4R5xx -c -I../Core/Inc -I../Drivers/STM32L4xx_HAL_Driver/Inc -I../Drivers/STM32L4xx_HAL_Driver/Inc/Legacy -I../Drivers/CMSIS/Device/ST/STM32L4xx/Include -I../Drivers/CMSIS/Include -O0 -ffunction-sections -fdata-sections -Wall -fstack-usage -fcyclomatic-complexity -MMD -MP -MF"Core/Src/xpt2046.d" -MT"Core/Src/xpt2046.o" --specs=nano.specs -mfpu=fpv4-sp-d16 -mfloat-abi=hard -mthumb -o "Core/Src/xpt2046.o"
In file included from ../Core/Inc/xpt2046.h:4,
                 from ../Core/Src/xpt2046.c:1:
../Core/Inc/main.h:38:19: warning: extra tokens at end of #include directive
   38 | #include "Pills.h";
      |                   ^
In file included from ../Core/Inc/main.h:38:
../Core/Inc/Pills.h:13:16: warning: 'numPills' defined but not used [-Wunused-variable]
   13 | static uint8_t numPills;
      |                ^~~~~~~~
arm-none-eabi-gcc -o "Integration.elf" @"objects.list"   -mcpu=cortex-m4 -T"/Users/zawad/Documents/EECS373/project/Integration/STM32L4R5ZITXP_FLASH.ld" --specs=nosys.specs -Wl,-Map="Integration.map" -Wl,--gc-sections -static --specs=nano.specs -mfpu=fpv4-sp-d16 -mfloat-abi=hard -mthumb -Wl,--start-group -lc -lm -Wl,--end-group
/Applications/STM32CubeIDE.app/Contents/Eclipse/plugins/com.st.stm32cube.ide.mcu.externaltools.gnu-tools-for-stm32.12.3.rel1.macos64_1.0.100.202403111906/tools/bin/../lib/gcc/arm-none-eabi/12.3.1/../../../../arm-none-eabi/bin/ld: warning: Integration.elf has a LOAD segment with RWX permissions
Finished building target: Integration.elf
 
arm-none-eabi-size  Integration.elf 
arm-none-eabi-objdump -h -S Integration.elf  > "Integration.list"
   text	   data	    bss	    dec	    hex	filename
  25704	     24	   3384	  29112	   71b8	Integration.elf
Finished building: default.size.stdout
 
Finished building: Integration.list
 

00:19:11 Build Finished. 0 errors, 26 warnings. (took 1s.0ms)

